Component: ARM Compiler 5.06 update 6 (build 750) Tool: armlink [4d35ed]

==============================================================================

Section Cross References

    startup_stm32f042x6.o(STACK) refers (Special) to heapauxi.o(.text) for __use_two_region_memory
    startup_stm32f042x6.o(HEAP) refers (Special) to heapauxi.o(.text) for __use_two_region_memory
    startup_stm32f042x6.o(RESET) refers (Special) to heapauxi.o(.text) for __use_two_region_memory
    startup_stm32f042x6.o(RESET) refers to startup_stm32f042x6.o(STACK) for __initial_sp
    startup_stm32f042x6.o(RESET) refers to startup_stm32f042x6.o(.text) for Reset_Handler
    startup_stm32f042x6.o(RESET) refers to stm32f0xx_it.o(i.NMI_Handler) for NMI_Handler
    startup_stm32f042x6.o(RESET) refers to stm32f0xx_it.o(i.HardFault_Handler) for HardFault_Handler
    startup_stm32f042x6.o(RESET) refers to stm32f0xx_it.o(i.SVC_Handler) for SVC_Handler
    startup_stm32f042x6.o(RESET) refers to stm32f0xx_it.o(i.PendSV_Handler) for PendSV_Handler
    startup_stm32f042x6.o(RESET) refers to stm32f0xx_it.o(i.SysTick_Handler) for SysTick_Handler
    startup_stm32f042x6.o(RESET) refers to stm32f0xx_it.o(i.EXTI0_1_IRQHandler) for EXTI0_1_IRQHandler
    startup_stm32f042x6.o(RESET) refers to stm32f0xx_it.o(i.EXTI4_15_IRQHandler) for EXTI4_15_IRQHandler
    startup_stm32f042x6.o(.text) refers (Special) to heapauxi.o(.text) for __use_two_region_memory
    startup_stm32f042x6.o(.text) refers to startup_stm32f042x6.o(STACK) for __initial_sp
    startup_stm32f042x6.o(.text) refers to system_stm32f0xx.o(i.SystemInit) for SystemInit
    startup_stm32f042x6.o(.text) refers to __main.o(!!!main) for __main
    startup_stm32f042x6.o(.text) refers to startup_stm32f042x6.o(HEAP) for Heap_Mem
    ssd1306.o(i.ssd1306_DegToRad) refers to f2d.o(.text) for __aeabi_f2d
    ssd1306.o(i.ssd1306_DegToRad) refers to dmul.o(.text) for __aeabi_dmul
    ssd1306.o(i.ssd1306_DegToRad) refers to ddiv.o(.text) for __aeabi_ddiv
    ssd1306.o(i.ssd1306_DegToRad) refers to d2f.o(.text) for __aeabi_d2f
    ssd1306.o(i.ssd1306_DrawArc) refers to ssd1306.o(i.ssd1306_NormalizeTo0_360) for ssd1306_NormalizeTo0_360
    ssd1306.o(i.ssd1306_DrawArc) refers to aeabi_sdiv.o(.text) for __aeabi_uidivmod
    ssd1306.o(i.ssd1306_DrawArc) refers to fflti.o(.text) for __aeabi_ui2f
    ssd1306.o(i.ssd1306_DrawArc) refers to fdiv.o(.text) for __aeabi_fdiv
    ssd1306.o(i.ssd1306_DrawArc) refers to fmul.o(x$fpl$fmul) for __aeabi_fmul
    ssd1306.o(i.ssd1306_DrawArc) refers to ssd1306.o(i.ssd1306_DegToRad) for ssd1306_DegToRad
    ssd1306.o(i.ssd1306_DrawArc) refers to dflti.o(.text) for __aeabi_ui2d
    ssd1306.o(i.ssd1306_DrawArc) refers to f2d.o(.text) for __aeabi_f2d
    ssd1306.o(i.ssd1306_DrawArc) refers to sin.o(i.sin) for sin
    ssd1306.o(i.ssd1306_DrawArc) refers to dmul.o(.text) for __aeabi_dmul
    ssd1306.o(i.ssd1306_DrawArc) refers to dfixi.o(.text) for __aeabi_d2iz
    ssd1306.o(i.ssd1306_DrawArc) refers to cos.o(i.cos) for cos
    ssd1306.o(i.ssd1306_DrawArc) refers to ssd1306.o(i.ssd1306_Line) for ssd1306_Line
    ssd1306.o(i.ssd1306_DrawArcWithRadiusLine) refers to ssd1306.o(i.ssd1306_NormalizeTo0_360) for ssd1306_NormalizeTo0_360
    ssd1306.o(i.ssd1306_DrawArcWithRadiusLine) refers to aeabi_sdiv.o(.text) for __aeabi_uidivmod
    ssd1306.o(i.ssd1306_DrawArcWithRadiusLine) refers to fflti.o(.text) for __aeabi_ui2f
    ssd1306.o(i.ssd1306_DrawArcWithRadiusLine) refers to fdiv.o(.text) for __aeabi_fdiv
    ssd1306.o(i.ssd1306_DrawArcWithRadiusLine) refers to fmul.o(x$fpl$fmul) for __aeabi_fmul
    ssd1306.o(i.ssd1306_DrawArcWithRadiusLine) refers to ssd1306.o(i.ssd1306_DegToRad) for ssd1306_DegToRad
    ssd1306.o(i.ssd1306_DrawArcWithRadiusLine) refers to dflti.o(.text) for __aeabi_ui2d
    ssd1306.o(i.ssd1306_DrawArcWithRadiusLine) refers to f2d.o(.text) for __aeabi_f2d
    ssd1306.o(i.ssd1306_DrawArcWithRadiusLine) refers to sin.o(i.sin) for sin
    ssd1306.o(i.ssd1306_DrawArcWithRadiusLine) refers to dmul.o(.text) for __aeabi_dmul
    ssd1306.o(i.ssd1306_DrawArcWithRadiusLine) refers to dfixi.o(.text) for __aeabi_d2iz
    ssd1306.o(i.ssd1306_DrawArcWithRadiusLine) refers to cos.o(i.cos) for cos
    ssd1306.o(i.ssd1306_DrawArcWithRadiusLine) refers to ssd1306.o(i.ssd1306_Line) for ssd1306_Line
    ssd1306.o(i.ssd1306_DrawBitmap) refers to ssd1306.o(i.ssd1306_DrawPixel) for ssd1306_DrawPixel
    ssd1306.o(i.ssd1306_DrawCircle) refers to ssd1306.o(i.ssd1306_DrawPixel) for ssd1306_DrawPixel
    ssd1306.o(i.ssd1306_DrawPixel) refers to ssd1306.o(.bss) for .bss
    ssd1306.o(i.ssd1306_DrawRectangle) refers to ssd1306.o(i.ssd1306_Line) for ssd1306_Line
    ssd1306.o(i.ssd1306_Fill) refers to ssd1306.o(.bss) for .bss
    ssd1306.o(i.ssd1306_FillBuffer) refers to rt_memcpy.o(.text) for __aeabi_memcpy
    ssd1306.o(i.ssd1306_FillBuffer) refers to ssd1306.o(.bss) for .bss
    ssd1306.o(i.ssd1306_FillCircle) refers to ssd1306.o(i.ssd1306_DrawPixel) for ssd1306_DrawPixel
[...]

Image Symbol Table

    Local Symbols

    Symbol Name                              Value     Ov Type        Size  Object(Section)

    ../Core/Src/main.c                       0x00000000   Number         0  main.o ABSOLUTE
    ../Core/Src/stm32f0xx_hal_msp.c          0x00000000   Number         0  stm32f0xx_hal_msp.o ABSOLUTE
    ../Core/Src/stm32f0xx_it.c               0x00000000   Number         0  stm32f0xx_it.o ABSOLUTE
    ../Core/Src/system_stm32f0xx.c           0x00000000   Number         0  system_stm32f0xx.o ABSOLUTE
    ../Drivers/STM32F0xx_HAL_Driver/Src/stm32f0xx_hal.c 0x00000000   Number         0  stm32f0xx_hal.o ABSOLUTE
    ../Drivers/STM32F0xx_HAL_Driver/Src/stm32f0xx_hal_cortex.c 0x00000000   Number         0  stm32f0xx_hal_cortex.o ABSOLUTE
    ../Drivers/STM32F0xx_HAL_Driver/Src/stm32f0xx_hal_dma.c 0x00000000   Number         0  stm32f0xx_hal_dma.o ABSOLUTE
    ../Drivers/STM32F0xx_HAL_Driver/Src/stm32f0xx_hal_exti.c 0x00000000   Number         0  stm32f0xx_hal_exti.o ABSOLUTE
    ../Drivers/STM32F0xx_HAL_Driver/Src/stm32f0xx_hal_flash.c 0x00000000   Number         0  stm32f0xx_hal_flash.o ABSOLUTE
    ../Drivers/STM32F0xx_HAL_Driver/Src/stm32f0xx_hal_flash_ex.c 0x00000000   Number         0  stm32f0xx_hal_flash_ex.o ABSOLUTE
    ../Drivers/STM32F0xx_HAL_Driver/Src/stm32f0xx_hal_gpio.c 0x00000000   Number         0  stm32f0xx_hal_gpio.o ABSOLUTE
    ../Drivers/STM32F0xx_HAL_Driver/Src/stm32f0xx_hal_i2c.c 0x00000000   Number         0  stm32f0xx_hal_i2c.o ABSOLUTE
    ../Drivers/STM32F0xx_HAL_Driver/Src/stm32f0xx_hal_i2c_ex.c 0x00000000   Number         0  stm32f0xx_hal_i2c_ex.o ABSOLUTE
    ../Drivers/STM32F0xx_HAL_Driver/Src/stm32f0xx_hal_pwr.c 0x00000000   Number         0  stm32f0xx_hal_pwr.o ABSOLUTE
    ../Drivers/STM32F0xx_HAL_Driver/Src/stm32f0xx_hal_pwr_ex.c 0x00000000   Number         0  stm32f0xx_hal_pwr_ex.o ABSOLUTE
    ../Drivers/STM32F0xx_HAL_Driver/Src/stm32f0xx_hal_rcc.c 0x00000000   Number         0  stm32f0xx_hal_rcc.o ABSOLUTE
    ../Drivers/STM32F0xx_HAL_Driver/Src/stm32f0xx_hal_rcc_ex.c 0x00000000   Number         0  stm32f0xx_hal_rcc_ex.o ABSOLUTE
    ../Drivers/STM32F0xx_HAL_Driver/Src/stm32f0xx_hal_spi.c 0x00000000   Number         0  stm32f0xx_hal_spi.o ABSOLUTE
    ../Drivers/STM32F0xx_HAL_Driver/Src/stm32f0xx_hal_spi_ex.c 0x00000000   Number         0  stm32f0xx_hal_spi_ex.o ABSOLUTE
    ../Drivers/STM32F0xx_HAL_Driver/Src/stm32f0xx_hal_tim.c 0x00000000   Number         0  stm32f0xx_hal_tim.o ABSOLUTE
    ../Drivers/STM32F0xx_HAL_Driver/Src/stm32f0xx_hal_tim_ex.c 0x00000000   Number         0  stm32f0xx_hal_tim_ex.o ABSOLUTE
    ../Drivers/STM32F0xx_HAL_Driver/Src/stm32f0xx_hal_uart.c 0x00000000   Number         0  stm32f0xx_hal_uart.o ABSOLUTE
    ../Drivers/STM32F0xx_HAL_Driver/Src/stm32f0xx_hal_uart_ex.c 0x00000000   Number         0  stm32f0xx_hal_uart_ex.o ABSOLUTE
    ../clib/angel/boardlib.s                 0x00000000   Number         0  boardshut.o ABSOLUTE
    ../clib/angel/boardlib.s                 0x00000000   Number         0  boardinit3.o ABSOLUTE
    ../clib/angel/boardlib.s                 0x00000000   Number         0  boardinit2.o ABSOLUTE
    ../clib/angel/boardlib.s                 0x00000000   Number         0  boardinit1.o ABSOLUTE
    ../clib/angel/handlers.s                 0x00000000   Number         0  __scatter_copy.o ABSOLUTE
    ../clib/angel/handlers.s                 0x00000000   Number         0  __scatter_zi.o ABSOLUTE
    ../clib/angel/kernel.s                   0x00000000   Number         0  __rtentry4.o ABSOLUTE
    ../clib/angel/kernel.s                   0x00000000   Number         0  __rtentry.o ABSOLUTE
    ../clib/angel/kernel.s                   0x00000000   Number         0  rtexit.o ABSOLUTE
    ../clib/angel/kernel.s                   0x00000000   Number         0  __rtentry2.o ABSOLUTE
    ../clib/angel/kernel.s                   0x00000000   Number         0  rtexit2.o ABSOLUTE
    ../clib/angel/rt.s                       0x00000000   Number         0  rt_errno_addr_intlibspace.o ABSOLUTE
    ../clib/angel/rt.s                       0x00000000   Number         0  rt_errno_addr.o ABSOLUTE
    ../clib/angel/rt.s                       0x00000000   Number         0  rt_div0.o ABSOLUTE
    ../clib/angel/rt.s                       0x00000000   Number         0  aeabi_ldiv0.o ABSOLUTE
    ../clib/angel/rt.s                       0x00000000   Number         0  rt_heap_descriptor.o ABSOLUTE
    ../clib/angel/rt.s                       0x00000000   Number         0  aeabi_idiv0_sigfpe.o ABSOLUTE
    ../clib/angel/rt.s                       0x00000000   Number         0  aeabi_ldiv0_sigfpe.o ABSOLUTE
    ../clib/angel/rt.s                       0x00000000   Number         0  rt_heap_descriptor_intlibspace.o ABSOLUTE
    ../clib/angel/rt.s                       0x00000000   Number         0  aeabi_idiv0.o ABSOLUTE
    ../clib/angel/rt.s                       0x00000000   Number         0  rt_raise.o ABSOLUTE
    ../clib/angel/scatterp.s                 0x00000000   Number         0  __scatter.o ABSOLUTE
    ../clib/angel/startup.s                  0x00000000   Number         0  __main.o ABSOLUTE
    ../clib/angel/sys.s                      0x00000000   Number         0  indicate_semi.o ABSOLUTE
    ../clib/angel/sys.s                      0x00000000   Number         0  use_no_semi.o ABSOLUTE
    ../clib/angel/sys.s                      0x00000000   Number         0  tempstk.o ABSOLUTE
    ../clib/angel/sys.s                      0x00000000   Number         0  libspace.o ABSOLUTE
    ../clib/angel/sys.s                      0x00000000   Number         0  mutex_dummy.o ABSOLUTE
    ../clib/angel/sys.s                      0x00000000   Number         0  sys_stackheap_outer.o ABSOLUTE
    ../clib/angel/sysapp.c                   0x00000000   Number         0  sys_command.o ABSOLUTE
    ../clib/angel/sysapp.c                   0x00000000   Number         0  sys_exit.o ABSOLUTE
    ../clib/armsys.c                         0x00000000   Number         0  argv_veneer.o ABSOLUTE
    ../clib/armsys.c                         0x00000000   Number         0  no_argv.o ABSOLUTE
    ../clib/armsys.c                         0x00000000   Number         0  _get_argv.o ABSOLUTE
    ../clib/armsys.c                         0x00000000   Number         0  _get_argv_nomalloc.o ABSOLUTE
    ../clib/division.c                       0x00000000   Number         0  rtudiv10.o ABSOLUTE
    ../clib/division.c                       0x00000000   Number         0  lludiv.o ABSOLUTE
    ../clib/division.s                       0x00000000   Number         0  aeabi_sdiv_div0.o ABSOLUTE
    ../clib/division.s                       0x00000000   Number         0  aeabi_sdiv.o ABSOLUTE
    ../clib/fenv.c                           0x00000000   Number         0  _rserrno.o ABSOLUTE
    ../clib/heap1.c                          0x00000000   Number         0  h1_extend.o ABSOLUTE
    ../clib/heap1.c                          0x00000000   Number         0  h1_final.o ABSOLUTE
    ../clib/heap1.c                          0x00000000   Number         0  h1_alloc.o ABSOLUTE
    ../clib/heap1.c                          0x00000000   Number         0  h1_extend_mt.o ABSOLUTE
    ../clib/heap1.c                          0x00000000   Number         0  h1_init.o ABSOLUTE
    ../clib/heap1.c                          0x00000000   Number         0  h1_alloc_mt.o ABSOLUTE
    ../clib/heap1.c                          0x00000000   Number         0  h1_init_mt.o ABSOLUTE
    ../clib/heap1.c                          0x00000000   Number         0  h1_free_mt.o ABSOLUTE
    ../clib/heap1.c                          0x00000000   Number         0  h1_free.o ABSOLUTE
    ../clib/heap1.c                          0x00000000   Number         0  h1_final_mt.o ABSOLUTE
    ../clib/heap2.c                          0x00000000   Number         0  heap2mt.o ABSOLUTE
    ../clib/heap2.c                          0x00000000   Number         0  fdtree.o ABSOLUTE
    ../clib/heap2.c                          0x00000000   Number         0  heap2.o ABSOLUTE
    ../clib/heapalloc.c                      0x00000000   Number         0  maybetermalloc1.o ABSOLUTE
    ../clib/heapalloc.c                      0x00000000   Number         0  init_alloc.o ABSOLUTE
    ../clib/heapalloc.c                      0x00000000   Number         0  hrguard.o ABSOLUTE
    ../clib/heapalloc.c                      0x00000000   Number         0  term_alloc.o ABSOLUTE
    ../clib/heapalloc.c                      0x00000000   Number         0  malloc.o ABSOLUTE
    ../clib/heapalloc.c                      0x00000000   Number         0  heapstubs.o ABSOLUTE
    ../clib/heapalloc.c                      0x00000000   Number         0  maybetermalloc1.o ABSOLUTE
    ../clib/heapalloc.c                      0x00000000   Number         0  maybetermalloc2.o ABSOLUTE
    ../clib/heapalloc.c                      0x00000000   Number         0  maybetermalloc2.o ABSOLUTE
    ../clib/heapalloc.c                      0x00000000   Number         0  hguard.o ABSOLUTE
    ../clib/heapalloc.c                      0x00000000   Number         0  free.o ABSOLUTE
    ../clib/heapaux.c                        0x00000000   Number         0  heapauxa.o ABSOLUTE
    ../clib/heapaux.c                        0x00000000   Number         0  heapauxi.o ABSOLUTE
    ../clib/libinit.s                        0x00000000   Number         0  libinit2.o ABSOLUTE
    ../clib/libinit.s                        0x00000000   Number         0  libinit.o ABSOLUTE
    ../clib/libinit.s                        0x00000000   Number         0  libshutdown.o ABSOLUTE
    ../clib/libinit.s                        0x00000000   Number         0  libshutdown2.o ABSOLUTE
    ../clib/longlong.c                       0x00000000   Number         0  llushr.o ABSOLUTE
    ../clib/memcpset.c                       0x00000000   Number         0  rt_memcpy.o ABSOLUTE
    ../clib/memcpset.c                       0x00000000   Number         0  rt_memclr.o ABSOLUTE
    ../clib/memcpset.c                       0x00000000   Number         0  rt_memcpy.o ABSOLUTE
    ../clib/printf.c                         0x00000000   Number         0  __printf_nopercent.o ABSOLUTE
    ../clib/printf.c                         0x00000000   Number         0  __printf.o ABSOLUTE
    ../clib/printf.c                         0x00000000   Number         0  _printf_char_file.o ABSOLUTE
    ../clib/printf.c                         0x00000000   Number         0  _printf_intcommon.o ABSOLUTE
    ../clib/printf.c                         0x00000000   Number         0  __printf_flags_ss_wp.o ABSOLUTE
    ../clib/printf.c                         0x00000000   Number         0  __printf_flags_wp.o ABSOLUTE
    ../clib/printf.c                         0x00000000   Number         0  __printf_flags_ss.o ABSOLUTE
    ../clib/printf.c                         0x00000000   Number         0  __printf_wp.o ABSOLUTE
    ../clib/printf.c                         0x00000000   Number         0  __printf_ss.o ABSOLUTE
    ../clib/printf.c                         0x00000000   Number         0  noretval__2printf.o ABSOLUTE
    ../clib/printf.c                         0x00000000   Number         0  __printf_flags.o ABSOLUTE
    ../clib/printf.c                         0x00000000   Number         0  _printf_char_common.o ABSOLUTE
    ../clib/printf.c                         0x00000000   Number         0  __printf_ss_wp.o ABSOLUTE
    ../clib/printf.c                         0x00000000   Number         0  __2printf.o ABSOLUTE
    ../clib/printf.c                         0x00000000   Number         0  _printf_dec.o ABSOLUTE
    ../clib/printf_percent.s                 0x00000000   Number         0  _printf_percent.o ABSOLUTE
    ../clib/printf_percent.s                 0x00000000   Number         0  _printf_d.o ABSOLUTE
    ../clib/printf_percent.s                 0x00000000   Number         0  _printf_percent_end.o ABSOLUTE
    ../clib/signal.c                         0x00000000   Number         0  defsig_rtmem_inner.o ABSOLUTE
    ../clib/signal.c                         0x00000000   Number         0  defsig_fpe_inner.o ABSOLUTE
    ../clib/signal.c                         0x00000000   Number         0  defsig_exit.o ABSOLUTE
    ../clib/signal.c                         0x00000000   Number         0  defsig_fpe_outer.o ABSOLUTE
    ../clib/signal.c                         0x00000000   Number         0  defsig_rtred_inner.o ABSOLUTE
    ../clib/signal.c                         0x00000000   Number         0  defsig_rtmem_formal.o ABSOLUTE
    ../clib/signal.c                         0x00000000   Number         0  defsig_abrt_inner.o ABSOLUTE
    ../clib/signal.c                         0x00000000   Number         0  defsig_stak_inner.o ABSOLUTE
    ../clib/signal.c                         0x00000000   Number         0  defsig_pvfn_inner.o ABSOLUTE
    ../clib/signal.c                         0x00000000   Number         0  defsig_cppl_inner.o ABSOLUTE
    ../clib/signal.c                         0x00000000   Number         0  defsig_fpe_formal.o ABSOLUTE
    ../clib/signal.c                         0x00000000   Number         0  defsig_segv_inner.o ABSOLUTE
    ../clib/signal.c                         0x00000000   Number         0  defsig_other.o ABSOLUTE
    ../clib/signal.c                         0x00000000   Number         0  defsig_general.o ABSOLUTE
    ../clib/signal.c                         0x00000000   Number         0  defsig_rtmem_outer.o ABSOLUTE
    ../clib/signal.c                         0x00000000   Number         0  defsig_rtred_outer.o ABSOLUTE
    ../clib/signal.c                         0x00000000   Number         0  defsig_rtred_formal.o ABSOLUTE
    ../clib/signal.c                         0x00000000   Number         0  __raise.o ABSOLUTE
    ../clib/signal.s                         0x00000000   Number         0  defsig.o ABSOLUTE
    ../clib/stdio.c                          0x00000000   Number         0  stdio_streams.o ABSOLUTE
    ../clib/stdio.c                          0x00000000   Number         0  setvbuf_locked.o ABSOLUTE
    ../clib/stdio.c                          0x00000000   Number         0  fopen.o ABSOLUTE
    ../clib/stdio.c                          0x00000000   Number         0  streamlock.o ABSOLUTE
    ../clib/stdio.c                          0x00000000   Number         0  initio_locked.o ABSOLUTE
    ../clib/stdio.c                          0x00000000   Number         0  stdio.o ABSOLUTE
    ../clib/stdio.c                          0x00000000   Number         0  setvbuf.o ABSOLUTE
    ../clib/stdio.c                          0x00000000   Number         0  fclose.o ABSOLUTE
    ../clib/stdio.c                          0x00000000   Number         0  ferror.o ABSOLUTE
    ../clib/stdio.c                          0x00000000   Number         0  fseek.o ABSOLUTE
    ../clib/stdio.c                          0x00000000   Number         0  ferror_locked.o ABSOLUTE
    ../clib/stdio.c                          0x00000000   Number         0  ftell.o ABSOLUTE
    ../clib/stdio.c                          0x00000000   Number         0  fopen_locked.o ABSOLUTE
    ../clib/stdio.c                          0x00000000   Number         0  initio.o ABSOLUTE
    ../clib/stdlib.c                         0x00000000   Number         0  exit.o ABSOLUTE
    ../clib/string.c                         0x00000000   Number         0  strcmp.o ABSOLUTE
    ../fplib/cfplib/d2f.c                    0x00000000   Number         0  d2f.o ABSOLUTE
    ../fplib/cfplib/daddsub.c                0x00000000   Number         0  daddsub.o ABSOLUTE
    ../fplib/cfplib/ddiv.c                   0x00000000   Number         0  ddiv.o ABSOLUTE
    ../fplib/cfplib/dmul.c                   0x00000000   Number         0  dmul.o ABSOLUTE
    ../fplib/cfplib/f2d.c                    0x00000000   Number         0  f2d.o ABSOLUTE
    ../fplib/cfplib/fdiv.c                   0x00000000   Number         0  fdiv.o ABSOLUTE
    ../fplib/cfplib/ffix.c                   0x00000000   Number         0  dfixi.o ABSOLUTE
    ../fplib/cfplib/fflt.c                   0x00000000   Number         0  dflti.o ABSOLUTE
    ../fplib/cfplib/fflt.c                   0x00000000   Number         0  fflti.o ABSOLUTE
    ../fplib/cfplib/fpinit.c                 0x00000000   Number         0  fpinit.o ABSOLUTE
    ../fplib/cfplib/scalbn.c                 0x00000000   Number         0  dscalbn.o ABSOLUTE
    ../fplib/fmul6m.s                        0x00000000   Number         0  fmul.o ABSOLUTE
    ../fplib/usenofp.s                       0x00000000   Number         0  usenofp.o ABSOLUTE
    ../mathlib/cos.c                         0x00000000   Number         0  cos.o ABSOLUTE
    ../mathlib/cos.c                         0x00000000   Number         0  cos_x.o ABSOLUTE
    ../mathlib/cos_i.c                       0x00000000   Number         0  cos_i.o ABSOLUTE
    ../mathlib/dunder.c                      0x00000000   Number         0  dunder.o ABSOLUTE
    ../mathlib/fpclassify.c                  0x00000000   Number         0  fpclassify.o ABSOLUTE
    ../mathlib/poly.c                        0x00000000   Number         0  poly.o ABSOLUTE
    ../mathlib/rred.c                        0x00000000   Number         0  rred.o ABSOLUTE
    ../mathlib/sin.c                         0x00000000   Number         0  sin.o ABSOLUTE
    ../mathlib/sin.c                         0x00000000   Number         0  sin_x.o ABSOLUTE
    ../mathlib/sin_i.c                       0x00000000   Number         0  sin_i_x.o ABSOLUTE
    ../mathlib/sin_i.c                       0x00000000   Number         0  sin_i.o ABSOLUTE
    ..\Core\Src\main.c                       0x00000000   Number         0  main.o ABSOLUTE
    ..\Core\Src\ssd1306.c                    0x00000000   Number         0  ssd1306.o ABSOLUTE
    ..\Core\Src\ssd1306_fonts.c              0x00000000   Number         0  ssd1306_fonts.o ABSOLUTE
    ..\Core\Src\stm32f0xx_hal_msp.c          0x00000000   Number         0  stm32f0xx_hal_msp.o ABSOLUTE
    ..\Core\Src\stm32f0xx_it.c               0x00000000   Number         0  stm32f0xx_it.o ABSOLUTE
    ..\Core\Src\system_stm32f0xx.c           0x00000000   Number         0  system_stm32f0xx.o ABSOLUTE
    ..\Drivers\STM32F0xx_HAL_Driver\Src\stm32f0xx_hal.c 0x00000000   Number         0  stm32f0xx_hal.o ABSOLUTE
    ..\Drivers\STM32F0xx_HAL_Driver\Src\stm32f0xx_hal_cortex.c 0x00000000   Number         0  stm32f0xx_hal_cortex.o ABSOLUTE
    ..\Drivers\STM32F0xx_HAL_Driver\Src\stm32f0xx_hal_dma.c 0x00000000   Number         0  stm32f0xx_hal_dma.o ABSOLUTE
    ..\Drivers\STM32F0xx_HAL_Driver\Src\stm32f0xx_hal_exti.c 0x00000000   Number         0  stm32f0xx_hal_exti.o ABSOLUTE
    ..\Drivers\STM32F0xx_HAL_Driver\Src\stm32f0xx_hal_flash.c 0x00000000   Number         0  stm32f0xx_hal_flash.o ABSOLUTE
    ..\Drivers\STM32F0xx_HAL_Driver\Src\stm32f0xx_hal_flash_ex.c 0x00000000   Number         0  stm32f0xx_hal_flash_ex.o ABSOLUTE
    ..\Drivers\STM32F0xx_HAL_Driver\Src\stm32f0xx_hal_gpio.c 0x00000000   Number         0  stm32f0xx_hal_gpio.o ABSOLUTE
    ..\Drivers\STM32F0xx_HAL_Driver\Src\stm32f0xx_hal_i2c.c 0x00000000   Number         0  stm32f0xx_hal_i2c.o ABSOLUTE
    ..\Drivers\STM32F0xx_HAL_Driver\Src\stm32f0xx_hal_i2c_ex.c 0x00000000   Number         0  stm32f0xx_hal_i2c_ex.o ABSOLUTE
    ..\Drivers\STM32F0xx_HAL_Driver\Src\stm32f0xx_hal_pwr.c 0x00000000   Number         0  stm32f0xx_hal_pwr.o ABSOLUTE
    ..\Drivers\STM32F0xx_HAL_Driver\Src\stm32f0xx_hal_pwr_ex.c 0x00000000   Number         0  stm32f0xx_hal_pwr_ex.o ABSOLUTE
    ..\Drivers\STM32F0xx_HAL_Driver\Src\stm32f0xx_hal_rcc.c 0x00000000   Number         0  stm32f0xx_hal_rcc.o ABSOLUTE
    ..\Drivers\STM32F0xx_HAL_Driver\Src\stm32f0xx_hal_rcc_ex.c 0x00000000   Number         0  stm32f0xx_hal_rcc_ex.o ABSOLUTE
    ..\Drivers\STM32F0xx_HAL_Driver\Src\stm32f0xx_hal_spi.c 0x00000000   Number         0  stm32f0xx_hal_spi.o ABSOLUTE
    ..\Drivers\STM32F0xx_HAL_Driver\Src\stm32f0xx_hal_spi_ex.c 0x00000000   Number         0  stm32f0xx_hal_spi_ex.o ABSOLUTE
    ..\Drivers\STM32F0xx_HAL_Driver\Src\stm32f0xx_hal_tim.c 0x00000000   Number         0  stm32f0xx_hal_tim.o ABSOLUTE
    ..\Drivers\STM32F0xx_HAL_Driver\Src\stm32f0xx_hal_tim_ex.c 0x00000000   Number         0  stm32f0xx_hal_tim_ex.o ABSOLUTE
    ..\Drivers\STM32F0xx_HAL_Driver\Src\stm32f0xx_hal_uart.c 0x00000000   Number         0  stm32f0xx_hal_uart.o ABSOLUTE
    ..\Drivers\STM32F0xx_HAL_Driver\Src\stm32f0xx_hal_uart_ex.c 0x00000000   Number         0  stm32f0xx_hal_uart_ex.o ABSOLUTE
    ..\\Core\\Src\\ssd1306.c                 0x00000000   Number         0  ssd1306.o ABSOLUTE
    C:\Users\allen\AppData\Local\Arm\Packs\Keil\ARM_Compiler\1.6.2\Source\retarget_io.c 0x00000000   Number         0  retarget_io.o ABSOLUTE
    dc.s                                     0x00000000   Number         0  dc.o ABSOLUTE
    startup_stm32f042x6.s                    0x00000000   Number         0  startup_stm32f042x6.o ABSOLUTE
    RESET                                    0x08000000   Section      192  startup_stm32f042x6.o(RESET)
    !!!main                                  0x080000c0   Section        8  __main.o(!!!main)
    !!!scatter                               0x080000c8   Section       60  __scatter.o(!!!scatter)
    !!handler_copy                           0x08000104   Section       26  __scatter_copy.o(!!handler_copy)
    !!handler_zi                             0x08000120   Section       28  __scatter_zi.o(!!handler_zi)
    .ARM.Collect$$_printf_percent$$00000000  0x0800013c   Section        2  _printf_percent.o(.ARM.Collect$$_printf_percent$$00000000)
    .ARM.Collect$$_printf_percent$$00000009  0x0800013e   Section       10  _printf_d.o(.ARM.Collect$$_printf_percent$$00000009)
    .ARM.Collect$$_printf_percent$$00000017  0x08000148   Section        4  _printf_percent_end.o(.ARM.Collect$$_printf_percent$$00000017)
    .ARM.Collect$$libinit$$00000000          0x0800014c   Section        2  libinit.o(.ARM.Collect$$libinit$$00000000)
    .ARM.Collect$$libinit$$00000002          0x0800014e   Section        0  libinit2.o(.ARM.Collect$$libinit$$00000002)
    .ARM.Collect$$libinit$$00000004          0x0800014e   Section        0  libinit2.o(.ARM.Collect$$libinit$$00000004)
    .ARM.Collect$$libinit$$00000005          0x0800014e   Section        8  libinit2.o(.ARM.Collect$$libinit$$00000005)
    .ARM.Collect$$libinit$$0000000A          0x08000156   Section        0  libinit2.o(.ARM.Collect$$libinit$$0000000A)
    .ARM.Collect$$libinit$$0000000C          0x08000156   Section        0  libinit2.o(.ARM.Collect$$libinit$$0000000C)
    .ARM.Collect$$libinit$$0000000E          0x08000156   Section        0  libinit2.o(.ARM.Collect$$libinit$$0000000E)
    .ARM.Collect$$libinit$$00000011          0x08000156   Section        0  libinit2.o(.ARM.Collect$$libinit$$00000011)
    .ARM.Collect$$libinit$$00000013          0x08000156   Section        0  libinit2.o(.ARM.Collect$$libinit$$00000013)
    .ARM.Collect$$libinit$$00000015          0x08000156   Section        0  libinit2.o(.ARM.Collect$$libinit$$00000015)
    .ARM.Collect$$libinit$$00000017          0x08000156   Section        0  libinit2.o(.ARM.Collect$$libinit$$00000017)
    .ARM.Collect$$libinit$$00000019          0x08000156   Section        0  libinit2.o(.ARM.Collect$$libinit$$00000019)
    .ARM.Collect$$libinit$$0000001B          0x08000156   Section        0  libinit2.o(.ARM.Collect$$libinit$$0000001B)
    .ARM.Collect$$libinit$$0000001D          0x08000156   Section        0  libinit2.o(.ARM.Collect$$libinit$$0000001D)
    .ARM.Collect$$libinit$$0000001F          0x08000156   Section        0  libinit2.o(.ARM.Collect$$libinit$$0000001F)
    .ARM.Collect$$libinit$$00000021          0x08000156   Section        0  libinit2.o(.ARM.Collect$$libinit$$00000021)
    .ARM.Collect$$libinit$$00000023          0x08000156   Section        0  libinit2.o(.ARM.Collect$$libinit$$00000023)
    .ARM.Collect$$libinit$$00000024          0x08000156   Section        4  libinit2.o(.ARM.Collect$$libinit$$00000024)
    .ARM.Collect$$libinit$$00000025          0x0800015a   Section        0  libinit2.o(.ARM.Collect$$libinit$$00000025)
    .ARM.Collect$$libinit$$0000002C          0x0800015a   Section        0  libinit2.o(.ARM.Collect$$libinit$$0000002C)
    .ARM.Collect$$libinit$$0000002E          0x0800015a   Section        0  libinit2.o(.ARM.Collect$$libinit$$0000002E)
    .ARM.Collect$$libinit$$00000030          0x0800015a   Section        0  libinit2.o(.ARM.Collect$$libinit$$00000030)
    .ARM.Collect$$libinit$$00000032          0x0800015a   Section        0  libinit2.o(.ARM.Collect$$libinit$$00000032)
    .ARM.Collect$$libinit$$00000033          0x0800015a   Section        2  libinit2.o(.ARM.Collect$$libinit$$00000033)
    .ARM.Collect$$libshutdown$$00000000      0x0800015c   Section        2  libshutdown.o(.ARM.Collect$$libshutdown$$00000000)
    .ARM.Collect$$libshutdown$$00000002      0x0800015e   Section        0  libshutdown2.o(.ARM.Collect$$libshutdown$$00000002)
    .ARM.Collect$$libshutdown$$00000003      0x0800015e   Section        4  libshutdown2.o(.ARM.Collect$$libshutdown$$00000003)
    .ARM.Collect$$libshutdown$$00000004      0x08000162   Section        0  libshutdown2.o(.ARM.Collect$$libshutdown$$00000004)
    .ARM.Collect$$libshutdown$$00000007      0x08000162   Section        0  libshutdown2.o(.ARM.Collect$$libshutdown$$00000007)
    .ARM.Collect$$libshutdown$$0000000A      0x08000162   Section        0  libshutdown2.o(.ARM.Collect$$libshutdown$$0000000A)
    .ARM.Collect$$libshutdown$$0000000C      0x08000162   Section        0  libshutdown2.o(.ARM.Collect$$libshutdown$$0000000C)
    .ARM.Collect$$libshutdown$$0000000F      0x08000162   Section        0  libshutdown2.o(.ARM.Collect$$libshutdown$$0000000F)
    .ARM.Collect$$libshutdown$$00000010      0x08000162   Section        2  libshutdown2.o(.ARM.Collect$$libshutdown$$00000010)
    .ARM.Collect$$rtentry$$00000000          0x08000164   Section        0  __rtentry.o(.ARM.Collect$$rtentry$$00000000)
    .ARM.Collect$$rtentry$$00000002          0x08000164   Section        0  __rtentry2.o(.ARM.Collect$$rtentry$$00000002)
    .ARM.Collect$$rtentry$$00000004          0x08000164   Section        6  __rtentry4.o(.ARM.Collect$$rtentry$$00000004)
    .ARM.Collect$$rtentry$$00000009          0x0800016a   Section        0  __rtentry2.o(.ARM.Collect$$rtentry$$00000009)
    .ARM.Collect$$rtentry$$0000000A          0x0800016a   Section        4  __rtentry2.o(.ARM.Collect$$rtentry$$0000000A)
    .ARM.Collect$$rtentry$$0000000C          0x0800016e   Section        0  __rtentry2.o(.ARM.Collect$$rtentry$$0000000C)
    .ARM.Collect$$rtentry$$0000000D          0x0800016e   Section        8  __rtentry2.o(.ARM.Collect$$rtentry$$0000000D)
    .ARM.Collect$$rtexit$$00000000           0x08000176   Section        2  rtexit.o(.ARM.Collect$$rtexit$$00000000)
    .ARM.Collect$$rtexit$$00000002           0x08000178   Section        0  rtexit2.o(.ARM.Collect$$rtexit$$00000002)
    .ARM.Collect$$rtexit$$00000003           0x08000178   Section        4  rtexit2.o(.ARM.Collect$$rtexit$$00000003)
    .ARM.Collect$$rtexit$$00000004           0x0800017c   Section        6  rtexit2.o(.ARM.Collect$$rtexit$$00000004)
    .emb_text                                0x08000184   Section        0  maybetermalloc1.o(.emb_text)
    .text                                    0x08000184   Section      116  startup_stm32f042x6.o(.text)
    .text                                    0x080001f8   Section        0  lludiv.o(.text)
    .text                                    0x080002fc   Section        0  noretval__2printf.o(.text)
    .text                                    0x08000318   Section        0  __printf.o(.text)
    .text                                    0x08000384   Section        0  _printf_dec.o(.text)
    .text                                    0x080003f0   Section        0  rt_memclr.o(.text)
    .text                                    0x08000430   Section        0  strcmp.o(.text)
    .text                                    0x080004b8   Section      346  aeabi_sdiv.o(.text)
    .text                                    0x08000612   Section        0  heapauxi.o(.text)
    .text                                    0x08000618   Section        0  _printf_intcommon.o(.text)
    .text                                    0x080006c8   Section        0  _printf_char_file.o(.text)
    .text                                    0x080006f0   Section        0  rtudiv10.o(.text)
    .text                                    0x08000718   Section        8  rt_errno_addr_intlibspace.o(.text)
    .text                                    0x08000720   Section        0  _printf_char_common.o(.text)
    _printf_input_char                       0x08000721   Thumb Code    10  _printf_char_common.o(.text)
    .text                                    0x08000750   Section        0  ferror.o(.text)
    .text                                    0x08000758   Section        0  initio.o(.text)
    .text                                    0x08000894   Section        8  libspace.o(.text)
    .text                                    0x0800089c   Section       62  sys_stackheap_outer.o(.text)
    .text                                    0x080008da   Section        0  h1_free.o(.text)
    .text                                    0x08000928   Section        0  setvbuf.o(.text)
    .text                                    0x08000974   Section        0  fopen.o(.text)
    _freopen_locked                          0x08000975   Thumb Code     0  fopen.o(.text)
    .text                                    0x08000a5c   Section        0  fclose.o(.text)
    .text                                    0x08000aa8   Section        0  exit.o(.text)
    .text                                    0x08000ab8   Section        0  defsig_rtred_outer.o(.text)
    .text                                    0x08000ac4   Section        8  rt_heap_descriptor_intlibspace.o(.text)
    .text                                    0x08000acc   Section        0  hguard.o(.text)
    .text                                    0x08000ad0   Section        0  init_alloc.o(.text)
    .text                                    0x08000b58   Section        0  h1_alloc.o(.text)
    .text                                    0x08000bbc   Section        0  fseek.o(.text)
    .text                                    0x08000cb0   Section        0  stdio.o(.text)
    .text                                    0x08000da0   Section        0  defsig_exit.o(.text)
    .text                                    0x08000dac   Section        0  defsig_rtred_inner.o(.text)
    .text                                    0x08000de0   Section        0  sys_exit.o(.text)
    .text                                    0x08000dec   Section        0  h1_init.o(.text)
    .text                                    0x08000dfa   Section        0  h1_extend.o(.text)
    .text                                    0x08000e2e   Section        0  ftell.o(.text)
    .text                                    0x08000e70   Section        0  defsig_general.o(.text)
    .text                                    0x08000ea4   Section        0  defsig_rtmem_outer.o(.text)
    .text                                    0x08000eb0   Section        2  use_no_semi.o(.text)
    .text                                    0x08000eb2   Section        0  indicate_semi.o(.text)
    .text                                    0x08000eb4   Section        0  defsig_rtmem_inner.o(.text)
    i.EXTI0_1_IRQHandler                     0x08000f04   Section        0  stm32f0xx_it.o(i.EXTI0_1_IRQHandler)
    i.EXTI4_15_IRQHandler                    0x08000f14   Section        0  stm32f0xx_it.o(i.EXTI4_15_IRQHandler)
    i.HAL_Delay                              0x08000f20   Section        0  stm32f0xx_hal.o(i.HAL_Delay)
    i.HAL_GPIO_EXTI_Callback                 0x08000f44   Section        0  main.o(i.HAL_GPIO_EXTI_Callback)
    i.HAL_GPIO_EXTI_IRQHandler               0x08000f5c   Section        0  stm32f0xx_hal_gpio.o(i.HAL_GPIO_EXTI_IRQHandler)
    i.HAL_GPIO_Init                          0x08000f74   Section        0  stm32f0xx_hal_gpio.o(i.HAL_GPIO_Init)
    i.HAL_GPIO_TogglePin                     0x0800110c   Section        0  stm32f0xx_hal_gpio.o(i.HAL_GPIO_TogglePin)
    i.HAL_GPIO_WritePin                      0x0800111c   Section        0  stm32f0xx_hal_gpio.o(i.HAL_GPIO_WritePin)
    i.HAL_GetTick                            0x08001128   Section        0  stm32f0xx_hal.o(i.HAL_GetTick)
    i.HAL_HalfDuplex_Init                    0x08001134   Section        0  stm32f0xx_hal_uart.o(i.HAL_HalfDuplex_Init)
    i.HAL_IncTick                            0x080011a8   Section        0  stm32f0xx_hal.o(i.HAL_IncTick)
    i.HAL_Init                               0x080011b8   Section        0  stm32f0xx_hal.o(i.HAL_Init)
    i.HAL_InitTick                           0x080011d8   Section        0  stm32f0xx_hal.o(i.HAL_InitTick)
    i.HAL_MspInit                            0x0800121c   Section        0  stm32f0xx_hal_msp.o(i.HAL_MspInit)
    i.HAL_NVIC_EnableIRQ                     0x08001250   Section        0  stm32f0xx_hal_cortex.o(i.HAL_NVIC_EnableIRQ)
    i.HAL_NVIC_SetPriority                   0x08001268   Section        0  stm32f0xx_hal_cortex.o(i.HAL_NVIC_SetPriority)
    i.HAL_RCC_ClockConfig                    0x08001270   Section        0  stm32f0xx_hal_rcc.o(i.HAL_RCC_ClockConfig)
    i.HAL_RCC_GetPCLK1Freq                   0x08001380   Section        0  stm32f0xx_hal_rcc.o(i.HAL_RCC_GetPCLK1Freq)
    i.HAL_RCC_GetSysClockFreq                0x080013a0   Section        0  stm32f0xx_hal_rcc.o(i.HAL_RCC_GetSysClockFreq)
    i.HAL_RCC_OscConfig                      0x08001408   Section        0  stm32f0xx_hal_rcc.o(i.HAL_RCC_OscConfig)
    i.HAL_SPI_Init                           0x0800180c   Section        0  stm32f0xx_hal_spi.o(i.HAL_SPI_Init)
    i.HAL_SPI_MspInit                        0x080018fc   Section        0  stm32f0xx_hal_msp.o(i.HAL_SPI_MspInit)
    i.HAL_SYSTICK_Config                     0x08001958   Section        0  stm32f0xx_hal_cortex.o(i.HAL_SYSTICK_Config)
    i.HAL_UART_MspInit                       0x08001988   Section        0  stm32f0xx_hal_msp.o(i.HAL_UART_MspInit)
    i.HAL_UART_Transmit                      0x080019e4   Section        0  stm32f0xx_hal_uart.o(i.HAL_UART_Transmit)
    i.HardFault_Handler                      0x08001aa4   Section        0  stm32f0xx_it.o(i.HardFault_Handler)
    i.MX_GPIO_Init                           0x08001aa8   Section        0  main.o(i.MX_GPIO_Init)
    MX_GPIO_Init                             0x08001aa9   Thumb Code   228  main.o(i.MX_GPIO_Init)
    i.MX_SPI1_Init                           0x08001b98   Section        0  main.o(i.MX_SPI1_Init)
    MX_SPI1_Init                             0x08001b99   Thumb Code    68  main.o(i.MX_SPI1_Init)
    i.MX_USART2_UART_Init                    0x08001be4   Section        0  main.o(i.MX_USART2_UART_Init)
    MX_USART2_UART_Init                      0x08001be5   Thumb Code    48  main.o(i.MX_USART2_UART_Init)
    i.NMI_Handler                            0x08001c1c   Section        0  stm32f0xx_it.o(i.NMI_Handler)
    i.PendSV_Handler                         0x08001c1e   Section        0  stm32f0xx_it.o(i.PendSV_Handler)
    i.SVC_Handler                            0x08001c20   Section        0  stm32f0xx_it.o(i.SVC_Handler)
    i.SysTick_Handler                        0x08001c22   Section        0  stm32f0xx_it.o(i.SysTick_Handler)
    i.SystemClock_Config                     0x08001c2a   Section        0  main.o(i.SystemClock_Config)
    i.SystemInit                             0x08001c78   Section        0  system_stm32f0xx.o(i.SystemInit)
    i.UART_AdvFeatureConfig                  0x08001c7a   Section        0  stm32f0xx_hal_uart.o(i.UART_AdvFeatureConfig)
    i.UART_CheckIdleState                    0x08001d44   Section        0  stm32f0xx_hal_uart.o(i.UART_CheckIdleState)
    i.UART_EndRxTransfer                     0x08001e08   Section        0  stm32f0xx_hal_uart.o(i.UART_EndRxTransfer)
    UART_EndRxTransfer                       0x08001e09   Thumb Code    96  stm32f0xx_hal_uart.o(i.UART_EndRxTransfer)
    i.UART_SetConfig                         0x08001e68   Section        0  stm32f0xx_hal_uart.o(i.UART_SetConfig)
    i.UART_WaitOnFlagUntilTimeout            0x08001f98   Section        0  stm32f0xx_hal_uart.o(i.UART_WaitOnFlagUntilTimeout)
    i.__ARM_common_ll_muluu                  0x08002022   Section        0  stm32f0xx_hal_rcc.o(i.__ARM_common_ll_muluu)
    i.__NVIC_SetPriority                     0x08002054   Section        0  stm32f0xx_hal_cortex.o(i.__NVIC_SetPriority)
    __NVIC_SetPriority                       0x08002055   Thumb Code    60  stm32f0xx_hal_cortex.o(i.__NVIC_SetPriority)
    i._sys_close                             0x08002098   Section        0  retarget_io.o(i._sys_close)
    i._sys_flen                              0x080020b4   Section        0  retarget_io.o(i._sys_flen)
    i._sys_istty                             0x080020c4   Section        0  retarget_io.o(i._sys_istty)
    i._sys_open                              0x080020e0   Section        0  retarget_io.o(i._sys_open)
    i._sys_seek                              0x08002148   Section        0  retarget_io.o(i._sys_seek)
    i._sys_write                             0x08002150   Section        0  retarget_io.o(i._sys_write)
    i._ttywrch                               0x08002190   Section        0  retarget_io.o(i._ttywrch)
    i.fputc                                  0x08002198   Section        0  main.o(i.fputc)
    i.main                                   0x080021b0   Section        0  main.o(i.main)
    i.stdout_putchar                         0x08002214   Section        0  main.o(i.stdout_putchar)
    i.ttywrch                                0x08002218   Section        0  main.o(i.ttywrch)
    .constdata                               0x0800221a   Section       32  stm32f0xx_hal_rcc.o(.constdata)
    aPLLMULFactorTable                       0x0800221a   Data          16  stm32f0xx_hal_rcc.o(.constdata)
    aPredivFactorTable                       0x0800222a   Data          16  stm32f0xx_hal_rcc.o(.constdata)
    .constdata                               0x0800223a   Section       16  system_stm32f0xx.o(.constdata)
    .constdata                               0x0800224a   Section        8  system_stm32f0xx.o(.constdata)
    .constdata                               0x08002252   Section        7  retarget_io.o(.constdata)
    .constdata                               0x08002259   Section        8  retarget_io.o(.constdata)
    .constdata                               0x08002261   Section        8  retarget_io.o(.constdata)
    .data                                    0x20000000   Section       12  stm32f0xx_hal.o(.data)
    .data                                    0x2000000c   Section        4  system_stm32f0xx.o(.data)
    .data                                    0x20000010   Section        4  stdio_streams.o(.data)
    .data                                    0x20000014   Section        4  stdio_streams.o(.data)
    .data                                    0x20000018   Section        4  stdio_streams.o(.data)
    .bss                                     0x2000001c   Section      236  main.o(.bss)
    .bss                                     0x20000108   Section       84  stdio_streams.o(.bss)
    .bss                                     0x2000015c   Section       84  stdio_streams.o(.bss)
    .bss                                     0x200001b0   Section       84  stdio_streams.o(.bss)
    .bss                                     0x20000204   Section       96  libspace.o(.bss)
    HEAP                                     0x20000268   Section      512  startup_stm32f042x6.o(HEAP)
    Heap_Mem                                 0x20000268   Data         512  startup_stm32f042x6.o(HEAP)
    STACK                                    0x20000468   Section     1024  startup_stm32f042x6.o(STACK)
    Stack_Mem                                0x20000468   Data        1024  startup_stm32f042x6.o(STACK)
    __initial_sp                             0x20000868   Data           0  startup_stm32f042x6.o(STACK)

    Global Symbols

    Symbol Name                              Value     Ov Type        Size  Object(Section)

    BuildAttributes$$THM_ISAv3M$S$PE$A:L22$X:L11$S22$IEEE1$IW$USESV6$~STKCKD$USESV7$~SHL$OTIME$ROPI$IEEEX$EBA8$UX$STANDARDLIB$REQ8$PRES8$EABIv2 0x00000000   Number         0  anon$$obj.o ABSOLUTE
    __ARM_use_no_argv                        0x00000000   Number         0  main.o ABSOLUTE
    __ARM_exceptions_init                     - Undefined Weak Reference
    __alloca_initialize                       - Undefined Weak Reference
    __arm_preinit_                            - Undefined Weak Reference
    __cpp_initialize__aeabi_                  - Undefined Weak Reference
    __cxa_finalize                            - Undefined Weak Reference
    __rt_locale                               - Undefined Weak Reference
    __sigvec_lookup                           - Undefined Weak Reference
    __user_heap_extent                        - Undefined Weak Reference
    _atexit_init                              - Undefined Weak Reference
    _call_atexit_fns                          - Undefined Weak Reference
    _clock_init                               - Undefined Weak Reference
    _fp_trap_init                             - Undefined Weak Reference
    _fp_trap_shutdown                         - Undefined Weak Reference
    _get_lc_collate                           - Undefined Weak Reference
    _get_lc_ctype                             - Undefined Weak Reference
    _get_lc_monetary                          - Undefined Weak Reference
    _get_lc_numeric                           - Undefined Weak Reference
    _get_lc_time                              - Undefined Weak Reference
    _getenv_init                              - Undefined Weak Reference
    _handle_redirection                       - Undefined Weak Reference
    _mutex_acquire                            - Undefined Weak Reference
    _mutex_free                               - Undefined Weak Reference
    _mutex_release                            - Undefined Weak Reference
    _printf_post_padding                      - Undefined Weak Reference
    _printf_pre_padding                       - Undefined Weak Reference
    _printf_truncate_signed                   - Undefined Weak Reference
    _printf_truncate_unsigned                 - Undefined Weak Reference
    _rand_init                                - Undefined Weak Reference
    _signal_finish                            - Undefined Weak Reference
    _signal_init                              - Undefined Weak Reference
    __Vectors_Size                           0x000000c0   Number         0  startup_stm32f042x6.o ABSOLUTE
    __Vectors                                0x08000000   Data           4  startup_stm32f042x6.o(RESET)
    __Vectors_End                            0x080000c0   Data           0  startup_stm32f042x6.o(RESET)
    __main                                   0x080000c1   Thumb Code     8  __main.o(!!!main)
    __scatterload                            0x080000c9   Thumb Code     0  __scatter.o(!!!scatter)
    __scatterload_rt2                        0x080000c9   Thumb Code    52  __scatter.o(!!!scatter)
    __scatterload_rt2_thumb_only             0x080000c9   Thumb Code     0  __scatter.o(!!!scatter)
    __scatterload_null                       0x080000d9   Thumb Code     0  __scatter.o(!!!scatter)
    __scatterload_copy                       0x08000105   Thumb Code    26  __scatter_copy.o(!!handler_copy)
    __scatterload_zeroinit                   0x08000121   Thumb Code    28  __scatter_zi.o(!!handler_zi)
    _printf_percent                          0x0800013d   Thumb Code     0  _printf_percent.o(.ARM.Collect$$_printf_percent$$00000000)
    _printf_d                                0x0800013f   Thumb Code     0  _printf_d.o(.ARM.Collect$$_printf_percent$$00000009)
    _printf_percent_end                      0x08000149   Thumb Code     0  _printf_percent_end.o(.ARM.Collect$$_printf_percent$$00000017)
    __rt_lib_init                            0x0800014d   Thumb Code     0  libinit.o(.ARM.Collect$$libinit$$00000000)
    __rt_lib_init_fp_1                       0x0800014f   Thumb Code     0  libinit2.o(.ARM.Collect$$libinit$$00000002)
    __rt_lib_init_heap_2                     0x0800014f   Thumb Code     0  libinit2.o(.ARM.Collect$$libinit$$00000005)
    __rt_lib_init_preinit_1                  0x0800014f   Thumb Code     0  libinit2.o(.ARM.Collect$$libinit$$00000004)
    __rt_lib_init_atexit_1                   0x08000157   Thumb Code     0  libinit2.o(.ARM.Collect$$libinit$$0000001B)
    __rt_lib_init_clock_1                    0x08000157   Thumb Code     0  libinit2.o(.ARM.Collect$$libinit$$00000021)
    __rt_lib_init_fp_trap_1                  0x08000157   Thumb Code     0  libinit2.o(.ARM.Collect$$libinit$$0000001F)
    __rt_lib_init_getenv_1                   0x08000157   Thumb Code     0  libinit2.o(.ARM.Collect$$libinit$$00000023)
    __rt_lib_init_heap_1                     0x08000157   Thumb Code     0  libinit2.o(.ARM.Collect$$libinit$$0000000A)
    __rt_lib_init_lc_collate_1               0x08000157   Thumb Code     0  libinit2.o(.ARM.Collect$$libinit$$00000011)
    __rt_lib_init_lc_ctype_1                 0x08000157   Thumb Code     0  libinit2.o(.ARM.Collect$$libinit$$00000013)
    __rt_lib_init_lc_monetary_1              0x08000157   Thumb Code     0  libinit2.o(.ARM.Collect$$libinit$$00000015)
    __rt_lib_init_lc_numeric_1               0x08000157   Thumb Code     0  libinit2.o(.ARM.Collect$$libinit$$00000017)
    __rt_lib_init_lc_time_1                  0x08000157   Thumb Code     0  libinit2.o(.ARM.Collect$$libinit$$00000019)
    __rt_lib_init_rand_1                     0x08000157   Thumb Code     0  libinit2.o(.ARM.Collect$$libinit$$0000000E)
    __rt_lib_init_signal_1                   0x08000157   Thumb Code     0  libinit2.o(.ARM.Collect$$libinit$$0000001D)
    __rt_lib_init_stdio_2                    0x08000157   Thumb Code     0  libinit2.o(.ARM.Collect$$libinit$$00000024)
    __rt_lib_init_user_alloc_1               0x08000157   Thumb Code     0  libinit2.o(.ARM.Collect$$libinit$$0000000C)
    __rt_lib_init_alloca_1                   0x0800015b   Thumb Code     0  libinit2.o(.ARM.Collect$$libinit$$0000002E)
    __rt_lib_init_argv_1                     0x0800015b   Thumb Code     0  libinit2.o(.ARM.Collect$$libinit$$0000002C)
    __rt_lib_init_cpp_1                      0x0800015b   Thumb Code     0  libinit2.o(.ARM.Collect$$libinit$$00000032)
    __rt_lib_init_exceptions_1               0x0800015b   Thumb Code     0  libinit2.o(.ARM.Collect$$libinit$$00000030)
    __rt_lib_init_return                     0x0800015b   Thumb Code     0  libinit2.o(.ARM.Collect$$libinit$$00000033)
    __rt_lib_init_stdio_1                    0x0800015b   Thumb Code     0  libinit2.o(.ARM.Collect$$libinit$$00000025)
    __rt_lib_shutdown                        0x0800015d   Thumb Code     0  libshutdown.o(.ARM.Collect$$libshutdown$$00000000)
    __rt_lib_shutdown_cpp_1                  0x0800015f   Thumb Code     0  libshutdown2.o(.ARM.Collect$$libshutdown$$00000002)
    __rt_lib_shutdown_stdio_2                0x0800015f   Thumb Code     0  libshutdown2.o(.ARM.Collect$$libshutdown$$00000003)
    __rt_lib_shutdown_fp_trap_1              0x08000163   Thumb Code     0  libshutdown2.o(.ARM.Collect$$libshutdown$$00000007)
    __rt_lib_shutdown_heap_1                 0x08000163   Thumb Code     0  libshutdown2.o(.ARM.Collect$$libshutdown$$0000000F)
    __rt_lib_shutdown_return                 0x08000163   Thumb Code     0  libshutdown2.o(.ARM.Collect$$libshutdown$$00000010)
    __rt_lib_shutdown_signal_1               0x08000163   Thumb Code     0  libshutdown2.o(.ARM.Collect$$libshutdown$$0000000A)
    __rt_lib_shutdown_stdio_1                0x08000163   Thumb Code     0  libshutdown2.o(.ARM.Collect$$libshutdown$$00000004)
    __rt_lib_shutdown_user_alloc_1           0x08000163   Thumb Code     0  libshutdown2.o(.ARM.Collect$$libshutdown$$0000000C)
    __rt_entry                               0x08000165   Thumb Code     0  __rtentry.o(.ARM.Collect$$rtentry$$00000000)
    __rt_entry_presh_1                       0x08000165   Thumb Code     0  __rtentry2.o(.ARM.Collect$$rtentry$$00000002)
    __rt_entry_sh                            0x08000165   Thumb Code     0  __rtentry4.o(.ARM.Collect$$rtentry$$00000004)
    __rt_entry_li                            0x0800016b   Thumb Code     0  __rtentry2.o(.ARM.Collect$$rtentry$$0000000A)
    __rt_entry_postsh_1                      0x0800016b   Thumb Code     0  __rtentry2.o(.ARM.Collect$$rtentry$$00000009)
    __rt_entry_main                          0x0800016f   Thumb Code     0  __rtentry2.o(.ARM.Collect$$rtentry$$0000000D)
    __rt_entry_postli_1                      0x0800016f   Thumb Code     0  __rtentry2.o(.ARM.Collect$$rtentry$$0000000C)
    __rt_exit                                0x08000177   Thumb Code     0  rtexit.o(.ARM.Collect$$rtexit$$00000000)
    __rt_exit_ls                             0x08000179   Thumb Code     0  rtexit2.o(.ARM.Collect$$rtexit$$00000003)
    __rt_exit_prels_1                        0x08000179   Thumb Code     0  rtexit2.o(.ARM.Collect$$rtexit$$00000002)
    __rt_exit_exit                           0x0800017d   Thumb Code     0  rtexit2.o(.ARM.Collect$$rtexit$$00000004)
    Reset_Handler                            0x08000185   Thumb Code    38  startup_stm32f042x6.o(.text)
    _maybe_terminate_alloc                   0x08000185   Thumb Code     0  maybetermalloc1.o(.emb_text)
    ADC1_IRQHandler                          0x080001b5   Thumb Code     0  startup_stm32f042x6.o(.text)
    CEC_CAN_IRQHandler                       0x080001b5   Thumb Code     0  startup_stm32f042x6.o(.text)
    DMA1_Channel1_IRQHandler                 0x080001b5   Thumb Code     0  startup_stm32f042x6.o(.text)
    DMA1_Channel2_3_IRQHandler               0x080001b5   Thumb Code     0  startup_stm32f042x6.o(.text)
    DMA1_Channel4_5_IRQHandler               0x080001b5   Thumb Code     0  startup_stm32f042x6.o(.text)
    EXTI2_3_IRQHandler                       0x080001b5   Thumb Code     0  startup_stm32f042x6.o(.text)
    FLASH_IRQHandler                         0x080001b5   Thumb Code     0  startup_stm32f042x6.o(.text)
    I2C1_IRQHandler                          0x080001b5   Thumb Code     0  startup_stm32f042x6.o(.text)
    PVD_VDDIO2_IRQHandler                    0x080001b5   Thumb Code     0  startup_stm32f042x6.o(.text)
    RCC_CRS_IRQHandler                       0x080001b5   Thumb Code     0  startup_stm32f042x6.o(.text)
    RTC_IRQHandler                           0x080001b5   Thumb Code     0  startup_stm32f042x6.o(.text)
    SPI1_IRQHandler                          0x080001b5   Thumb Code     0  startup_stm32f042x6.o(.text)
    SPI2_IRQHandler                          0x080001b5   Thumb Code     0  startup_stm32f042x6.o(.text)
    TIM14_IRQHandler                         0x080001b5   Thumb Code     0  startup_stm32f042x6.o(.text)
    TIM16_IRQHandler                         0x080001b5   Thumb Code     0  startup_stm32f042x6.o(.text)
    TIM17_IRQHandler                         0x080001b5   Thumb Code     0  startup_stm32f042x6.o(.text)
    TIM1_BRK_UP_TRG_COM_IRQHandler           0x080001b5   Thumb Code     0  startup_stm32f042x6.o(.text)
    TIM1_CC_IRQHandler                       0x080001b5   Thumb Code     0  startup_stm32f042x6.o(.text)
    TIM2_IRQHandler                          0x080001b5   Thumb Code     0  startup_stm32f042x6.o(.text)
    TIM3_IRQHandler                          0x080001b5   Thumb Code     0  startup_stm32f042x6.o(.text)
    TSC_IRQHandler                           0x080001b5   Thumb Code     0  startup_stm32f042x6.o(.text)
    USART1_IRQHandler                        0x080001b5   Thumb Code     0  startup_stm32f042x6.o(.text)
    USART2_IRQHandler                        0x080001b5   Thumb Code     0  startup_stm32f042x6.o(.text)
    USB_IRQHandler                           0x080001b5   Thumb Code     0  startup_stm32f042x6.o(.text)
    WWDG_IRQHandler                          0x080001b5   Thumb Code     0  startup_stm32f042x6.o(.text)
    __user_initial_stackheap                 0x080001b9   Thumb Code     0  startup_stm32f042x6.o(.text)
    __aeabi_uldivmod                         0x080001f9   Thumb Code   258  lludiv.o(.text)
    _ll_udiv                                 0x080001f9   Thumb Code     0  lludiv.o(.text)
    __2printf                                0x080002fd   Thumb Code    22  noretval__2printf.o(.text)
    __printf                                 0x08000319   Thumb Code   108  __printf.o(.text)
    _printf_int_dec                          0x08000385   Thumb Code    90  _printf_dec.o(.text)
    _memset_w                                0x080003f1   Thumb Code    26  rt_memclr.o(.text)
    _memset                                  0x0800040b   Thumb Code    30  rt_memclr.o(.text)
    __aeabi_memclr                           0x08000429   Thumb Code     4  rt_memclr.o(.text)
    __rt_memclr                              0x08000429   Thumb Code     0  rt_memclr.o(.text)
    __aeabi_memclr4                          0x0800042d   Thumb Code     0  rt_memclr.o(.text)
    __aeabi_memclr8                          0x0800042d   Thumb Code     0  rt_memclr.o(.text)
    __rt_memclr_w                            0x0800042d   Thumb Code     4  rt_memclr.o(.text)
    strcmp                                   0x08000431   Thumb Code   132  strcmp.o(.text)
    __aeabi_uidiv                            0x080004b9   Thumb Code     0  aeabi_sdiv.o(.text)
    __aeabi_uidivmod                         0x080004b9   Thumb Code    20  aeabi_sdiv.o(.text)
    __aeabi_idiv                             0x080004cd   Thumb Code     0  aeabi_sdiv.o(.text)
    __aeabi_idivmod                          0x080004cd   Thumb Code   326  aeabi_sdiv.o(.text)
    __use_two_region_memory                  0x08000613   Thumb Code     2  heapauxi.o(.text)
    __rt_heap_escrow                         0x08000615   Thumb Code     2  heapauxi.o(.text)
    __rt_heap_expand                         0x08000617   Thumb Code     2  heapauxi.o(.text)
    _printf_int_common                       0x08000619   Thumb Code   176  _printf_intcommon.o(.text)
    _printf_char_file                        0x080006c9   Thumb Code    34  _printf_char_file.o(.text)
    __rt_udiv10                              0x080006f1   Thumb Code    40  rtudiv10.o(.text)
    __aeabi_errno_addr                       0x08000719   Thumb Code     8  rt_errno_addr_intlibspace.o(.text)
    __errno$intlibspace                      0x08000719   Thumb Code     0  rt_errno_addr_intlibspace.o(.text)
    __rt_errno_addr$intlibspace              0x08000719   Thumb Code     0  rt_errno_addr_intlibspace.o(.text)
    _printf_char_common                      0x0800072b   Thumb Code    32  _printf_char_common.o(.text)
    ferror                                   0x08000751   Thumb Code     8  ferror.o(.text)
    _initio                                  0x08000759   Thumb Code   216  initio.o(.text)
    _terminateio                             0x08000831   Thumb Code    56  initio.o(.text)
    __user_libspace                          0x08000895   Thumb Code     8  libspace.o(.text)
    __user_perproc_libspace                  0x08000895   Thumb Code     0  libspace.o(.text)
    __user_perthread_libspace                0x08000895   Thumb Code     0  libspace.o(.text)
    __user_setup_stackheap                   0x0800089d   Thumb Code    62  sys_stackheap_outer.o(.text)
    free                                     0x080008db   Thumb Code    76  h1_free.o(.text)
    setvbuf                                  0x08000929   Thumb Code    72  setvbuf.o(.text)
    freopen                                  0x08000975   Thumb Code   148  fopen.o(.text)
    fopen                                    0x08000a09   Thumb Code    76  fopen.o(.text)
    _fclose_internal                         0x08000a5d   Thumb Code    72  fclose.o(.text)
    fclose                                   0x08000a5d   Thumb Code     0  fclose.o(.text)
    exit                                     0x08000aa9   Thumb Code    16  exit.o(.text)
    __rt_SIGRTRED                            0x08000ab9   Thumb Code    12  defsig_rtred_outer.o(.text)
    __rt_heap_descriptor                     0x08000ac5   Thumb Code     8  rt_heap_descriptor_intlibspace.o(.text)
    __use_no_heap                            0x08000acd   Thumb Code     2  hguard.o(.text)
    __heap$guard                             0x08000acf   Thumb Code     2  hguard.o(.text)
    _terminate_user_alloc                    0x08000ad1   Thumb Code     2  init_alloc.o(.text)
    _init_user_alloc                         0x08000ad3   Thumb Code     2  init_alloc.o(.text)
    __Heap_Full                              0x08000ad5   Thumb Code    32  init_alloc.o(.text)
    __Heap_Broken                            0x08000af5   Thumb Code    10  init_alloc.o(.text)
    _init_alloc                              0x08000aff   Thumb Code    90  init_alloc.o(.text)
    malloc                                   0x08000b59   Thumb Code    98  h1_alloc.o(.text)
    _fseek                                   0x08000bbd   Thumb Code   240  fseek.o(.text)
    fseek                                    0x08000bbd   Thumb Code     0  fseek.o(.text)
    _seterr                                  0x08000cb1   Thumb Code    20  stdio.o(.text)
    _writebuf                                0x08000cc5   Thumb Code    76  stdio.o(.text)
    _fflush                                  0x08000d11   Thumb Code    76  stdio.o(.text)
    _deferredlazyseek                        0x08000d5d   Thumb Code    60  stdio.o(.text)
    __sig_exit                               0x08000da1   Thumb Code    12  defsig_exit.o(.text)
    __rt_SIGRTRED_inner                      0x08000dad   Thumb Code    14  defsig_rtred_inner.o(.text)
    _sys_exit                                0x08000de1   Thumb Code     8  sys_exit.o(.text)
    __Heap_Initialize                        0x08000ded   Thumb Code    10  h1_init.o(.text)
    __Heap_DescSize                          0x08000df7   Thumb Code     4  h1_init.o(.text)
    __Heap_ProvideMemory                     0x08000dfb   Thumb Code    52  h1_extend.o(.text)
    _ftell_internal                          0x08000e2f   Thumb Code    66  ftell.o(.text)
    ftell                                    0x08000e2f   Thumb Code     0  ftell.o(.text)
    __default_signal_display                 0x08000e71   Thumb Code    52  defsig_general.o(.text)
    __rt_SIGRTMEM                            0x08000ea5   Thumb Code    12  defsig_rtmem_outer.o(.text)
    __I$use$semihosting                      0x08000eb1   Thumb Code     0  use_no_semi.o(.text)
    __use_no_semihosting_swi                 0x08000eb1   Thumb Code     2  use_no_semi.o(.text)
    __semihosting_library_function           0x08000eb3   Thumb Code     0  indicate_semi.o(.text)
    __rt_SIGRTMEM_inner                      0x08000eb5   Thumb Code    22  defsig_rtmem_inner.o(.text)
    EXTI0_1_IRQHandler                       0x08000f05   Thumb Code    16  stm32f0xx_it.o(i.EXTI0_1_IRQHandler)
    EXTI4_15_IRQHandler                      0x08000f15   Thumb Code    10  stm32f0xx_it.o(i.EXTI4_15_IRQHandler)
    HAL_Delay                                0x08000f21   Thumb Code    32  stm32f0xx_hal.o(i.HAL_Delay)
    HAL_GPIO_EXTI_Callback                   0x08000f45   Thumb Code    12  main.o(i.HAL_GPIO_EXTI_Callback)
    HAL_GPIO_EXTI_IRQHandler                 0x08000f5d   Thumb Code    18  stm32f0xx_hal_gpio.o(i.HAL_GPIO_EXTI_IRQHandler)
    HAL_GPIO_Init                            0x08000f75   Thumb Code   386  stm32f0xx_hal_gpio.o(i.HAL_GPIO_Init)
    HAL_GPIO_TogglePin                       0x0800110d   Thumb Code    16  stm32f0xx_hal_gpio.o(i.HAL_GPIO_TogglePin)
    HAL_GPIO_WritePin                        0x0800111d   Thumb Code    12  stm32f0xx_hal_gpio.o(i.HAL_GPIO_WritePin)
    HAL_GetTick                              0x08001129   Thumb Code     6  stm32f0xx_hal.o(i.HAL_GetTick)
    HAL_HalfDuplex_Init                      0x08001135   Thumb Code   116  stm32f0xx_hal_uart.o(i.HAL_HalfDuplex_Init)
    HAL_IncTick                              0x080011a9   Thumb Code    12  stm32f0xx_hal.o(i.HAL_IncTick)
    HAL_Init                                 0x080011b9   Thumb Code    26  stm32f0xx_hal.o(i.HAL_Init)
    HAL_InitTick                             0x080011d9   Thumb Code    58  stm32f0xx_hal.o(i.HAL_InitTick)
    HAL_MspInit                              0x0800121d   Thumb Code    44  stm32f0xx_hal_msp.o(i.HAL_MspInit)
    HAL_NVIC_EnableIRQ                       0x08001251   Thumb Code    18  stm32f0xx_hal_cortex.o(i.HAL_NVIC_EnableIRQ)
    HAL_NVIC_SetPriority                     0x08001269   Thumb Code     8  stm32f0xx_hal_cortex.o(i.HAL_NVIC_SetPriority)
    HAL_RCC_ClockConfig                      0x08001271   Thumb Code   252  stm32f0xx_hal_rcc.o(i.HAL_RCC_ClockConfig)
    HAL_RCC_GetPCLK1Freq                     0x08001381   Thumb Code    20  stm32f0xx_hal_rcc.o(i.HAL_RCC_GetPCLK1Freq)
    HAL_RCC_GetSysClockFreq                  0x080013a1   Thumb Code    86  stm32f0xx_hal_rcc.o(i.HAL_RCC_GetSysClockFreq)
    HAL_RCC_OscConfig                        0x08001409   Thumb Code  1028  stm32f0xx_hal_rcc.o(i.HAL_RCC_OscConfig)
    HAL_SPI_Init                             0x0800180d   Thumb Code   238  stm32f0xx_hal_spi.o(i.HAL_SPI_Init)
    HAL_SPI_MspInit                          0x080018fd   Thumb Code    84  stm32f0xx_hal_msp.o(i.HAL_SPI_MspInit)
    HAL_SYSTICK_Config                       0x08001959   Thumb Code    38  stm32f0xx_hal_cortex.o(i.HAL_SYSTICK_Config)
    HAL_UART_MspInit                         0x08001989   Thumb Code    84  stm32f0xx_hal_msp.o(i.HAL_UART_MspInit)
    HAL_UART_Transmit                        0x080019e5   Thumb Code   192  stm32f0xx_hal_uart.o(i.HAL_UART_Transmit)
    HardFault_Handler                        0x08001aa5   Thumb Code     2  stm32f0xx_it.o(i.HardFault_Handler)
    NMI_Handler                              0x08001c1d   Thumb Code     2  stm32f0xx_it.o(i.NMI_Handler)
    PendSV_Handler                           0x08001c1f   Thumb Code     2  stm32f0xx_it.o(i.PendSV_Handler)
    SVC_Handler                              0x08001c21   Thumb Code     2  stm32f0xx_it.o(i.SVC_Handler)
    SysTick_Handler                          0x08001c23   Thumb Code     8  stm32f0xx_it.o(i.SysTick_Handler)
    SystemClock_Config                       0x08001c2b   Thumb Code    78  main.o(i.SystemClock_Config)
    SystemInit                               0x08001c79   Thumb Code     2  system_stm32f0xx.o(i.SystemInit)
    UART_AdvFeatureConfig                    0x08001c7b   Thumb Code   202  stm32f0xx_hal_uart.o(i.UART_AdvFeatureConfig)
    UART_CheckIdleState                      0x08001d45   Thumb Code   190  stm32f0xx_hal_uart.o(i.UART_CheckIdleState)
    UART_SetConfig                           0x08001e69   Thumb Code   280  stm32f0xx_hal_uart.o(i.UART_SetConfig)
    UART_WaitOnFlagUntilTimeout              0x08001f99   Thumb Code   138  stm32f0xx_hal_uart.o(i.UART_WaitOnFlagUntilTimeout)
    __ARM_common_ll_muluu                    0x08002023   Thumb Code    48  stm32f0xx_hal_rcc.o(i.__ARM_common_ll_muluu)
    _sys_close                               0x08002099   Thumb Code    22  retarget_io.o(i._sys_close)
    _sys_flen                                0x080020b5   Thumb Code    10  retarget_io.o(i._sys_flen)
    _sys_istty                               0x080020c5   Thumb Code    22  retarget_io.o(i._sys_istty)
    _sys_open                                0x080020e1   Thumb Code    70  retarget_io.o(i._sys_open)
    _sys_seek                                0x08002149   Thumb Code     6  retarget_io.o(i._sys_seek)
    _sys_write                               0x08002151   Thumb Code    54  retarget_io.o(i._sys_write)
    _ttywrch                                 0x08002191   Thumb Code     8  retarget_io.o(i._ttywrch)
    fputc                                    0x08002199   Thumb Code    18  main.o(i.fputc)
    main                                     0x080021b1   Thumb Code    50  main.o(i.main)
    stdout_putchar                           0x08002215   Thumb Code     4  main.o(i.stdout_putchar)
    ttywrch                                  0x08002219   Thumb Code     2  main.o(i.ttywrch)
    AHBPrescTable                            0x0800223a   Data          16  system_stm32f0xx.o(.constdata)
    APBPrescTable                            0x0800224a   Data           8  system_stm32f0xx.o(.constdata)
    __stdin_name                             0x08002252   Data           7  retarget_io.o(.constdata)
    __stdout_name                            0x08002259   Data           8  retarget_io.o(.constdata)
    __stderr_name                            0x08002261   Data           8  retarget_io.o(.constdata)
    Region$$Table$$Base                      0x0800226c   Number         0  anon$$obj.o(Region$$Table)
    Region$$Table$$Limit                     0x0800228c   Number         0  anon$$obj.o(Region$$Table)
    uwTickFreq                               0x20000000   Data           1  stm32f0xx_hal.o(.data)
    uwTickPrio                               0x20000004   Data           4  stm32f0xx_hal.o(.data)
    uwTick                                   0x20000008   Data           4  stm32f0xx_hal.o(.data)
    SystemCoreClock                          0x2000000c   Data           4  system_stm32f0xx.o(.data)
    __aeabi_stdin                            0x20000010   Data           4  stdio_streams.o(.data)
    __aeabi_stdout                           0x20000014   Data           4  stdio_streams.o(.data)
    __aeabi_stderr                           0x20000018   Data           4  stdio_streams.o(.data)
    hspi1                                    0x2000001c   Data         100  main.o(.bss)
    huart2                                   0x20000080   Data         136  main.o(.bss)
    __stdin                                  0x20000108   Data          84  stdio_streams.o(.bss)
    __stdout                                 0x2000015c   Data          84  stdio_streams.o(.bss)
    __stderr                                 0x200001b0   Data          84  stdio_streams.o(.bss)
    __libspace_start                         0x20000204   Data          96  libspace.o(.bss)
    __temporary_stack_top$libspace           0x20000264   Data           0  libspace.o(.bss)



==============================================================================

Memory Map of the image

  Image Entry point : 0x080000c1

  Load Region LR_IROM1 (Base: 0x08000000, Size: 0x000022a8, Max: 0x00008000, ABSOLUTE)

    Execution Region ER_IROM1 (Exec base: 0x08000000, Load base: 0x08000000, Size: 0x0000228c, Max: 0x00008000, ABSOLUTE)

    Exec Addr    Load Addr    Size         Type   Attr      Idx    E Section Name        Object

    0x08000000   0x08000000   0x000000c0   Data   RO            3    RESET               startup_stm32f042x6.o
    0x080000c0   0x080000c0   0x00000008   Code   RO         3002  * !!!main             c_p.l(__main.o)
    0x080000c8   0x080000c8   0x0000003c   Code   RO         3405    !!!scatter          c_p.l(__scatter.o)
    0x08000104   0x08000104   0x0000001a   Code   RO         3407    !!handler_copy      c_p.l(__scatter_copy.o)
    0x0800011e   0x0800011e   0x00000002   PAD
    0x08000120   0x08000120   0x0000001c   Code   RO         3409    !!handler_zi        c_p.l(__scatter_zi.o)
    0x0800013c   0x0800013c   0x00000002   Code   RO         2987    .ARM.Collect$$_printf_percent$$00000000  c_p.l(_printf_percent.o)
    0x0800013e   0x0800013e   0x0000000a   Code   RO         2986    .ARM.Collect$$_printf_percent$$00000009  c_p.l(_printf_d.o)
    0x08000148   0x08000148   0x00000004   Code   RO         3055    .ARM.Collect$$_printf_percent$$00000017  c_p.l(_printf_percent_end.o)
    0x0800014c   0x0800014c   0x00000002   Code   RO         3225    .ARM.Collect$$libinit$$00000000  c_p.l(libinit.o)
    0x0800014e   0x0800014e   0x00000000   Code   RO         3227    .ARM.Collect$$libinit$$00000002  c_p.l(libinit2.o)
    0x0800014e   0x0800014e   0x00000000   Code   RO         3229    .ARM.Collect$$libinit$$00000004  c_p.l(libinit2.o)
    0x0800014e   0x0800014e   0x00000008   Code   RO         3230    .ARM.Collect$$libinit$$00000005  c_p.l(libinit2.o)
    0x08000156   0x08000156   0x00000000   Code   RO         3232    .ARM.Collect$$libinit$$0000000A  c_p.l(libinit2.o)
    0x08000156   0x08000156   0x00000000   Code   RO         3234    .ARM.Collect$$libinit$$0000000C  c_p.l(libinit2.o)
    0x08000156   0x08000156   0x00000000   Code   RO         3236    .ARM.Collect$$libinit$$0000000E  c_p.l(libinit2.o)
    0x08000156   0x08000156   0x00000000   Code   RO         3239    .ARM.Collect$$libinit$$00000011  c_p.l(libinit2.o)
    0x08000156   0x08000156   0x00000000   Code   RO         3241    .ARM.Collect$$libinit$$00000013  c_p.l(libinit2.o)
    0x08000156   0x08000156   0x00000000   Code   RO         3243    .ARM.Collect$$libinit$$00000015  c_p.l(libinit2.o)
    0x08000156   0x08000156   0x00000000   Code   RO         3245    .ARM.Collect$$libinit$$00000017  c_p.l(libinit2.o)
    0x08000156   0x08000156   0x00000000   Code   RO         3247    .ARM.Collect$$libinit$$00000019  c_p.l(libinit2.o)
    0x08000156   0x08000156   0x00000000   Code   RO         3249    .ARM.Collect$$libinit$$0000001B  c_p.l(libinit2.o)
    0x08000156   0x08000156   0x00000000   Code   RO         3251    .ARM.Collect$$libinit$$0000001D  c_p.l(libinit2.o)
    0x08000156   0x08000156   0x00000000   Code   RO         3253    .ARM.Collect$$libinit$$0000001F  c_p.l(libinit2.o)
    0x08000156   0x08000156   0x00000000   Code   RO         3255    .ARM.Collect$$libinit$$00000021  c_p.l(libinit2.o)
    0x08000156   0x08000156   0x00000000   Code   RO         3257    .ARM.Collect$$libinit$$00000023  c_p.l(libinit2.o)
    0x08000156   0x08000156   0x00000004   Code   RO         3258    .ARM.Collect$$libinit$$00000024  c_p.l(libinit2.o)
    0x0800015a   0x0800015a   0x00000000   Code   RO         3259    .ARM.Collect$$libinit$$00000025  c_p.l(libinit2.o)
    0x0800015a   0x0800015a   0x00000000   Code   RO         3263    .ARM.Collect$$libinit$$0000002C  c_p.l(libinit2.o)
    0x0800015a   0x0800015a   0x00000000   Code   RO         3265    .ARM.Collect$$libinit$$0000002E  c_p.l(libinit2.o)
    0x0800015a   0x0800015a   0x00000000   Code   RO         3267    .ARM.Collect$$libinit$$00000030  c_p.l(libinit2.o)
    0x0800015a   0x0800015a   0x00000000   Code   RO         3269    .ARM.Collect$$libinit$$00000032  c_p.l(libinit2.o)
    0x0800015a   0x0800015a   0x00000002   Code   RO         3270    .ARM.Collect$$libinit$$00000033  c_p.l(libinit2.o)
    0x0800015c   0x0800015c   0x00000002   Code   RO         3386    .ARM.Collect$$libshutdown$$00000000  c_p.l(libshutdown.o)
    0x0800015e   0x0800015e   0x00000000   Code   RO         3272    .ARM.Collect$$libshutdown$$00000002  c_p.l(libshutdown2.o)
    0x0800015e   0x0800015e   0x00000004   Code   RO         3273    .ARM.Collect$$libshutdown$$00000003  c_p.l(libshutdown2.o)
    0x08000162   0x08000162   0x00000000   Code   RO         3274    .ARM.Collect$$libshutdown$$00000004  c_p.l(libshutdown2.o)
    0x08000162   0x08000162   0x00000000   Code   RO         3277    .ARM.Collect$$libshutdown$$00000007  c_p.l(libshutdown2.o)
    0x08000162   0x08000162   0x00000000   Code   RO         3280    .ARM.Collect$$libshutdown$$0000000A  c_p.l(libshutdown2.o)
    0x08000162   0x08000162   0x00000000   Code   RO         3282    .ARM.Collect$$libshutdown$$0000000C  c_p.l(libshutdown2.o)
    0x08000162   0x08000162   0x00000000   Code   RO         3285    .ARM.Collect$$libshutdown$$0000000F  c_p.l(libshutdown2.o)
    0x08000162   0x08000162   0x00000002   Code   RO         3286    .ARM.Collect$$libshutdown$$00000010  c_p.l(libshutdown2.o)
    0x08000164   0x08000164   0x00000000   Code   RO         3040    .ARM.Collect$$rtentry$$00000000  c_p.l(__rtentry.o)
    0x08000164   0x08000164   0x00000000   Code   RO         3094    .ARM.Collect$$rtentry$$00000002  c_p.l(__rtentry2.o)
    0x08000164   0x08000164   0x00000006   Code   RO         3106    .ARM.Collect$$rtentry$$00000004  c_p.l(__rtentry4.o)
    0x0800016a   0x0800016a   0x00000000   Code   RO         3096    .ARM.Collect$$rtentry$$00000009  c_p.l(__rtentry2.o)
    0x0800016a   0x0800016a   0x00000004   Code   RO         3097    .ARM.Collect$$rtentry$$0000000A  c_p.l(__rtentry2.o)
    0x0800016e   0x0800016e   0x00000000   Code   RO         3099    .ARM.Collect$$rtentry$$0000000C  c_p.l(__rtentry2.o)
    0x0800016e   0x0800016e   0x00000008   Code   RO         3100    .ARM.Collect$$rtentry$$0000000D  c_p.l(__rtentry2.o)
    0x08000176   0x08000176   0x00000002   Code   RO         3288    .ARM.Collect$$rtexit$$00000000  c_p.l(rtexit.o)
    0x08000178   0x08000178   0x00000000   Code   RO         3336    .ARM.Collect$$rtexit$$00000002  c_p.l(rtexit2.o)
    0x08000178   0x08000178   0x00000004   Code   RO         3337    .ARM.Collect$$rtexit$$00000003  c_p.l(rtexit2.o)
    0x0800017c   0x0800017c   0x00000006   Code   RO         3338    .ARM.Collect$$rtexit$$00000004  c_p.l(rtexit2.o)
    0x08000182   0x08000182   0x00000002   PAD
    0x08000184   0x08000184   0x00000000   Code   RO         3342    .emb_text           c_p.l(maybetermalloc1.o)
    0x08000184   0x08000184   0x00000074   Code   RO            4    .text               startup_stm32f042x6.o
    0x080001f8   0x080001f8   0x00000102   Code   RO         2956    .text               c_p.l(lludiv.o)
    0x080002fa   0x080002fa   0x00000002   PAD
    0x080002fc   0x080002fc   0x0000001c   Code   RO         2960    .text               c_p.l(noretval__2printf.o)
    0x08000318   0x08000318   0x0000006c   Code   RO         2962    .text               c_p.l(__printf.o)
    0x08000384   0x08000384   0x0000006c   Code   RO         2964    .text               c_p.l(_printf_dec.o)
    0x080003f0   0x080003f0   0x00000040   Code   RO         2992    .text               c_p.l(rt_memclr.o)
    0x08000430   0x08000430   0x00000088   Code   RO         2994    .text               c_p.l(strcmp.o)
    0x080004b8   0x080004b8   0x0000015a   Code   RO         2996    .text               c_p.l(aeabi_sdiv.o)
    0x08000612   0x08000612   0x00000006   Code   RO         3000    .text               c_p.l(heapauxi.o)
    0x08000618   0x08000618   0x000000b0   Code   RO         3051    .text               c_p.l(_printf_intcommon.o)
    0x080006c8   0x080006c8   0x00000028   Code   RO         3053    .text               c_p.l(_printf_char_file.o)
    0x080006f0   0x080006f0   0x00000028   Code   RO         3062    .text               c_p.l(rtudiv10.o)
    0x08000718   0x08000718   0x00000008   Code   RO         3113    .text               c_p.l(rt_errno_addr_intlibspace.o)
    0x08000720   0x08000720   0x00000030   Code   RO         3115    .text               c_p.l(_printf_char_common.o)
    0x08000750   0x08000750   0x00000008   Code   RO         3117    .text               c_p.l(ferror.o)
    0x08000758   0x08000758   0x0000013c   Code   RO         3119    .text               c_p.l(initio.o)
    0x08000894   0x08000894   0x00000008   Code   RO         3133    .text               c_p.l(libspace.o)
    0x0800089c   0x0800089c   0x0000003e   Code   RO         3138    .text               c_p.l(sys_stackheap_outer.o)
    0x080008da   0x080008da   0x0000004c   Code   RO         3143    .text               c_p.l(h1_free.o)
    0x08000926   0x08000926   0x00000002   PAD
    0x08000928   0x08000928   0x0000004c   Code   RO         3199    .text               c_p.l(setvbuf.o)
    0x08000974   0x08000974   0x000000e8   Code   RO         3202    .text               c_p.l(fopen.o)
    0x08000a5c   0x08000a5c   0x0000004c   Code   RO         3204    .text               c_p.l(fclose.o)
    0x08000aa8   0x08000aa8   0x00000010   Code   RO         3210    .text               c_p.l(exit.o)
    0x08000ab8   0x08000ab8   0x0000000c   Code   RO         3216    .text               c_p.l(defsig_rtred_outer.o)
    0x08000ac4   0x08000ac4   0x00000008   Code   RO         3295    .text               c_p.l(rt_heap_descriptor_intlibspace.o)
    0x08000acc   0x08000acc   0x00000004   Code   RO         3297    .text               c_p.l(hguard.o)
    0x08000ad0   0x08000ad0   0x00000088   Code   RO         3299    .text               c_p.l(init_alloc.o)
    0x08000b58   0x08000b58   0x00000062   Code   RO         3305    .text               c_p.l(h1_alloc.o)
    0x08000bba   0x08000bba   0x00000002   PAD
    0x08000bbc   0x08000bbc   0x000000f4   Code   RO         3319    .text               c_p.l(fseek.o)
    0x08000cb0   0x08000cb0   0x000000f0   Code   RO         3321    .text               c_p.l(stdio.o)
    0x08000da0   0x08000da0   0x0000000c   Code   RO         3323    .text               c_p.l(defsig_exit.o)
    0x08000dac   0x08000dac   0x00000034   Code   RO         3327    .text               c_p.l(defsig_rtred_inner.o)
    0x08000de0   0x08000de0   0x0000000c   Code   RO         3333    .text               c_p.l(sys_exit.o)
    0x08000dec   0x08000dec   0x0000000e   Code   RO         3344    .text               c_p.l(h1_init.o)
    0x08000dfa   0x08000dfa   0x00000034   Code   RO         3346    .text               c_p.l(h1_extend.o)
    0x08000e2e   0x08000e2e   0x00000042   Code   RO         3352    .text               c_p.l(ftell.o)
    0x08000e70   0x08000e70   0x00000034   Code   RO         3356    .text               c_p.l(defsig_general.o)
    0x08000ea4   0x08000ea4   0x0000000c   Code   RO         3358    .text               c_p.l(defsig_rtmem_outer.o)
    0x08000eb0   0x08000eb0   0x00000002   Code   RO         3373    .text               c_p.l(use_no_semi.o)
    0x08000eb2   0x08000eb2   0x00000000   Code   RO         3375    .text               c_p.l(indicate_semi.o)
    0x08000eb2   0x08000eb2   0x00000002   PAD
    0x08000eb4   0x08000eb4   0x00000050   Code   RO         3380    .text               c_p.l(defsig_rtmem_inner.o)
    0x08000f04   0x08000f04   0x00000010   Code   RO          400    i.EXTI0_1_IRQHandler  stm32f0xx_it.o
    0x08000f14   0x08000f14   0x0000000a   Code   RO          401    i.EXTI4_15_IRQHandler  stm32f0xx_it.o
    0x08000f1e   0x08000f1e   0x00000002   PAD
    0x08000f20   0x08000f20   0x00000024   Code   RO         1032    i.HAL_Delay         stm32f0xx_hal.o
    0x08000f44   0x08000f44   0x00000018   Code   RO          311    i.HAL_GPIO_EXTI_Callback  main.o
    0x08000f5c   0x08000f5c   0x00000018   Code   RO         1705    i.HAL_GPIO_EXTI_IRQHandler  stm32f0xx_hal_gpio.o
    0x08000f74   0x08000f74   0x00000198   Code   RO         1706    i.HAL_GPIO_Init     stm32f0xx_hal_gpio.o
    0x0800110c   0x0800110c   0x00000010   Code   RO         1709    i.HAL_GPIO_TogglePin  stm32f0xx_hal_gpio.o
    0x0800111c   0x0800111c   0x0000000c   Code   RO         1710    i.HAL_GPIO_WritePin  stm32f0xx_hal_gpio.o
    0x08001128   0x08001128   0x0000000c   Code   RO         1036    i.HAL_GetTick       stm32f0xx_hal.o
    0x08001134   0x08001134   0x00000074   Code   RO         2379    i.HAL_HalfDuplex_Init  stm32f0xx_hal_uart.o
    0x080011a8   0x080011a8   0x00000010   Code   RO         1042    i.HAL_IncTick       stm32f0xx_hal.o
    0x080011b8   0x080011b8   0x00000020   Code   RO         1043    i.HAL_Init          stm32f0xx_hal.o
    0x080011d8   0x080011d8   0x00000044   Code   RO         1044    i.HAL_InitTick      stm32f0xx_hal.o
    0x0800121c   0x0800121c   0x00000034   Code   RO          459    i.HAL_MspInit       stm32f0xx_hal_msp.o
    0x08001250   0x08001250   0x00000018   Code   RO         1865    i.HAL_NVIC_EnableIRQ  stm32f0xx_hal_cortex.o
    0x08001268   0x08001268   0x00000008   Code   RO         1869    i.HAL_NVIC_SetPriority  stm32f0xx_hal_cortex.o
    0x08001270   0x08001270   0x00000110   Code   RO          847    i.HAL_RCC_ClockConfig  stm32f0xx_hal_rcc.o
    0x08001380   0x08001380   0x00000020   Code   RO          854    i.HAL_RCC_GetPCLK1Freq  stm32f0xx_hal_rcc.o
    0x080013a0   0x080013a0   0x00000068   Code   RO          855    i.HAL_RCC_GetSysClockFreq  stm32f0xx_hal_rcc.o
    0x08001408   0x08001408   0x00000404   Code   RO          858    i.HAL_RCC_OscConfig  stm32f0xx_hal_rcc.o
    0x0800180c   0x0800180c   0x000000ee   Code   RO          514    i.HAL_SPI_Init      stm32f0xx_hal_spi.o
    0x080018fa   0x080018fa   0x00000002   PAD
    0x080018fc   0x080018fc   0x0000005c   Code   RO          461    i.HAL_SPI_MspInit   stm32f0xx_hal_msp.o
    0x08001958   0x08001958   0x00000030   Code   RO         1873    i.HAL_SYSTICK_Config  stm32f0xx_hal_cortex.o
    0x08001988   0x08001988   0x0000005c   Code   RO          463    i.HAL_UART_MspInit  stm32f0xx_hal_msp.o
    0x080019e4   0x080019e4   0x000000c0   Code   RO         2415    i.HAL_UART_Transmit  stm32f0xx_hal_uart.o
    0x08001aa4   0x08001aa4   0x00000002   Code   RO          402    i.HardFault_Handler  stm32f0xx_it.o
    0x08001aa6   0x08001aa6   0x00000002   PAD
    0x08001aa8   0x08001aa8   0x000000f0   Code   RO          312    i.MX_GPIO_Init      main.o
    0x08001b98   0x08001b98   0x0000004c   Code   RO          313    i.MX_SPI1_Init      main.o
    0x08001be4   0x08001be4   0x00000038   Code   RO          314    i.MX_USART2_UART_Init  main.o
    0x08001c1c   0x08001c1c   0x00000002   Code   RO          403    i.NMI_Handler       stm32f0xx_it.o
    0x08001c1e   0x08001c1e   0x00000002   Code   RO          404    i.PendSV_Handler    stm32f0xx_it.o
    0x08001c20   0x08001c20   0x00000002   Code   RO          405    i.SVC_Handler       stm32f0xx_it.o
    0x08001c22   0x08001c22   0x00000008   Code   RO          406    i.SysTick_Handler   stm32f0xx_it.o
    0x08001c2a   0x08001c2a   0x0000004e   Code   RO          315    i.SystemClock_Config  main.o
    0x08001c78   0x08001c78   0x00000002   Code   RO         2843    i.SystemInit        system_stm32f0xx.o
    0x08001c7a   0x08001c7a   0x000000ca   Code   RO         2420    i.UART_AdvFeatureConfig  stm32f0xx_hal_uart.o
    0x08001d44   0x08001d44   0x000000c4   Code   RO         2421    i.UART_CheckIdleState  stm32f0xx_hal_uart.o
    0x08001e08   0x08001e08   0x00000060   Code   RO         2432    i.UART_EndRxTransfer  stm32f0xx_hal_uart.o
    0x08001e68   0x08001e68   0x00000130   Code   RO         2436    i.UART_SetConfig    stm32f0xx_hal_uart.o
    0x08001f98   0x08001f98   0x0000008a   Code   RO         2441    i.UART_WaitOnFlagUntilTimeout  stm32f0xx_hal_uart.o
    0x08002022   0x08002022   0x00000030   Code   RO          933    i.__ARM_common_ll_muluu  stm32f0xx_hal_rcc.o
    0x08002052   0x08002052   0x00000002   PAD
    0x08002054   0x08002054   0x00000044   Code   RO         1875    i.__NVIC_SetPriority  stm32f0xx_hal_cortex.o
    0x08002098   0x08002098   0x0000001c   Code   RO         2874    i._sys_close        retarget_io.o
    0x080020b4   0x080020b4   0x00000010   Code   RO         2875    i._sys_flen         retarget_io.o
    0x080020c4   0x080020c4   0x0000001c   Code   RO         2876    i._sys_istty        retarget_io.o
    0x080020e0   0x080020e0   0x00000068   Code   RO         2877    i._sys_open         retarget_io.o
    0x08002148   0x08002148   0x00000006   Code   RO         2879    i._sys_seek         retarget_io.o
    0x0800214e   0x0800214e   0x00000002   PAD
    0x08002150   0x08002150   0x00000040   Code   RO         2880    i._sys_write        retarget_io.o
    0x08002190   0x08002190   0x00000008   Code   RO         2881    i._ttywrch          retarget_io.o
    0x08002198   0x08002198   0x00000018   Code   RO          316    i.fputc             main.o
    0x080021b0   0x080021b0   0x00000064   Code   RO          317    i.main              main.o
    0x08002214   0x08002214   0x00000004   Code   RO          319    i.stdout_putchar    main.o
    0x08002218   0x08002218   0x00000002   Code   RO          320    i.ttywrch           main.o
    0x0800221a   0x0800221a   0x00000020   Data   RO          859    .constdata          stm32f0xx_hal_rcc.o
    0x0800223a   0x0800223a   0x00000010   Data   RO         2844    .constdata          system_stm32f0xx.o
    0x0800224a   0x0800224a   0x00000008   Data   RO         2845    .constdata          system_stm32f0xx.o
    0x08002252   0x08002252   0x00000007   Data   RO         2882    .constdata          retarget_io.o
    0x08002259   0x08002259   0x00000008   Data   RO         2883    .constdata          retarget_io.o
    0x08002261   0x08002261   0x00000008   Data   RO         2884    .constdata          retarget_io.o
    0x08002269   0x08002269   0x00000003   PAD
    0x0800226c   0x0800226c   0x00000020   Data   RO         3403    Region$$Table       anon$$obj.o


    Execution Region RW_IRAM1 (Exec base: 0x20000000, Load base: 0x0800228c, Size: 0x00000868, Max: 0x00001800, ABSOLUTE)

    Exec Addr    Load Addr    Size         Type   Attr      Idx    E Section Name        Object

    0x20000000   0x0800228c   0x0000000c   Data   RW         1050    .data               stm32f0xx_hal.o
    0x2000000c   0x08002298   0x00000004   Data   RW         2846    .data               system_stm32f0xx.o
    0x20000010   0x0800229c   0x00000004   Data   RW         3059    .data               c_p.l(stdio_streams.o)
    0x20000014   0x080022a0   0x00000004   Data   RW         3060    .data               c_p.l(stdio_streams.o)
    0x20000018   0x080022a4   0x00000004   Data   RW         3061    .data               c_p.l(stdio_streams.o)
    0x2000001c        -       0x000000ec   Zero   RW          321    .bss                main.o
    0x20000108        -       0x00000054   Zero   RW         3056    .bss                c_p.l(stdio_streams.o)
    0x2000015c        -       0x00000054   Zero   RW         3057    .bss                c_p.l(stdio_streams.o)
    0x200001b0        -       0x00000054   Zero   RW         3058    .bss                c_p.l(stdio_streams.o)
    0x20000204        -       0x00000060   Zero   RW         3134    .bss                c_p.l(libspace.o)
    0x20000264   0x080022a8   0x00000004   PAD
    0x20000268        -       0x00000200   Zero   RW            2    HEAP                startup_stm32f042x6.o
    0x20000468        -       0x00000400   Zero   RW            1    STACK               startup_stm32f042x6.o


==============================================================================

Image component sizes


      Code (inc. data)   RO Data    RW Data    ZI Data      Debug   Object Name

       604         96          0          0        236       8323   main.o
       254         62         23          0          0       5689   retarget_io.o
         0          0          0          0          0     425660   ssd1306.o
       116         56        192          0       1536        660   startup_stm32f042x6.o
       164         30          0         12          0       8617   stm32f0xx_hal.o
       148         24          0          0          0      10285   stm32f0xx_hal_cortex.o
       460         28          0          0          0       3272   stm32f0xx_hal_gpio.o
       236         24          0          0          0       2179   stm32f0xx_hal_msp.o
      1484         66         32          0          0       4805   stm32f0xx_hal_rcc.o
       238          0          0          0          0       1215   stm32f0xx_hal_spi.o
      1244         30          0          0          0      10383   stm32f0xx_hal_uart.o
        42          0          0          0          0       3018   stm32f0xx_it.o
         2          0         24          4          0       1099   system_stm32f0xx.o

    ----------------------------------------------------------------------
      5002        416        306         16       1772     485205   Object Totals
         0          0         32          0          0          0   (incl. Generated)
        10          0          3          0          0          0   (incl. Padding)

    ----------------------------------------------------------------------

      Code (inc. data)   RO Data    RW Data    ZI Data      Debug   Library Member Name

         8          0          0          0          0         68   __main.o
       108          0          0          0          0         76   __printf.o
         0          0          0          0          0          0   __rtentry.o
        12          0          0          0          0          0   __rtentry2.o
         6          0          0          0          0          0   __rtentry4.o
        60          8          0          0          0          0   __scatter.o
        26          0          0          0          0          0   __scatter_copy.o
        28          0          0          0          0          0   __scatter_zi.o
        48          6          0          0          0         88   _printf_char_common.o
        40          6          0          0          0         72   _printf_char_file.o
        10          0          0          0          0          0   _printf_d.o
       108         18          0          0          0         76   _printf_dec.o
       176          0          0          0          0         84   _printf_intcommon.o
         2          0          0          0          0          0   _printf_percent.o
         4          0          0          0          0          0   _printf_percent_end.o
       346          0          0          0          0         92   aeabi_sdiv.o
        12          0          0          0          0         68   defsig_exit.o
        52          0          0          0          0         72   defsig_general.o
        80         58          0          0          0         68   defsig_rtmem_inner.o
        12          0          0          0          0         68   defsig_rtmem_outer.o
        52         38          0          0          0         68   defsig_rtred_inner.o
        12          0          0          0          0         68   defsig_rtred_outer.o
        16          0          0          0          0         68   exit.o
        76          4          0          0          0         76   fclose.o
         8          0          0          0          0         60   ferror.o
       232          8          0          0          0        108   fopen.o
       244          4          0          0          0         76   fseek.o
        66          0          0          0          0         68   ftell.o
        98          0          0          0          0         72   h1_alloc.o
        52          0          0          0          0         68   h1_extend.o
        76          0          0          0          0         72   h1_free.o
        14          0          0          0          0         76   h1_init.o
         6          0          0          0          0        136   heapauxi.o
         4          0          0          0          0        120   hguard.o
         0          0          0          0          0          0   indicate_semi.o
       136          0          0          0          0        160   init_alloc.o
       316         44          0          0          0         96   initio.o
         2          0          0          0          0          0   libinit.o
        14          0          0          0          0          0   libinit2.o
         2          0          0          0          0          0   libshutdown.o
         6          0          0          0          0          0   libshutdown2.o
         8          4          0          0         96         68   libspace.o
       258          0          0          0          0         88   lludiv.o
         0          0          0          0          0          0   maybetermalloc1.o
        28          6          0          0          0         84   noretval__2printf.o
         8          4          0          0          0         68   rt_errno_addr_intlibspace.o
         8          4          0          0          0         68   rt_heap_descriptor_intlibspace.o
        64          0          0          0          0        108   rt_memclr.o
         2          0          0          0          0          0   rtexit.o
        10          0          0          0          0          0   rtexit2.o
        40          0          0          0          0         60   rtudiv10.o
        76          4          0          0          0         72   setvbuf.o
       240          8          0          0          0        144   stdio.o
         0          0          0         12        252          0   stdio_streams.o
       136          4          0          0          0         72   strcmp.o
        12          4          0          0          0         60   sys_exit.o
        62          0          0          0          0         80   sys_stackheap_outer.o
         2          0          0          0          0         68   use_no_semi.o

    ----------------------------------------------------------------------
      3536        232          0         12        352       3264   Library Totals
        12          0          0          0          4          0   (incl. Padding)

    ----------------------------------------------------------------------

      Code (inc. data)   RO Data    RW Data    ZI Data      Debug   Library Name

      3524        232          0         12        348       3264   c_p.l

    ----------------------------------------------------------------------
      3536        232          0         12        352       3264   Library Totals

    ----------------------------------------------------------------------

==============================================================================


      Code (inc. data)   RO Data    RW Data    ZI Data      Debug   

      8538        648        306         28       2124     484701   Grand Totals
      8538        648        306         28       2124     484701   ELF Image Totals
      8538        648        306         28          0          0   ROM Totals

==============================================================================

    Total RO  Size (Code + RO Data)                 8844 (   8.64kB)
    Total RW  Size (RW Data + ZI Data)              2152 (   2.10kB)
    Total ROM Size (Code + RO Data + RW Data)       8872 (   8.66kB)

==============================================================================

