Component: ARM Compiler 5.06 update 6 (build 750) Tool: armlink [4d35ed]

==============================================================================

Section Cross References

    startup_stm32f042x6.o(STACK) refers (Special) to heapauxi.o(.text) for __use_two_region_memory
    startup_stm32f042x6.o(HEAP) refers (Special) to heapauxi.o(.text) for __use_two_region_memory
    startup_stm32f042x6.o(RESET) refers (Special) to heapauxi.o(.text) for __use_two_region_memory
    startup_stm32f042x6.o(RESET) refers to startup_stm32f042x6.o(STACK) for __initial_sp
    startup_stm32f042x6.o(RESET) refers to startup_stm32f042x6.o(.text) for Reset_Handler
    startup_stm32f042x6.o(RESET) refers to stm32f0xx_it.o(i.NMI_Handler) for NMI_Handler
    startup_stm32f042x6.o(RESET) refers to stm32f0xx_it.o(i.HardFault_Handler) for HardFault_Handler
    startup_stm32f042x6.o(RESET) refers to stm32f0xx_it.o(i.SVC_Handler) for SVC_Handler
    startup_stm32f042x6.o(RESET) refers to stm32f0xx_it.o(i.PendSV_Handler) for PendSV_Handler
    startup_stm32f042x6.o(RESET) refers to stm32f0xx_it.o(i.SysTick_Handler) for SysTick_Handler
    startup_stm32f042x6.o(RESET) refers to stm32f0xx_it.o(i.EXTI0_1_IRQHandler) for EXTI0_1_IRQHandler
    startup_stm32f042x6.o(RESET) refers to stm32f0xx_it.o(i.EXTI4_15_IRQHandler) for EXTI4_15_IRQHandler
    startup_stm32f042x6.o(.text) refers (Special) to heapauxi.o(.text) for __use_two_region_memory
    startup_stm32f042x6.o(.text) refers to startup_stm32f042x6.o(STACK) for __initial_sp
    startup_stm32f042x6.o(.text) refers to system_stm32f0xx.o(i.SystemInit) for SystemInit
    startup_stm32f042x6.o(.text) refers to __main.o(!!!main) for __main
    startup_stm32f042x6.o(.text) refers to startup_stm32f042x6.o(HEAP) for Heap_Mem
    main.o(i.MX_GPIO_Init) refers to rt_memclr.o(.text) for __aeabi_memclr4
    main.o(i.MX_GPIO_Init) refers to stm32f0xx_hal_gpio.o(i.HAL_GPIO_WritePin) for HAL_GPIO_WritePin
    main.o(i.MX_GPIO_Init) refers to stm32f0xx_hal_gpio.o(i.HAL_GPIO_Init) for HAL_GPIO_Init
    main.o(i.MX_GPIO_Init) refers to stm32f0xx_hal_cortex.o(i.HAL_NVIC_SetPriority) for HAL_NVIC_SetPriority
    main.o(i.MX_GPIO_Init) refers to stm32f0xx_hal_cortex.o(i.HAL_NVIC_EnableIRQ) for HAL_NVIC_EnableIRQ
    main.o(i.MX_SPI1_Init) refers to stm32f0xx_hal_spi.o(i.HAL_SPI_Init) for HAL_SPI_Init
    main.o(i.MX_SPI1_Init) refers to main.o(.bss) for .bss
    main.o(i.MX_USART2_UART_Init) refers to stm32f0xx_hal_uart.o(i.HAL_HalfDuplex_Init) for HAL_HalfDuplex_Init
    main.o(i.MX_USART2_UART_Init) refers to main.o(.bss) for .bss
    main.o(i.SystemClock_Config) refers to rt_memclr.o(.text) for __aeabi_memclr4
    main.o(i.SystemClock_Config) refers to stm32f0xx_hal_rcc.o(i.HAL_RCC_OscConfig) for HAL_RCC_OscConfig
    main.o(i.SystemClock_Config) refers to stm32f0xx_hal_rcc.o(i.HAL_RCC_ClockConfig) for HAL_RCC_ClockConfig
    main.o(i.fputc) refers to stm32f0xx_hal_uart.o(i.HAL_UART_Transmit) for HAL_UART_Transmit
    main.o(i.fputc) refers to main.o(.bss) for .bss
    main.o(i.main) refers to stm32f0xx_hal.o(i.HAL_Init) for HAL_Init
    main.o(i.main) refers to main.o(i.SystemClock_Config) for SystemClock_Config
    main.o(i.main) refers to main.o(i.MX_GPIO_Init) for MX_GPIO_Init
    main.o(i.main) refers to main.o(i.MX_SPI1_Init) for MX_SPI1_Init
    main.o(i.main) refers to main.o(i.MX_USART2_UART_Init) for MX_USART2_UART_Init
    main.o(i.main) refers to noretval__2printf.o(.text) for __2printf
    main.o(i.main) refers to stm32f0xx_hal_gpio.o(i.HAL_GPIO_TogglePin) for HAL_GPIO_TogglePin
    main.o(i.main) refers to stm32f0xx_hal.o(i.HAL_Delay) for HAL_Delay
    stm32f0xx_it.o(i.EXTI0_1_IRQHandler) refers to stm32f0xx_hal_gpio.o(i.HAL_GPIO_EXTI_IRQHandler) for HAL_GPIO_EXTI_IRQHandler
    stm32f0xx_it.o(i.EXTI4_15_IRQHandler) refers to stm32f0xx_hal_gpio.o(i.HAL_GPIO_EXTI_IRQHandler) for HAL_GPIO_EXTI_IRQHandler
    stm32f0xx_it.o(i.SysTick_Handler) refers to stm32f0xx_hal.o(i.HAL_IncTick) for HAL_IncTick
    stm32f0xx_hal_msp.o(i.HAL_SPI_MspDeInit) refers to stm32f0xx_hal_gpio.o(i.HAL_GPIO_DeInit) for HAL_GPIO_DeInit
    stm32f0xx_hal_msp.o(i.HAL_SPI_MspInit) refers to rt_memclr.o(.text) for __aeabi_memclr4
    stm32f0xx_hal_msp.o(i.HAL_SPI_MspInit) refers to stm32f0xx_hal_gpio.o(i.HAL_GPIO_Init) for HAL_GPIO_Init
    stm32f0xx_hal_msp.o(i.HAL_UART_MspDeInit) refers to stm32f0xx_hal_gpio.o(i.HAL_GPIO_DeInit) for HAL_GPIO_DeInit
    stm32f0xx_hal_msp.o(i.HAL_UART_MspInit) refers to rt_memclr.o(.text) for __aeabi_memclr4
    stm32f0xx_hal_msp.o(i.HAL_UART_MspInit) refers to stm32f0xx_hal_gpio.o(i.HAL_GPIO_Init) for HAL_GPIO_Init
    stm32f0xx_hal_spi.o(i.HAL_SPI_Abort) refers to aeabi_sdiv.o(.text) for __aeabi_uidivmod
    stm32f0xx_hal_spi.o(i.HAL_SPI_Abort) refers to stm32f0xx_hal_dma.o(i.HAL_DMA_Abort) for HAL_DMA_Abort
    stm32f0xx_hal_spi.o(i.HAL_SPI_Abort) refers to stm32f0xx_hal.o(i.HAL_GetTick) for HAL_GetTick
[...]
    Removing stm32f0xx_hal_flash.o(i.HAL_FLASH_EndOfOperationCallback), (2 bytes).
    Removing stm32f0xx_hal_flash.o(i.HAL_FLASH_GetError), (12 bytes).
    Removing stm32f0xx_hal_flash.o(i.HAL_FLASH_IRQHandler), (268 bytes).
    Removing stm32f0xx_hal_flash.o(i.HAL_FLASH_Lock), (20 bytes).
    Removing stm32f0xx_hal_flash.o(i.HAL_FLASH_OB_Launch), (32 bytes).
    Removing stm32f0xx_hal_flash.o(i.HAL_FLASH_OB_Lock), (20 bytes).
    Removing stm32f0xx_hal_flash.o(i.HAL_FLASH_OB_Unlock), (36 bytes).
    Removing stm32f0xx_hal_flash.o(i.HAL_FLASH_OperationErrorCallback), (2 bytes).
    Removing stm32f0xx_hal_flash.o(i.HAL_FLASH_Program), (124 bytes).
    Removing stm32f0xx_hal_flash.o(i.HAL_FLASH_Program_IT), (100 bytes).
    Removing stm32f0xx_hal_flash.o(i.HAL_FLASH_Unlock), (40 bytes).
    Removing stm32f0xx_hal_flash.o(.bss), (32 bytes).
    Removing stm32f0xx_hal_flash_ex.o(.rev16_text), (4 bytes).
    Removing stm32f0xx_hal_flash_ex.o(.revsh_text), (4 bytes).
    Removing stm32f0xx_hal_flash_ex.o(i.FLASH_MassErase), (36 bytes).
    Removing stm32f0xx_hal_flash_ex.o(i.FLASH_OB_GetRDP), (32 bytes).
    Removing stm32f0xx_hal_flash_ex.o(i.FLASH_OB_RDP_LevelConfig), (96 bytes).
    Removing stm32f0xx_hal_flash_ex.o(i.FLASH_PageErase), (36 bytes).
    Removing stm32f0xx_hal_flash_ex.o(i.HAL_FLASHEx_Erase), (160 bytes).
    Removing stm32f0xx_hal_flash_ex.o(i.HAL_FLASHEx_Erase_IT), (88 bytes).
    Removing stm32f0xx_hal_flash_ex.o(i.HAL_FLASHEx_OBErase), (80 bytes).
    Removing stm32f0xx_hal_flash_ex.o(i.HAL_FLASHEx_OBGetConfig), (32 bytes).
    Removing stm32f0xx_hal_flash_ex.o(i.HAL_FLASHEx_OBGetUserData), (28 bytes).
    Removing stm32f0xx_hal_flash_ex.o(i.HAL_FLASHEx_OBProgram), (268 bytes).
    Removing stm32f0xx_hal_exti.o(.rev16_text), (4 bytes).
    Removing stm32f0xx_hal_exti.o(.revsh_text), (4 bytes).
    Removing stm32f0xx_hal_exti.o(i.HAL_EXTI_ClearConfigLine), (100 bytes).
    Removing stm32f0xx_hal_exti.o(i.HAL_EXTI_ClearPending), (20 bytes).
    Removing stm32f0xx_hal_exti.o(i.HAL_EXTI_GenerateSWI), (20 bytes).
    Removing stm32f0xx_hal_exti.o(i.HAL_EXTI_GetConfigLine), (132 bytes).
    Removing stm32f0xx_hal_exti.o(i.HAL_EXTI_GetHandle), (14 bytes).
    Removing stm32f0xx_hal_exti.o(i.HAL_EXTI_GetPending), (24 bytes).
    Removing stm32f0xx_hal_exti.o(i.HAL_EXTI_IRQHandler), (36 bytes).
    Removing stm32f0xx_hal_exti.o(i.HAL_EXTI_RegisterCallback), (16 bytes).
    Removing stm32f0xx_hal_exti.o(i.HAL_EXTI_SetConfigLine), (148 bytes).
    Removing stm32f0xx_hal_tim.o(.rev16_text), (4 bytes).
    Removing stm32f0xx_hal_tim.o(.revsh_text), (4 bytes).
    Removing stm32f0xx_hal_tim_ex.o(.rev16_text), (4 bytes).
    Removing stm32f0xx_hal_tim_ex.o(.revsh_text), (4 bytes).
    Removing stm32f0xx_hal_uart.o(.rev16_text), (4 bytes).
    Removing stm32f0xx_hal_uart.o(.revsh_text), (4 bytes).
    Removing stm32f0xx_hal_uart.o(i.HAL_HalfDuplex_EnableReceiver), (78 bytes).
    Removing stm32f0xx_hal_uart.o(i.HAL_HalfDuplex_EnableTransmitter), (78 bytes).
    Removing stm32f0xx_hal_uart.o(i.HAL_LIN_Init), (146 bytes).
    Removing stm32f0xx_hal_uart.o(i.HAL_LIN_SendBreak), (44 bytes).
    Removing stm32f0xx_hal_uart.o(i.HAL_MultiProcessor_DisableMuteMode), (58 bytes).
    Removing stm32f0xx_hal_uart.o(i.HAL_MultiProcessor_EnableMuteMode), (58 bytes).
    Removing stm32f0xx_hal_uart.o(i.HAL_MultiProcessor_EnterMuteMode), (12 bytes).
    Removing stm32f0xx_hal_uart.o(i.HAL_MultiProcessor_Init), (142 bytes).
    Removing stm32f0xx_hal_uart.o(i.HAL_UARTEx_RxEventCallback), (2 bytes).
    Removing stm32f0xx_hal_uart.o(i.HAL_UART_Abort), (252 bytes).
    Removing stm32f0xx_hal_uart.o(i.HAL_UART_AbortCpltCallback), (2 bytes).
    Removing stm32f0xx_hal_uart.o(i.HAL_UART_AbortReceive), (186 bytes).
    Removing stm32f0xx_hal_uart.o(i.HAL_UART_AbortReceiveCpltCallback), (2 bytes).
    Removing stm32f0xx_hal_uart.o(i.HAL_UART_AbortReceive_IT), (204 bytes).
    Removing stm32f0xx_hal_uart.o(i.HAL_UART_AbortTransmit), (112 bytes).
    Removing stm32f0xx_hal_uart.o(i.HAL_UART_AbortTransmitCpltCallback), (2 bytes).
    Removing stm32f0xx_hal_uart.o(i.HAL_UART_AbortTransmit_IT), (116 bytes).
    Removing stm32f0xx_hal_uart.o(i.HAL_UART_Abort_IT), (292 bytes).
    Removing stm32f0xx_hal_uart.o(i.HAL_UART_DMAPause), (130 bytes).
    Removing stm32f0xx_hal_uart.o(i.HAL_UART_DMAResume), (126 bytes).
    Removing stm32f0xx_hal_uart.o(i.HAL_UART_DMAStop), (154 bytes).
    Removing stm32f0xx_hal_uart.o(i.HAL_UART_DeInit), (66 bytes).
    Removing stm32f0xx_hal_uart.o(i.HAL_UART_DisableReceiverTimeout), (52 bytes).
    Removing stm32f0xx_hal_uart.o(i.HAL_UART_EnableReceiverTimeout), (52 bytes).
    Removing stm32f0xx_hal_uart.o(i.HAL_UART_ErrorCallback), (2 bytes).
    Removing stm32f0xx_hal_uart.o(i.HAL_UART_GetError), (6 bytes).
    Removing stm32f0xx_hal_uart.o(i.HAL_UART_GetState), (10 bytes).
    Removing stm32f0xx_hal_uart.o(i.HAL_UART_IRQHandler), (684 bytes).
    Removing stm32f0xx_hal_uart.o(i.HAL_UART_Init), (106 bytes).
    Removing stm32f0xx_hal_uart.o(i.HAL_UART_MspDeInit), (2 bytes).
    Removing stm32f0xx_hal_uart.o(i.HAL_UART_MspInit), (2 bytes).
    Removing stm32f0xx_hal_uart.o(i.HAL_UART_Receive), (264 bytes).
    Removing stm32f0xx_hal_uart.o(i.HAL_UART_Receive_DMA), (88 bytes).
    Removing stm32f0xx_hal_uart.o(i.HAL_UART_Receive_IT), (88 bytes).
    Removing stm32f0xx_hal_uart.o(i.HAL_UART_ReceiverTimeout_Config), (14 bytes).
    Removing stm32f0xx_hal_uart.o(i.HAL_UART_RxCpltCallback), (2 bytes).
    Removing stm32f0xx_hal_uart.o(i.HAL_UART_RxHalfCpltCallback), (2 bytes).
    Removing stm32f0xx_hal_uart.o(i.HAL_UART_Transmit_DMA), (172 bytes).
    Removing stm32f0xx_hal_uart.o(i.HAL_UART_Transmit_IT), (120 bytes).
    Removing stm32f0xx_hal_uart.o(i.HAL_UART_TxCpltCallback), (2 bytes).
    Removing stm32f0xx_hal_uart.o(i.HAL_UART_TxHalfCpltCallback), (2 bytes).
    Removing stm32f0xx_hal_uart.o(i.UART_DMAAbortOnError), (20 bytes).
    Removing stm32f0xx_hal_uart.o(i.UART_DMAError), (76 bytes).
    Removing stm32f0xx_hal_uart.o(i.UART_DMAReceiveCplt), (152 bytes).
    Removing stm32f0xx_hal_uart.o(i.UART_DMARxAbortCallback), (66 bytes).
    Removing stm32f0xx_hal_uart.o(i.UART_DMARxHalfCplt), (32 bytes).
    Removing stm32f0xx_hal_uart.o(i.UART_DMARxOnlyAbortCallback), (40 bytes).
    Removing stm32f0xx_hal_uart.o(i.UART_DMATransmitCplt), (74 bytes).
    Removing stm32f0xx_hal_uart.o(i.UART_DMATxAbortCallback), (54 bytes).
    Removing stm32f0xx_hal_uart.o(i.UART_DMATxHalfCplt), (10 bytes).
    Removing stm32f0xx_hal_uart.o(i.UART_DMATxOnlyAbortCallback), (20 bytes).
    Removing stm32f0xx_hal_uart.o(i.UART_EndTxTransfer), (32 bytes).
    Removing stm32f0xx_hal_uart.o(i.UART_RxISR_16BIT), (206 bytes).
    Removing stm32f0xx_hal_uart.o(i.UART_RxISR_8BIT), (206 bytes).
    Removing stm32f0xx_hal_uart.o(i.UART_Start_Receive_DMA), (172 bytes).
    Removing stm32f0xx_hal_uart.o(i.UART_Start_Receive_IT), (200 bytes).
    Removing stm32f0xx_hal_uart.o(i.UART_TxISR_16BIT), (94 bytes).
    Removing stm32f0xx_hal_uart.o(i.UART_TxISR_8BIT), (90 bytes).
    Removing stm32f0xx_hal_uart_ex.o(.rev16_text), (4 bytes).
    Removing stm32f0xx_hal_uart_ex.o(.revsh_text), (4 bytes).
    Removing stm32f0xx_hal_uart_ex.o(i.HAL_MultiProcessorEx_AddressLength_Set), (52 bytes).
    Removing stm32f0xx_hal_uart_ex.o(i.HAL_RS485Ex_Init), (136 bytes).
    Removing stm32f0xx_hal_uart_ex.o(i.HAL_UARTEx_DisableStopMode), (48 bytes).
    Removing stm32f0xx_hal_uart_ex.o(i.HAL_UARTEx_EnableStopMode), (48 bytes).
    Removing stm32f0xx_hal_uart_ex.o(i.HAL_UARTEx_GetRxEventType), (4 bytes).
    Removing stm32f0xx_hal_uart_ex.o(i.HAL_UARTEx_ReceiveToIdle), (332 bytes).
    Removing stm32f0xx_hal_uart_ex.o(i.HAL_UARTEx_ReceiveToIdle_DMA), (108 bytes).
    Removing stm32f0xx_hal_uart_ex.o(i.HAL_UARTEx_ReceiveToIdle_IT), (108 bytes).
    Removing stm32f0xx_hal_uart_ex.o(i.HAL_UARTEx_StopModeWakeUpSourceConfig), (152 bytes).
    Removing stm32f0xx_hal_uart_ex.o(i.HAL_UARTEx_WakeupCallback), (2 bytes).
    Removing system_stm32f0xx.o(.rev16_text), (4 bytes).
    Removing system_stm32f0xx.o(.revsh_text), (4 bytes).
    Removing system_stm32f0xx.o(i.SystemCoreClockUpdate), (112 bytes).
    Removing stm32f0xx_hal_dma.o(i.__ARM_common_switch8), (26 bytes).

382 unused section(s) (total 31136 bytes) removed from the image.

==============================================================================

Image Symbol Table

    Local Symbols

    Symbol Name                              Value     Ov Type        Size  Object(Section)

    ../Core/Src/main.c                       0x00000000   Number         0  main.o ABSOLUTE
    ../Core/Src/stm32f0xx_hal_msp.c          0x00000000   Number         0  stm32f0xx_hal_msp.o ABSOLUTE
    ../Core/Src/stm32f0xx_it.c               0x00000000   Number         0  stm32f0xx_it.o ABSOLUTE
    ../Core/Src/system_stm32f0xx.c           0x00000000   Number         0  system_stm32f0xx.o ABSOLUTE
    ../Drivers/STM32F0xx_HAL_Driver/Src/stm32f0xx_hal.c 0x00000000   Number         0  stm32f0xx_hal.o ABSOLUTE
    ../Drivers/STM32F0xx_HAL_Driver/Src/stm32f0xx_hal_cortex.c 0x00000000   Number         0  stm32f0xx_hal_cortex.o ABSOLUTE
    ../Drivers/STM32F0xx_HAL_Driver/Src/stm32f0xx_hal_dma.c 0x00000000   Number         0  stm32f0xx_hal_dma.o ABSOLUTE
    ../Drivers/STM32F0xx_HAL_Driver/Src/stm32f0xx_hal_exti.c 0x00000000   Number         0  stm32f0xx_hal_exti.o ABSOLUTE
    ../Drivers/STM32F0xx_HAL_Driver/Src/stm32f0xx_hal_flash.c 0x00000000   Number         0  stm32f0xx_hal_flash.o ABSOLUTE
    ../Drivers/STM32F0xx_HAL_Driver/Src/stm32f0xx_hal_flash_ex.c 0x00000000   Number         0  stm32f0xx_hal_flash_ex.o ABSOLUTE
    ../Drivers/STM32F0xx_HAL_Driver/Src/stm32f0xx_hal_gpio.c 0x00000000   Number         0  stm32f0xx_hal_gpio.o ABSOLUTE
    ../Drivers/STM32F0xx_HAL_Driver/Src/stm32f0xx_hal_i2c.c 0x00000000   Number         0  stm32f0xx_hal_i2c.o ABSOLUTE
    ../Drivers/STM32F0xx_HAL_Driver/Src/stm32f0xx_hal_i2c_ex.c 0x00000000   Number         0  stm32f0xx_hal_i2c_ex.o ABSOLUTE
    ../Drivers/STM32F0xx_HAL_Driver/Src/stm32f0xx_hal_pwr.c 0x00000000   Number         0  stm32f0xx_hal_pwr.o ABSOLUTE
    ../Drivers/STM32F0xx_HAL_Driver/Src/stm32f0xx_hal_pwr_ex.c 0x00000000   Number         0  stm32f0xx_hal_pwr_ex.o ABSOLUTE
    ../Drivers/STM32F0xx_HAL_Driver/Src/stm32f0xx_hal_rcc.c 0x00000000   Number         0  stm32f0xx_hal_rcc.o ABSOLUTE
    ../Drivers/STM32F0xx_HAL_Driver/Src/stm32f0xx_hal_rcc_ex.c 0x00000000   Number         0  stm32f0xx_hal_rcc_ex.o ABSOLUTE
    ../Drivers/STM32F0xx_HAL_Driver/Src/stm32f0xx_hal_spi.c 0x00000000   Number         0  stm32f0xx_hal_spi.o ABSOLUTE
    ../Drivers/STM32F0xx_HAL_Driver/Src/stm32f0xx_hal_spi_ex.c 0x00000000   Number         0  stm32f0xx_hal_spi_ex.o ABSOLUTE
    ../Drivers/STM32F0xx_HAL_Driver/Src/stm32f0xx_hal_tim.c 0x00000000   Number         0  stm32f0xx_hal_tim.o ABSOLUTE
    ../Drivers/STM32F0xx_HAL_Driver/Src/stm32f0xx_hal_tim_ex.c 0x00000000   Number         0  stm32f0xx_hal_tim_ex.o ABSOLUTE
    ../Drivers/STM32F0xx_HAL_Driver/Src/stm32f0xx_hal_uart.c 0x00000000   Number         0  stm32f0xx_hal_uart.o ABSOLUTE
    ../Drivers/STM32F0xx_HAL_Driver/Src/stm32f0xx_hal_uart_ex.c 0x00000000   Number         0  stm32f0xx_hal_uart_ex.o ABSOLUTE
    ../clib/angel/boardlib.s                 0x00000000   Number         0  boardshut.o ABSOLUTE
    ../clib/angel/boardlib.s                 0x00000000   Number         0  boardinit1.o ABSOLUTE
    ../clib/angel/boardlib.s                 0x00000000   Number         0  boardinit2.o ABSOLUTE
    ../clib/angel/boardlib.s                 0x00000000   Number         0  boardinit3.o ABSOLUTE
    ../clib/angel/handlers.s                 0x00000000   Number         0  __scatter_zi.o ABSOLUTE
    ../clib/angel/handlers.s                 0x00000000   Number         0  __scatter_copy.o ABSOLUTE
    ../clib/angel/kernel.s                   0x00000000   Number         0  __rtentry4.o ABSOLUTE
    ../clib/angel/kernel.s                   0x00000000   Number         0  __rtentry.o ABSOLUTE
    ../clib/angel/kernel.s                   0x00000000   Number         0  rtexit2.o ABSOLUTE
    ../clib/angel/kernel.s                   0x00000000   Number         0  __rtentry2.o ABSOLUTE
    ../clib/angel/kernel.s                   0x00000000   Number         0  rtexit.o ABSOLUTE
    ../clib/angel/rt.s                       0x00000000   Number         0  aeabi_ldiv0.o ABSOLUTE
    ../clib/angel/rt.s                       0x00000000   Number         0  aeabi_idiv0_sigfpe.o ABSOLUTE
    ../clib/angel/rt.s                       0x00000000   Number         0  rt_heap_descriptor.o ABSOLUTE
    ../clib/angel/rt.s                       0x00000000   Number         0  rt_heap_descriptor_intlibspace.o ABSOLUTE
    ../clib/angel/rt.s                       0x00000000   Number         0  rt_div0.o ABSOLUTE
    ../clib/angel/rt.s                       0x00000000   Number         0  aeabi_ldiv0_sigfpe.o ABSOLUTE
    ../clib/angel/rt.s                       0x00000000   Number         0  aeabi_idiv0.o ABSOLUTE
    ../clib/angel/rt.s                       0x00000000   Number         0  rt_raise.o ABSOLUTE
    ../clib/angel/rt.s                       0x00000000   Number         0  rt_errno_addr_intlibspace.o ABSOLUTE
    ../clib/angel/rt.s                       0x00000000   Number         0  rt_errno_addr.o ABSOLUTE
    ../clib/angel/scatterp.s                 0x00000000   Number         0  __scatter.o ABSOLUTE
    ../clib/angel/startup.s                  0x00000000   Number         0  __main.o ABSOLUTE
    ../clib/angel/sys.s                      0x00000000   Number         0  libspace.o ABSOLUTE
    ../clib/angel/sys.s                      0x00000000   Number         0  use_no_semi.o ABSOLUTE
    ../clib/angel/sys.s                      0x00000000   Number         0  indicate_semi.o ABSOLUTE
    ../clib/angel/sys.s                      0x00000000   Number         0  sys_stackheap_outer.o ABSOLUTE
    ../clib/angel/sys.s                      0x00000000   Number         0  mutex_dummy.o ABSOLUTE
    ../clib/angel/sys.s                      0x00000000   Number         0  tempstk.o ABSOLUTE
    ../clib/angel/sysapp.c                   0x00000000   Number         0  sys_io.o ABSOLUTE
    ../clib/angel/sysapp.c                   0x00000000   Number         0  sys_command.o ABSOLUTE
    ../clib/angel/sysapp.c                   0x00000000   Number         0  sys_wrch.o ABSOLUTE
    ../clib/angel/sysapp.c                   0x00000000   Number         0  sys_exit.o ABSOLUTE
    ../clib/armsys.c                         0x00000000   Number         0  argv_veneer.o ABSOLUTE
    ../clib/armsys.c                         0x00000000   Number         0  _get_argv.o ABSOLUTE
    ../clib/armsys.c                         0x00000000   Number         0  _get_argv_nomalloc.o ABSOLUTE
    ../clib/armsys.c                         0x00000000   Number         0  no_argv.o ABSOLUTE
    ../clib/division.c                       0x00000000   Number         0  lludiv.o ABSOLUTE
    ../clib/division.s                       0x00000000   Number         0  aeabi_sdiv_div0.o ABSOLUTE
    ../clib/division.s                       0x00000000   Number         0  aeabi_sdiv.o ABSOLUTE
    ../clib/heap1.c                          0x00000000   Number         0  h1_final_mt.o ABSOLUTE
    ../clib/heap1.c                          0x00000000   Number         0  h1_final.o ABSOLUTE
    ../clib/heap1.c                          0x00000000   Number         0  h1_extend.o ABSOLUTE
    ../clib/heap1.c                          0x00000000   Number         0  h1_extend_mt.o ABSOLUTE
    ../clib/heap1.c                          0x00000000   Number         0  h1_alloc.o ABSOLUTE
    ../clib/heap1.c                          0x00000000   Number         0  h1_alloc_mt.o ABSOLUTE
    ../clib/heap1.c                          0x00000000   Number         0  h1_init.o ABSOLUTE
    ../clib/heap1.c                          0x00000000   Number         0  h1_free_mt.o ABSOLUTE
    ../clib/heap1.c                          0x00000000   Number         0  h1_free.o ABSOLUTE
    ../clib/heap1.c                          0x00000000   Number         0  h1_init_mt.o ABSOLUTE
    ../clib/heap2.c                          0x00000000   Number         0  fdtree.o ABSOLUTE
    ../clib/heap2.c                          0x00000000   Number         0  heap2mt.o ABSOLUTE
    ../clib/heap2.c                          0x00000000   Number         0  heap2.o ABSOLUTE
    ../clib/heapalloc.c                      0x00000000   Number         0  maybetermalloc1.o ABSOLUTE
    ../clib/heapalloc.c                      0x00000000   Number         0  maybetermalloc2.o ABSOLUTE
    ../clib/heapalloc.c                      0x00000000   Number         0  malloc.o ABSOLUTE
    ../clib/heapalloc.c                      0x00000000   Number         0  hrguard.o ABSOLUTE
    ../clib/heapalloc.c                      0x00000000   Number         0  maybetermalloc2.o ABSOLUTE
    ../clib/heapalloc.c                      0x00000000   Number         0  hguard.o ABSOLUTE
    ../clib/heapalloc.c                      0x00000000   Number         0  heapstubs.o ABSOLUTE
    ../clib/heapalloc.c                      0x00000000   Number         0  free.o ABSOLUTE
    ../clib/heapalloc.c                      0x00000000   Number         0  term_alloc.o ABSOLUTE
    ../clib/heapalloc.c                      0x00000000   Number         0  init_alloc.o ABSOLUTE
    ../clib/heapalloc.c                      0x00000000   Number         0  maybetermalloc1.o ABSOLUTE
    ../clib/heapaux.c                        0x00000000   Number         0  heapauxa.o ABSOLUTE
    ../clib/heapaux.c                        0x00000000   Number         0  heapauxi.o ABSOLUTE
    ../clib/libinit.s                        0x00000000   Number         0  libshutdown.o ABSOLUTE
    ../clib/libinit.s                        0x00000000   Number         0  libinit2.o ABSOLUTE
    ../clib/libinit.s                        0x00000000   Number         0  libshutdown2.o ABSOLUTE
    ../clib/libinit.s                        0x00000000   Number         0  libinit.o ABSOLUTE
    ../clib/longlong.c                       0x00000000   Number         0  llushr.o ABSOLUTE
    ../clib/memcpset.c                       0x00000000   Number         0  rt_memcpy.o ABSOLUTE
    ../clib/memcpset.c                       0x00000000   Number         0  rt_memcpy.o ABSOLUTE
    ../clib/memcpset.c                       0x00000000   Number         0  rt_memclr.o ABSOLUTE
    ../clib/printf.c                         0x00000000   Number         0  _printf_char_file.o ABSOLUTE
    ../clib/printf.c                         0x00000000   Number         0  __printf_nopercent.o ABSOLUTE
    ../clib/printf.c                         0x00000000   Number         0  _printf_char_common.o ABSOLUTE
    ../clib/printf.c                         0x00000000   Number         0  __2printf.o ABSOLUTE
    ../clib/printf.c                         0x00000000   Number         0  noretval__2printf.o ABSOLUTE
    ../clib/signal.c                         0x00000000   Number         0  defsig_rtmem_outer.o ABSOLUTE
    ../clib/signal.c                         0x00000000   Number         0  defsig_rtmem_formal.o ABSOLUTE
    ../clib/signal.c                         0x00000000   Number         0  defsig_exit.o ABSOLUTE
    ../clib/signal.c                         0x00000000   Number         0  defsig_rtmem_inner.o ABSOLUTE
    ../clib/signal.c                         0x00000000   Number         0  defsig_abrt_inner.o ABSOLUTE
    ../clib/signal.c                         0x00000000   Number         0  defsig_stak_inner.o ABSOLUTE
    ../clib/signal.c                         0x00000000   Number         0  defsig_pvfn_inner.o ABSOLUTE
    ../clib/signal.c                         0x00000000   Number         0  defsig_cppl_inner.o ABSOLUTE
    ../clib/signal.c                         0x00000000   Number         0  defsig_segv_inner.o ABSOLUTE
    ../clib/signal.c                         0x00000000   Number         0  defsig_other.o ABSOLUTE
    ../clib/signal.c                         0x00000000   Number         0  defsig_fpe_inner.o ABSOLUTE
    ../clib/signal.c                         0x00000000   Number         0  defsig_rtred_formal.o ABSOLUTE
    ../clib/signal.c                         0x00000000   Number         0  defsig_rtred_outer.o ABSOLUTE
    ../clib/signal.c                         0x00000000   Number         0  defsig_rtred_inner.o ABSOLUTE
    ../clib/signal.c                         0x00000000   Number         0  defsig_fpe_outer.o ABSOLUTE
    ../clib/signal.c                         0x00000000   Number         0  __raise.o ABSOLUTE
    ../clib/signal.c                         0x00000000   Number         0  defsig_general.o ABSOLUTE
    ../clib/signal.c                         0x00000000   Number         0  defsig_fpe_formal.o ABSOLUTE
    ../clib/signal.s                         0x00000000   Number         0  defsig.o ABSOLUTE
    ../clib/stdio.c                          0x00000000   Number         0  fseek.o ABSOLUTE
    ../clib/stdio.c                          0x00000000   Number         0  fopen_locked.o ABSOLUTE
    ../clib/stdio.c                          0x00000000   Number         0  setvbuf_locked.o ABSOLUTE
    ../clib/stdio.c                          0x00000000   Number         0  setvbuf.o ABSOLUTE
    ../clib/stdio.c                          0x00000000   Number         0  ferror.o ABSOLUTE
    ../clib/stdio.c                          0x00000000   Number         0  fclose.o ABSOLUTE
    ../clib/stdio.c                          0x00000000   Number         0  initio.o ABSOLUTE
    ../clib/stdio.c                          0x00000000   Number         0  fopen.o ABSOLUTE
    ../clib/stdio.c                          0x00000000   Number         0  ferror_locked.o ABSOLUTE
    ../clib/stdio.c                          0x00000000   Number         0  initio_locked.o ABSOLUTE
    ../clib/stdio.c                          0x00000000   Number         0  streamlock.o ABSOLUTE
    ../clib/stdio.c                          0x00000000   Number         0  stdio_streams.o ABSOLUTE
    ../clib/stdio.c                          0x00000000   Number         0  ftell.o ABSOLUTE
    ../clib/stdio.c                          0x00000000   Number         0  stdio.o ABSOLUTE
    ../clib/stdlib.c                         0x00000000   Number         0  exit.o ABSOLUTE
    ../clib/string.c                         0x00000000   Number         0  strlen.o ABSOLUTE
    ../fplib/cfplib/fpinit.c                 0x00000000   Number         0  fpinit.o ABSOLUTE
    ..\Core\Src\main.c                       0x00000000   Number         0  main.o ABSOLUTE
    ..\Core\Src\stm32f0xx_hal_msp.c          0x00000000   Number         0  stm32f0xx_hal_msp.o ABSOLUTE
    ..\Core\Src\stm32f0xx_it.c               0x00000000   Number         0  stm32f0xx_it.o ABSOLUTE
    ..\Core\Src\system_stm32f0xx.c           0x00000000   Number         0  system_stm32f0xx.o ABSOLUTE
    ..\Drivers\STM32F0xx_HAL_Driver\Src\stm32f0xx_hal.c 0x00000000   Number         0  stm32f0xx_hal.o ABSOLUTE
    ..\Drivers\STM32F0xx_HAL_Driver\Src\stm32f0xx_hal_cortex.c 0x00000000   Number         0  stm32f0xx_hal_cortex.o ABSOLUTE
    ..\Drivers\STM32F0xx_HAL_Driver\Src\stm32f0xx_hal_dma.c 0x00000000   Number         0  stm32f0xx_hal_dma.o ABSOLUTE
    ..\Drivers\STM32F0xx_HAL_Driver\Src\stm32f0xx_hal_exti.c 0x00000000   Number         0  stm32f0xx_hal_exti.o ABSOLUTE
    ..\Drivers\STM32F0xx_HAL_Driver\Src\stm32f0xx_hal_flash.c 0x00000000   Number         0  stm32f0xx_hal_flash.o ABSOLUTE
    ..\Drivers\STM32F0xx_HAL_Driver\Src\stm32f0xx_hal_flash_ex.c 0x00000000   Number         0  stm32f0xx_hal_flash_ex.o ABSOLUTE
    ..\Drivers\STM32F0xx_HAL_Driver\Src\stm32f0xx_hal_gpio.c 0x00000000   Number         0  stm32f0xx_hal_gpio.o ABSOLUTE
    ..\Drivers\STM32F0xx_HAL_Driver\Src\stm32f0xx_hal_i2c.c 0x00000000   Number         0  stm32f0xx_hal_i2c.o ABSOLUTE
    ..\Drivers\STM32F0xx_HAL_Driver\Src\stm32f0xx_hal_i2c_ex.c 0x00000000   Number         0  stm32f0xx_hal_i2c_ex.o ABSOLUTE
    ..\Drivers\STM32F0xx_HAL_Driver\Src\stm32f0xx_hal_pwr.c 0x00000000   Number         0  stm32f0xx_hal_pwr.o ABSOLUTE
    ..\Drivers\STM32F0xx_HAL_Driver\Src\stm32f0xx_hal_pwr_ex.c 0x00000000   Number         0  stm32f0xx_hal_pwr_ex.o ABSOLUTE
    ..\Drivers\STM32F0xx_HAL_Driver\Src\stm32f0xx_hal_rcc.c 0x00000000   Number         0  stm32f0xx_hal_rcc.o ABSOLUTE
    ..\Drivers\STM32F0xx_HAL_Driver\Src\stm32f0xx_hal_rcc_ex.c 0x00000000   Number         0  stm32f0xx_hal_rcc_ex.o ABSOLUTE
    ..\Drivers\STM32F0xx_HAL_Driver\Src\stm32f0xx_hal_spi.c 0x00000000   Number         0  stm32f0xx_hal_spi.o ABSOLUTE
    ..\Drivers\STM32F0xx_HAL_Driver\Src\stm32f0xx_hal_spi_ex.c 0x00000000   Number         0  stm32f0xx_hal_spi_ex.o ABSOLUTE
    ..\Drivers\STM32F0xx_HAL_Driver\Src\stm32f0xx_hal_tim.c 0x00000000   Number         0  stm32f0xx_hal_tim.o ABSOLUTE
    ..\Drivers\STM32F0xx_HAL_Driver\Src\stm32f0xx_hal_tim_ex.c 0x00000000   Number         0  stm32f0xx_hal_tim_ex.o ABSOLUTE
    ..\Drivers\STM32F0xx_HAL_Driver\Src\stm32f0xx_hal_uart.c 0x00000000   Number         0  stm32f0xx_hal_uart.o ABSOLUTE
    ..\Drivers\STM32F0xx_HAL_Driver\Src\stm32f0xx_hal_uart_ex.c 0x00000000   Number         0  stm32f0xx_hal_uart_ex.o ABSOLUTE
    dc.s                                     0x00000000   Number         0  dc.o ABSOLUTE
    startup_stm32f042x6.s                    0x00000000   Number         0  startup_stm32f042x6.o ABSOLUTE
    RESET                                    0x08000000   Section      192  startup_stm32f042x6.o(RESET)
    !!!main                                  0x080000c0   Section        8  __main.o(!!!main)
    !!!scatter                               0x080000c8   Section       60  __scatter.o(!!!scatter)
    !!handler_copy                           0x08000104   Section       26  __scatter_copy.o(!!handler_copy)
    !!handler_zi                             0x08000120   Section       28  __scatter_zi.o(!!handler_zi)
    .ARM.Collect$$libinit$$00000000          0x0800013c   Section        2  libinit.o(.ARM.Collect$$libinit$$00000000)
    .ARM.Collect$$libinit$$00000002          0x0800013e   Section        0  libinit2.o(.ARM.Collect$$libinit$$00000002)
    .ARM.Collect$$libinit$$00000004          0x0800013e   Section        0  libinit2.o(.ARM.Collect$$libinit$$00000004)
    .ARM.Collect$$libinit$$00000005          0x0800013e   Section        8  libinit2.o(.ARM.Collect$$libinit$$00000005)
    .ARM.Collect$$libinit$$0000000A          0x08000146   Section        0  libinit2.o(.ARM.Collect$$libinit$$0000000A)
    .ARM.Collect$$libinit$$0000000C          0x08000146   Section        0  libinit2.o(.ARM.Collect$$libinit$$0000000C)
    .ARM.Collect$$libinit$$0000000E          0x08000146   Section        0  libinit2.o(.ARM.Collect$$libinit$$0000000E)
    .ARM.Collect$$libinit$$00000011          0x08000146   Section        0  libinit2.o(.ARM.Collect$$libinit$$00000011)
    .ARM.Collect$$libinit$$00000013          0x08000146   Section        0  libinit2.o(.ARM.Collect$$libinit$$00000013)
    .ARM.Collect$$libinit$$00000015          0x08000146   Section        0  libinit2.o(.ARM.Collect$$libinit$$00000015)
    .ARM.Collect$$libinit$$00000017          0x08000146   Section        0  libinit2.o(.ARM.Collect$$libinit$$00000017)
    .ARM.Collect$$libinit$$00000019          0x08000146   Section        0  libinit2.o(.ARM.Collect$$libinit$$00000019)
    .ARM.Collect$$libinit$$0000001B          0x08000146   Section        0  libinit2.o(.ARM.Collect$$libinit$$0000001B)
    .ARM.Collect$$libinit$$0000001D          0x08000146   Section        0  libinit2.o(.ARM.Collect$$libinit$$0000001D)
    .ARM.Collect$$libinit$$0000001F          0x08000146   Section        0  libinit2.o(.ARM.Collect$$libinit$$0000001F)
    .ARM.Collect$$libinit$$00000021          0x08000146   Section        0  libinit2.o(.ARM.Collect$$libinit$$00000021)
    .ARM.Collect$$libinit$$00000023          0x08000146   Section        0  libinit2.o(.ARM.Collect$$libinit$$00000023)
    .ARM.Collect$$libinit$$00000024          0x08000146   Section        4  libinit2.o(.ARM.Collect$$libinit$$00000024)
    .ARM.Collect$$libinit$$00000025          0x0800014a   Section        0  libinit2.o(.ARM.Collect$$libinit$$00000025)
    .ARM.Collect$$libinit$$0000002C          0x0800014a   Section        0  libinit2.o(.ARM.Collect$$libinit$$0000002C)
    .ARM.Collect$$libinit$$0000002E          0x0800014a   Section        0  libinit2.o(.ARM.Collect$$libinit$$0000002E)
    .ARM.Collect$$libinit$$00000030          0x0800014a   Section        0  libinit2.o(.ARM.Collect$$libinit$$00000030)
    .ARM.Collect$$libinit$$00000032          0x0800014a   Section        0  libinit2.o(.ARM.Collect$$libinit$$00000032)
    .ARM.Collect$$libinit$$00000033          0x0800014a   Section        2  libinit2.o(.ARM.Collect$$libinit$$00000033)
    .ARM.Collect$$libshutdown$$00000000      0x0800014c   Section        2  libshutdown.o(.ARM.Collect$$libshutdown$$00000000)
    .ARM.Collect$$libshutdown$$00000002      0x0800014e   Section        0  libshutdown2.o(.ARM.Collect$$libshutdown$$00000002)
    .ARM.Collect$$libshutdown$$00000003      0x0800014e   Section        4  libshutdown2.o(.ARM.Collect$$libshutdown$$00000003)
    .ARM.Collect$$libshutdown$$00000004      0x08000152   Section        0  libshutdown2.o(.ARM.Collect$$libshutdown$$00000004)
    .ARM.Collect$$libshutdown$$00000007      0x08000152   Section        0  libshutdown2.o(.ARM.Collect$$libshutdown$$00000007)
    .ARM.Collect$$libshutdown$$0000000A      0x08000152   Section        0  libshutdown2.o(.ARM.Collect$$libshutdown$$0000000A)
    .ARM.Collect$$libshutdown$$0000000C      0x08000152   Section        0  libshutdown2.o(.ARM.Collect$$libshutdown$$0000000C)
    .ARM.Collect$$libshutdown$$0000000F      0x08000152   Section        0  libshutdown2.o(.ARM.Collect$$libshutdown$$0000000F)
    .ARM.Collect$$libshutdown$$00000010      0x08000152   Section        2  libshutdown2.o(.ARM.Collect$$libshutdown$$00000010)
    .ARM.Collect$$rtentry$$00000000          0x08000154   Section        0  __rtentry.o(.ARM.Collect$$rtentry$$00000000)
    .ARM.Collect$$rtentry$$00000002          0x08000154   Section        0  __rtentry2.o(.ARM.Collect$$rtentry$$00000002)
    .ARM.Collect$$rtentry$$00000004          0x08000154   Section        6  __rtentry4.o(.ARM.Collect$$rtentry$$00000004)
    .ARM.Collect$$rtentry$$00000009          0x0800015a   Section        0  __rtentry2.o(.ARM.Collect$$rtentry$$00000009)
    .ARM.Collect$$rtentry$$0000000A          0x0800015a   Section        4  __rtentry2.o(.ARM.Collect$$rtentry$$0000000A)
    .ARM.Collect$$rtentry$$0000000C          0x0800015e   Section        0  __rtentry2.o(.ARM.Collect$$rtentry$$0000000C)
    .ARM.Collect$$rtentry$$0000000D          0x0800015e   Section        8  __rtentry2.o(.ARM.Collect$$rtentry$$0000000D)
    .ARM.Collect$$rtexit$$00000000           0x08000166   Section        2  rtexit.o(.ARM.Collect$$rtexit$$00000000)
    .ARM.Collect$$rtexit$$00000002           0x08000168   Section        0  rtexit2.o(.ARM.Collect$$rtexit$$00000002)
    .ARM.Collect$$rtexit$$00000003           0x08000168   Section        4  rtexit2.o(.ARM.Collect$$rtexit$$00000003)
    .ARM.Collect$$rtexit$$00000004           0x0800016c   Section        6  rtexit2.o(.ARM.Collect$$rtexit$$00000004)
    .emb_text                                0x08000174   Section        0  maybetermalloc1.o(.emb_text)
    .text                                    0x08000174   Section      116  startup_stm32f042x6.o(.text)
    .text                                    0x080001e8   Section        0  lludiv.o(.text)
    .text                                    0x080002ec   Section        0  noretval__2printf.o(.text)
    .text                                    0x08000308   Section        0  rt_memclr.o(.text)
    .text                                    0x08000348   Section      346  aeabi_sdiv.o(.text)
    .text                                    0x080004a2   Section        0  heapauxi.o(.text)
    .text                                    0x080004a8   Section        0  _printf_char_file.o(.text)
    .text                                    0x080004d0   Section        0  _printf_char_common.o(.text)
    _printf_input_char                       0x080004d1   Thumb Code    10  _printf_char_common.o(.text)
    .text                                    0x08000500   Section        0  ferror.o(.text)
    .text                                    0x08000508   Section        0  initio.o(.text)
    .text                                    0x08000644   Section        0  sys_io.o(.text)
    .text                                    0x080006aa   Section       62  sys_stackheap_outer.o(.text)
    .text                                    0x080006e8   Section        0  h1_free.o(.text)
    .text                                    0x08000734   Section        0  __printf_nopercent.o(.text)
    .text                                    0x08000758   Section        0  setvbuf.o(.text)
    .text                                    0x080007a4   Section        0  fopen.o(.text)
    _freopen_locked                          0x080007a5   Thumb Code     0  fopen.o(.text)
    .text                                    0x0800088c   Section        0  fclose.o(.text)
    .text                                    0x080008d8   Section        0  exit.o(.text)
    .text                                    0x080008e8   Section        0  defsig_rtred_outer.o(.text)
    .text                                    0x080008f4   Section        8  libspace.o(.text)
    .text                                    0x080008fc   Section        2  use_no_semi.o(.text)
    .text                                    0x080008fe   Section        0  indicate_semi.o(.text)
    .text                                    0x08000900   Section        8  rt_heap_descriptor_intlibspace.o(.text)
    .text                                    0x08000908   Section        0  hguard.o(.text)
    .text                                    0x0800090c   Section        0  init_alloc.o(.text)
    .text                                    0x08000994   Section        0  h1_alloc.o(.text)
    .text                                    0x080009f8   Section        0  fseek.o(.text)
    .text                                    0x08000aec   Section        0  stdio.o(.text)
    .text                                    0x08000bdc   Section        0  defsig_exit.o(.text)
    .text                                    0x08000be8   Section        0  defsig_rtred_inner.o(.text)
    .text                                    0x08000c1c   Section        0  strlen.o(.text)
    .text                                    0x08000c60   Section        0  sys_exit.o(.text)
    .text                                    0x08000c6c   Section        0  h1_init.o(.text)
    .text                                    0x08000c7a   Section        0  h1_extend.o(.text)
    .text                                    0x08000cae   Section        0  ftell.o(.text)
    .text                                    0x08000cf0   Section        0  defsig_general.o(.text)
    .text                                    0x08000d24   Section        0  defsig_rtmem_outer.o(.text)
    .text                                    0x08000d30   Section        0  sys_wrch.o(.text)
    .text                                    0x08000d3c   Section        8  rt_errno_addr_intlibspace.o(.text)
    .text                                    0x08000d44   Section        0  defsig_rtmem_inner.o(.text)
    i.EXTI0_1_IRQHandler                     0x08000d94   Section        0  stm32f0xx_it.o(i.EXTI0_1_IRQHandler)
    i.EXTI4_15_IRQHandler                    0x08000da4   Section        0  stm32f0xx_it.o(i.EXTI4_15_IRQHandler)
    i.HAL_Delay                              0x08000db0   Section        0  stm32f0xx_hal.o(i.HAL_Delay)
    i.HAL_GPIO_EXTI_Callback                 0x08000dd4   Section        0  stm32f0xx_hal_gpio.o(i.HAL_GPIO_EXTI_Callback)
    i.HAL_GPIO_EXTI_IRQHandler               0x08000dd8   Section        0  stm32f0xx_hal_gpio.o(i.HAL_GPIO_EXTI_IRQHandler)
    i.HAL_GPIO_Init                          0x08000df0   Section        0  stm32f0xx_hal_gpio.o(i.HAL_GPIO_Init)
    i.HAL_GPIO_TogglePin                     0x08000f88   Section        0  stm32f0xx_hal_gpio.o(i.HAL_GPIO_TogglePin)
    i.HAL_GPIO_WritePin                      0x08000f98   Section        0  stm32f0xx_hal_gpio.o(i.HAL_GPIO_WritePin)
    i.HAL_GetTick                            0x08000fa4   Section        0  stm32f0xx_hal.o(i.HAL_GetTick)
    i.HAL_HalfDuplex_Init                    0x08000fb0   Section        0  stm32f0xx_hal_uart.o(i.HAL_HalfDuplex_Init)
    i.HAL_IncTick                            0x08001024   Section        0  stm32f0xx_hal.o(i.HAL_IncTick)
    i.HAL_Init                               0x08001034   Section        0  stm32f0xx_hal.o(i.HAL_Init)
    i.HAL_InitTick                           0x08001054   Section        0  stm32f0xx_hal.o(i.HAL_InitTick)
    i.HAL_MspInit                            0x08001098   Section        0  stm32f0xx_hal_msp.o(i.HAL_MspInit)
    i.HAL_NVIC_EnableIRQ                     0x080010cc   Section        0  stm32f0xx_hal_cortex.o(i.HAL_NVIC_EnableIRQ)
    i.HAL_NVIC_SetPriority                   0x080010e4   Section        0  stm32f0xx_hal_cortex.o(i.HAL_NVIC_SetPriority)
    i.HAL_RCC_ClockConfig                    0x080010ec   Section        0  stm32f0xx_hal_rcc.o(i.HAL_RCC_ClockConfig)
    i.HAL_RCC_GetPCLK1Freq                   0x080011fc   Section        0  stm32f0xx_hal_rcc.o(i.HAL_RCC_GetPCLK1Freq)
    i.HAL_RCC_GetSysClockFreq                0x0800121c   Section        0  stm32f0xx_hal_rcc.o(i.HAL_RCC_GetSysClockFreq)
    i.HAL_RCC_OscConfig                      0x08001284   Section        0  stm32f0xx_hal_rcc.o(i.HAL_RCC_OscConfig)
    i.HAL_SPI_Init                           0x08001688   Section        0  stm32f0xx_hal_spi.o(i.HAL_SPI_Init)
    i.HAL_SPI_MspInit                        0x08001778   Section        0  stm32f0xx_hal_msp.o(i.HAL_SPI_MspInit)
    i.HAL_SYSTICK_Config                     0x080017d4   Section        0  stm32f0xx_hal_cortex.o(i.HAL_SYSTICK_Config)
    i.HAL_UART_MspInit                       0x08001804   Section        0  stm32f0xx_hal_msp.o(i.HAL_UART_MspInit)
    i.HAL_UART_Transmit                      0x08001860   Section        0  stm32f0xx_hal_uart.o(i.HAL_UART_Transmit)
    i.HardFault_Handler                      0x08001920   Section        0  stm32f0xx_it.o(i.HardFault_Handler)
    i.MX_GPIO_Init                           0x08001924   Section        0  main.o(i.MX_GPIO_Init)
    MX_GPIO_Init                             0x08001925   Thumb Code   228  main.o(i.MX_GPIO_Init)
    i.MX_SPI1_Init                           0x08001a14   Section        0  main.o(i.MX_SPI1_Init)
    MX_SPI1_Init                             0x08001a15   Thumb Code    68  main.o(i.MX_SPI1_Init)
    i.MX_USART2_UART_Init                    0x08001a60   Section        0  main.o(i.MX_USART2_UART_Init)
    MX_USART2_UART_Init                      0x08001a61   Thumb Code    48  main.o(i.MX_USART2_UART_Init)
    i.NMI_Handler                            0x08001a98   Section        0  stm32f0xx_it.o(i.NMI_Handler)
    i.PendSV_Handler                         0x08001a9a   Section        0  stm32f0xx_it.o(i.PendSV_Handler)
    i.SVC_Handler                            0x08001a9c   Section        0  stm32f0xx_it.o(i.SVC_Handler)
    i.SysTick_Handler                        0x08001a9e   Section        0  stm32f0xx_it.o(i.SysTick_Handler)
    i.SystemClock_Config                     0x08001aa6   Section        0  main.o(i.SystemClock_Config)
    i.SystemInit                             0x08001af4   Section        0  system_stm32f0xx.o(i.SystemInit)
    i.UART_AdvFeatureConfig                  0x08001af6   Section        0  stm32f0xx_hal_uart.o(i.UART_AdvFeatureConfig)
    i.UART_CheckIdleState                    0x08001bc0   Section        0  stm32f0xx_hal_uart.o(i.UART_CheckIdleState)
    i.UART_EndRxTransfer                     0x08001c84   Section        0  stm32f0xx_hal_uart.o(i.UART_EndRxTransfer)
    UART_EndRxTransfer                       0x08001c85   Thumb Code    96  stm32f0xx_hal_uart.o(i.UART_EndRxTransfer)
    i.UART_SetConfig                         0x08001ce4   Section        0  stm32f0xx_hal_uart.o(i.UART_SetConfig)
    i.UART_WaitOnFlagUntilTimeout            0x08001e14   Section        0  stm32f0xx_hal_uart.o(i.UART_WaitOnFlagUntilTimeout)
    i.__ARM_common_ll_muluu                  0x08001e9e   Section        0  stm32f0xx_hal_rcc.o(i.__ARM_common_ll_muluu)
    i.__NVIC_SetPriority                     0x08001ed0   Section        0  stm32f0xx_hal_cortex.o(i.__NVIC_SetPriority)
    __NVIC_SetPriority                       0x08001ed1   Thumb Code    60  stm32f0xx_hal_cortex.o(i.__NVIC_SetPriority)
    i.fputc                                  0x08001f14   Section        0  main.o(i.fputc)
    i.main                                   0x08001f2c   Section        0  main.o(i.main)
    .constdata                               0x08001f70   Section       32  stm32f0xx_hal_rcc.o(.constdata)
    aPLLMULFactorTable                       0x08001f70   Data          16  stm32f0xx_hal_rcc.o(.constdata)
    aPredivFactorTable                       0x08001f80   Data          16  stm32f0xx_hal_rcc.o(.constdata)
    .constdata                               0x08001f90   Section       16  system_stm32f0xx.o(.constdata)
    .constdata                               0x08001fa0   Section        8  system_stm32f0xx.o(.constdata)
    .constdata                               0x08001fa8   Section        4  sys_io.o(.constdata)
    .constdata                               0x08001fac   Section        4  sys_io.o(.constdata)
    .constdata                               0x08001fb0   Section        4  sys_io.o(.constdata)
    .data                                    0x20000000   Section       12  stm32f0xx_hal.o(.data)
    .data                                    0x2000000c   Section        4  system_stm32f0xx.o(.data)
    .data                                    0x20000010   Section        4  stdio_streams.o(.data)
    .data                                    0x20000014   Section        4  stdio_streams.o(.data)
    .data                                    0x20000018   Section        4  stdio_streams.o(.data)
    .bss                                     0x2000001c   Section      236  main.o(.bss)
    .bss                                     0x20000108   Section       84  stdio_streams.o(.bss)
    .bss                                     0x2000015c   Section       84  stdio_streams.o(.bss)
    .bss                                     0x200001b0   Section       84  stdio_streams.o(.bss)
    .bss                                     0x20000204   Section       96  libspace.o(.bss)
    HEAP                                     0x20000268   Section      512  startup_stm32f042x6.o(HEAP)
    Heap_Mem                                 0x20000268   Data         512  startup_stm32f042x6.o(HEAP)
    STACK                                    0x20000468   Section     1024  startup_stm32f042x6.o(STACK)
    Stack_Mem                                0x20000468   Data        1024  startup_stm32f042x6.o(STACK)
    __initial_sp                             0x20000868   Data           0  startup_stm32f042x6.o(STACK)

    Global Symbols

    Symbol Name                              Value     Ov Type        Size  Object(Section)

    BuildAttributes$$THM_ISAv3M$S$PE$A:L22$X:L11$S22$IEEE1$IW$USESV6$~STKCKD$USESV7$~SHL$OTIME$ROPI$EBA8$UX$STANDARDLIB$REQ8$PRES8$EABIv2 0x00000000   Number         0  anon$$obj.o ABSOLUTE
    __ARM_use_no_argv                        0x00000000   Number         0  main.o ABSOLUTE
    __ARM_exceptions_init                     - Undefined Weak Reference
    __alloca_initialize                       - Undefined Weak Reference
    __arm_preinit_                            - Undefined Weak Reference
    __cpp_initialize__aeabi_                  - Undefined Weak Reference
    __cxa_finalize                            - Undefined Weak Reference
    __rt_locale                               - Undefined Weak Reference
    __sigvec_lookup                           - Undefined Weak Reference
    __user_heap_extent                        - Undefined Weak Reference
    _atexit_init                              - Undefined Weak Reference
    _call_atexit_fns                          - Undefined Weak Reference
    _clock_init                               - Undefined Weak Reference
    _fp_trap_init                             - Undefined Weak Reference
    _fp_trap_shutdown                         - Undefined Weak Reference
    _get_lc_collate                           - Undefined Weak Reference
    _get_lc_ctype                             - Undefined Weak Reference
    _get_lc_monetary                          - Undefined Weak Reference
    _get_lc_numeric                           - Undefined Weak Reference
    _get_lc_time                              - Undefined Weak Reference
    _getenv_init                              - Undefined Weak Reference
    _handle_redirection                       - Undefined Weak Reference
    _mutex_acquire                            - Undefined Weak Reference
    _mutex_free                               - Undefined Weak Reference
    _mutex_release                            - Undefined Weak Reference
    _rand_init                                - Undefined Weak Reference
    _signal_finish                            - Undefined Weak Reference
    _signal_init                              - Undefined Weak Reference
    __Vectors_Size                           0x000000c0   Number         0  startup_stm32f042x6.o ABSOLUTE
    __Vectors                                0x08000000   Data           4  startup_stm32f042x6.o(RESET)
    __Vectors_End                            0x080000c0   Data           0  startup_stm32f042x6.o(RESET)
    __main                                   0x080000c1   Thumb Code     8  __main.o(!!!main)
    __scatterload                            0x080000c9   Thumb Code     0  __scatter.o(!!!scatter)
    __scatterload_rt2                        0x080000c9   Thumb Code    52  __scatter.o(!!!scatter)
    __scatterload_rt2_thumb_only             0x080000c9   Thumb Code     0  __scatter.o(!!!scatter)
    __scatterload_null                       0x080000d9   Thumb Code     0  __scatter.o(!!!scatter)
    __scatterload_copy                       0x08000105   Thumb Code    26  __scatter_copy.o(!!handler_copy)
    __scatterload_zeroinit                   0x08000121   Thumb Code    28  __scatter_zi.o(!!handler_zi)
    __rt_lib_init                            0x0800013d   Thumb Code     0  libinit.o(.ARM.Collect$$libinit$$00000000)
    __rt_lib_init_fp_1                       0x0800013f   Thumb Code     0  libinit2.o(.ARM.Collect$$libinit$$00000002)
    __rt_lib_init_heap_2                     0x0800013f   Thumb Code     0  libinit2.o(.ARM.Collect$$libinit$$00000005)
    __rt_lib_init_preinit_1                  0x0800013f   Thumb Code     0  libinit2.o(.ARM.Collect$$libinit$$00000004)
    __rt_lib_init_atexit_1                   0x08000147   Thumb Code     0  libinit2.o(.ARM.Collect$$libinit$$0000001B)
    __rt_lib_init_clock_1                    0x08000147   Thumb Code     0  libinit2.o(.ARM.Collect$$libinit$$00000021)
    __rt_lib_init_fp_trap_1                  0x08000147   Thumb Code     0  libinit2.o(.ARM.Collect$$libinit$$0000001F)
    __rt_lib_init_getenv_1                   0x08000147   Thumb Code     0  libinit2.o(.ARM.Collect$$libinit$$00000023)
    __rt_lib_init_heap_1                     0x08000147   Thumb Code     0  libinit2.o(.ARM.Collect$$libinit$$0000000A)
    __rt_lib_init_lc_collate_1               0x08000147   Thumb Code     0  libinit2.o(.ARM.Collect$$libinit$$00000011)
    __rt_lib_init_lc_ctype_1                 0x08000147   Thumb Code     0  libinit2.o(.ARM.Collect$$libinit$$00000013)
    __rt_lib_init_lc_monetary_1              0x08000147   Thumb Code     0  libinit2.o(.ARM.Collect$$libinit$$00000015)
    __rt_lib_init_lc_numeric_1               0x08000147   Thumb Code     0  libinit2.o(.ARM.Collect$$libinit$$00000017)
    __rt_lib_init_lc_time_1                  0x08000147   Thumb Code     0  libinit2.o(.ARM.Collect$$libinit$$00000019)
    __rt_lib_init_rand_1                     0x08000147   Thumb Code     0  libinit2.o(.ARM.Collect$$libinit$$0000000E)
    __rt_lib_init_signal_1                   0x08000147   Thumb Code     0  libinit2.o(.ARM.Collect$$libinit$$0000001D)
    __rt_lib_init_stdio_2                    0x08000147   Thumb Code     0  libinit2.o(.ARM.Collect$$libinit$$00000024)
    __rt_lib_init_user_alloc_1               0x08000147   Thumb Code     0  libinit2.o(.ARM.Collect$$libinit$$0000000C)
    __rt_lib_init_alloca_1                   0x0800014b   Thumb Code     0  libinit2.o(.ARM.Collect$$libinit$$0000002E)
    __rt_lib_init_argv_1                     0x0800014b   Thumb Code     0  libinit2.o(.ARM.Collect$$libinit$$0000002C)
    __rt_lib_init_cpp_1                      0x0800014b   Thumb Code     0  libinit2.o(.ARM.Collect$$libinit$$00000032)
    __rt_lib_init_exceptions_1               0x0800014b   Thumb Code     0  libinit2.o(.ARM.Collect$$libinit$$00000030)
    __rt_lib_init_return                     0x0800014b   Thumb Code     0  libinit2.o(.ARM.Collect$$libinit$$00000033)
    __rt_lib_init_stdio_1                    0x0800014b   Thumb Code     0  libinit2.o(.ARM.Collect$$libinit$$00000025)
    __rt_lib_shutdown                        0x0800014d   Thumb Code     0  libshutdown.o(.ARM.Collect$$libshutdown$$00000000)
    __rt_lib_shutdown_cpp_1                  0x0800014f   Thumb Code     0  libshutdown2.o(.ARM.Collect$$libshutdown$$00000002)
    __rt_lib_shutdown_stdio_2                0x0800014f   Thumb Code     0  libshutdown2.o(.ARM.Collect$$libshutdown$$00000003)
    __rt_lib_shutdown_fp_trap_1              0x08000153   Thumb Code     0  libshutdown2.o(.ARM.Collect$$libshutdown$$00000007)
    __rt_lib_shutdown_heap_1                 0x08000153   Thumb Code     0  libshutdown2.o(.ARM.Collect$$libshutdown$$0000000F)
    __rt_lib_shutdown_return                 0x08000153   Thumb Code     0  libshutdown2.o(.ARM.Collect$$libshutdown$$00000010)
    __rt_lib_shutdown_signal_1               0x08000153   Thumb Code     0  libshutdown2.o(.ARM.Collect$$libshutdown$$0000000A)
    __rt_lib_shutdown_stdio_1                0x08000153   Thumb Code     0  libshutdown2.o(.ARM.Collect$$libshutdown$$00000004)
    __rt_lib_shutdown_user_alloc_1           0x08000153   Thumb Code     0  libshutdown2.o(.ARM.Collect$$libshutdown$$0000000C)
    __rt_entry                               0x08000155   Thumb Code     0  __rtentry.o(.ARM.Collect$$rtentry$$00000000)
    __rt_entry_presh_1                       0x08000155   Thumb Code     0  __rtentry2.o(.ARM.Collect$$rtentry$$00000002)
    __rt_entry_sh                            0x08000155   Thumb Code     0  __rtentry4.o(.ARM.Collect$$rtentry$$00000004)
    __rt_entry_li                            0x0800015b   Thumb Code     0  __rtentry2.o(.ARM.Collect$$rtentry$$0000000A)
    __rt_entry_postsh_1                      0x0800015b   Thumb Code     0  __rtentry2.o(.ARM.Collect$$rtentry$$00000009)
    __rt_entry_main                          0x0800015f   Thumb Code     0  __rtentry2.o(.ARM.Collect$$rtentry$$0000000D)
    __rt_entry_postli_1                      0x0800015f   Thumb Code     0  __rtentry2.o(.ARM.Collect$$rtentry$$0000000C)
    __rt_exit                                0x08000167   Thumb Code     0  rtexit.o(.ARM.Collect$$rtexit$$00000000)
    __rt_exit_ls                             0x08000169   Thumb Code     0  rtexit2.o(.ARM.Collect$$rtexit$$00000003)
    __rt_exit_prels_1                        0x08000169   Thumb Code     0  rtexit2.o(.ARM.Collect$$rtexit$$00000002)
    __rt_exit_exit                           0x0800016d   Thumb Code     0  rtexit2.o(.ARM.Collect$$rtexit$$00000004)
    Reset_Handler                            0x08000175   Thumb Code    38  startup_stm32f042x6.o(.text)
    _maybe_terminate_alloc                   0x08000175   Thumb Code     0  maybetermalloc1.o(.emb_text)
    ADC1_IRQHandler                          0x080001a5   Thumb Code     0  startup_stm32f042x6.o(.text)
    CEC_CAN_IRQHandler                       0x080001a5   Thumb Code     0  startup_stm32f042x6.o(.text)
    DMA1_Channel1_IRQHandler                 0x080001a5   Thumb Code     0  startup_stm32f042x6.o(.text)
    DMA1_Channel2_3_IRQHandler               0x080001a5   Thumb Code     0  startup_stm32f042x6.o(.text)
    DMA1_Channel4_5_IRQHandler               0x080001a5   Thumb Code     0  startup_stm32f042x6.o(.text)
    EXTI2_3_IRQHandler                       0x080001a5   Thumb Code     0  startup_stm32f042x6.o(.text)
    FLASH_IRQHandler                         0x080001a5   Thumb Code     0  startup_stm32f042x6.o(.text)
    I2C1_IRQHandler                          0x080001a5   Thumb Code     0  startup_stm32f042x6.o(.text)
    PVD_VDDIO2_IRQHandler                    0x080001a5   Thumb Code     0  startup_stm32f042x6.o(.text)
    RCC_CRS_IRQHandler                       0x080001a5   Thumb Code     0  startup_stm32f042x6.o(.text)
    RTC_IRQHandler                           0x080001a5   Thumb Code     0  startup_stm32f042x6.o(.text)
    SPI1_IRQHandler                          0x080001a5   Thumb Code     0  startup_stm32f042x6.o(.text)
    SPI2_IRQHandler                          0x080001a5   Thumb Code     0  startup_stm32f042x6.o(.text)
    TIM14_IRQHandler                         0x080001a5   Thumb Code     0  startup_stm32f042x6.o(.text)
    TIM16_IRQHandler                         0x080001a5   Thumb Code     0  startup_stm32f042x6.o(.text)
    TIM17_IRQHandler                         0x080001a5   Thumb Code     0  startup_stm32f042x6.o(.text)
    TIM1_BRK_UP_TRG_COM_IRQHandler           0x080001a5   Thumb Code     0  startup_stm32f042x6.o(.text)
    TIM1_CC_IRQHandler                       0x080001a5   Thumb Code     0  startup_stm32f042x6.o(.text)
    TIM2_IRQHandler                          0x080001a5   Thumb Code     0  startup_stm32f042x6.o(.text)
    TIM3_IRQHandler                          0x080001a5   Thumb Code     0  startup_stm32f042x6.o(.text)
    TSC_IRQHandler                           0x080001a5   Thumb Code     0  startup_stm32f042x6.o(.text)
    USART1_IRQHandler                        0x080001a5   Thumb Code     0  startup_stm32f042x6.o(.text)
    USART2_IRQHandler                        0x080001a5   Thumb Code     0  startup_stm32f042x6.o(.text)
    USB_IRQHandler                           0x080001a5   Thumb Code     0  startup_stm32f042x6.o(.text)
    WWDG_IRQHandler                          0x080001a5   Thumb Code     0  startup_stm32f042x6.o(.text)
    __user_initial_stackheap                 0x080001a9   Thumb Code     0  startup_stm32f042x6.o(.text)
    __aeabi_uldivmod                         0x080001e9   Thumb Code   258  lludiv.o(.text)
    _ll_udiv                                 0x080001e9   Thumb Code     0  lludiv.o(.text)
    __2printf                                0x080002ed   Thumb Code    22  noretval__2printf.o(.text)
    _memset_w                                0x08000309   Thumb Code    26  rt_memclr.o(.text)
    _memset                                  0x08000323   Thumb Code    30  rt_memclr.o(.text)
    __aeabi_memclr                           0x08000341   Thumb Code     4  rt_memclr.o(.text)
    __rt_memclr                              0x08000341   Thumb Code     0  rt_memclr.o(.text)
    __aeabi_memclr4                          0x08000345   Thumb Code     0  rt_memclr.o(.text)
    __aeabi_memclr8                          0x08000345   Thumb Code     0  rt_memclr.o(.text)
    __rt_memclr_w                            0x08000345   Thumb Code     4  rt_memclr.o(.text)
    __aeabi_uidiv                            0x08000349   Thumb Code     0  aeabi_sdiv.o(.text)
    __aeabi_uidivmod                         0x08000349   Thumb Code    20  aeabi_sdiv.o(.text)
    __aeabi_idiv                             0x0800035d   Thumb Code     0  aeabi_sdiv.o(.text)
    __aeabi_idivmod                          0x0800035d   Thumb Code   326  aeabi_sdiv.o(.text)
    __use_two_region_memory                  0x080004a3   Thumb Code     2  heapauxi.o(.text)
    __rt_heap_escrow                         0x080004a5   Thumb Code     2  heapauxi.o(.text)
    __rt_heap_expand                         0x080004a7   Thumb Code     2  heapauxi.o(.text)
    _printf_char_file                        0x080004a9   Thumb Code    34  _printf_char_file.o(.text)
    _printf_char_common                      0x080004db   Thumb Code    32  _printf_char_common.o(.text)
    ferror                                   0x08000501   Thumb Code     8  ferror.o(.text)
    _initio                                  0x08000509   Thumb Code   216  initio.o(.text)
    _terminateio                             0x080005e1   Thumb Code    56  initio.o(.text)
    _sys_open                                0x08000645   Thumb Code    20  sys_io.o(.text)
    _sys_close                               0x08000659   Thumb Code    12  sys_io.o(.text)
    _sys_write                               0x08000665   Thumb Code    16  sys_io.o(.text)
    _sys_read                                0x08000675   Thumb Code    14  sys_io.o(.text)
    _sys_istty                               0x08000683   Thumb Code    12  sys_io.o(.text)
    _sys_seek                                0x0800068f   Thumb Code    14  sys_io.o(.text)
    _sys_ensure                              0x0800069d   Thumb Code     2  sys_io.o(.text)
    _sys_flen                                0x0800069f   Thumb Code    12  sys_io.o(.text)
    __user_setup_stackheap                   0x080006ab   Thumb Code    62  sys_stackheap_outer.o(.text)
    free                                     0x080006e9   Thumb Code    76  h1_free.o(.text)
    __printf                                 0x08000735   Thumb Code    36  __printf_nopercent.o(.text)
    setvbuf                                  0x08000759   Thumb Code    72  setvbuf.o(.text)
    freopen                                  0x080007a5   Thumb Code   148  fopen.o(.text)
    fopen                                    0x08000839   Thumb Code    76  fopen.o(.text)
    _fclose_internal                         0x0800088d   Thumb Code    72  fclose.o(.text)
    fclose                                   0x0800088d   Thumb Code     0  fclose.o(.text)
    exit                                     0x080008d9   Thumb Code    16  exit.o(.text)
    __rt_SIGRTRED                            0x080008e9   Thumb Code    12  defsig_rtred_outer.o(.text)
    __user_libspace                          0x080008f5   Thumb Code     8  libspace.o(.text)
    __user_perproc_libspace                  0x080008f5   Thumb Code     0  libspace.o(.text)
    __user_perthread_libspace                0x080008f5   Thumb Code     0  libspace.o(.text)
    __I$use$semihosting                      0x080008fd   Thumb Code     0  use_no_semi.o(.text)
    __use_no_semihosting_swi                 0x080008fd   Thumb Code     2  use_no_semi.o(.text)
    __semihosting_library_function           0x080008ff   Thumb Code     0  indicate_semi.o(.text)
    __rt_heap_descriptor                     0x08000901   Thumb Code     8  rt_heap_descriptor_intlibspace.o(.text)
    __use_no_heap                            0x08000909   Thumb Code     2  hguard.o(.text)
    __heap$guard                             0x0800090b   Thumb Code     2  hguard.o(.text)
    _terminate_user_alloc                    0x0800090d   Thumb Code     2  init_alloc.o(.text)
    _init_user_alloc                         0x0800090f   Thumb Code     2  init_alloc.o(.text)
    __Heap_Full                              0x08000911   Thumb Code    32  init_alloc.o(.text)
    __Heap_Broken                            0x08000931   Thumb Code    10  init_alloc.o(.text)
    _init_alloc                              0x0800093b   Thumb Code    90  init_alloc.o(.text)
    malloc                                   0x08000995   Thumb Code    98  h1_alloc.o(.text)
    _fseek                                   0x080009f9   Thumb Code   240  fseek.o(.text)
    fseek                                    0x080009f9   Thumb Code     0  fseek.o(.text)
    _seterr                                  0x08000aed   Thumb Code    20  stdio.o(.text)
    _writebuf                                0x08000b01   Thumb Code    76  stdio.o(.text)
    _fflush                                  0x08000b4d   Thumb Code    76  stdio.o(.text)
    _deferredlazyseek                        0x08000b99   Thumb Code    60  stdio.o(.text)
    __sig_exit                               0x08000bdd   Thumb Code    12  defsig_exit.o(.text)
    __rt_SIGRTRED_inner                      0x08000be9   Thumb Code    14  defsig_rtred_inner.o(.text)
    strlen                                   0x08000c1d   Thumb Code    62  strlen.o(.text)
    _sys_exit                                0x08000c61   Thumb Code     8  sys_exit.o(.text)
    __Heap_Initialize                        0x08000c6d   Thumb Code    10  h1_init.o(.text)
    __Heap_DescSize                          0x08000c77   Thumb Code     4  h1_init.o(.text)
    __Heap_ProvideMemory                     0x08000c7b   Thumb Code    52  h1_extend.o(.text)
    _ftell_internal                          0x08000caf   Thumb Code    66  ftell.o(.text)
    ftell                                    0x08000caf   Thumb Code     0  ftell.o(.text)
    __default_signal_display                 0x08000cf1   Thumb Code    52  defsig_general.o(.text)
    __rt_SIGRTMEM                            0x08000d25   Thumb Code    12  defsig_rtmem_outer.o(.text)
    _ttywrch                                 0x08000d31   Thumb Code    12  sys_wrch.o(.text)
    __aeabi_errno_addr                       0x08000d3d   Thumb Code     8  rt_errno_addr_intlibspace.o(.text)
    __errno$intlibspace                      0x08000d3d   Thumb Code     0  rt_errno_addr_intlibspace.o(.text)
    __rt_errno_addr$intlibspace              0x08000d3d   Thumb Code     0  rt_errno_addr_intlibspace.o(.text)
    __rt_SIGRTMEM_inner                      0x08000d45   Thumb Code    22  defsig_rtmem_inner.o(.text)
    EXTI0_1_IRQHandler                       0x08000d95   Thumb Code    16  stm32f0xx_it.o(i.EXTI0_1_IRQHandler)
    EXTI4_15_IRQHandler                      0x08000da5   Thumb Code    10  stm32f0xx_it.o(i.EXTI4_15_IRQHandler)
    HAL_Delay                                0x08000db1   Thumb Code    32  stm32f0xx_hal.o(i.HAL_Delay)
    HAL_GPIO_EXTI_Callback                   0x08000dd5   Thumb Code     2  stm32f0xx_hal_gpio.o(i.HAL_GPIO_EXTI_Callback)
    HAL_GPIO_EXTI_IRQHandler                 0x08000dd9   Thumb Code    18  stm32f0xx_hal_gpio.o(i.HAL_GPIO_EXTI_IRQHandler)
    HAL_GPIO_Init                            0x08000df1   Thumb Code   386  stm32f0xx_hal_gpio.o(i.HAL_GPIO_Init)
    HAL_GPIO_TogglePin                       0x08000f89   Thumb Code    16  stm32f0xx_hal_gpio.o(i.HAL_GPIO_TogglePin)
    HAL_GPIO_WritePin                        0x08000f99   Thumb Code    12  stm32f0xx_hal_gpio.o(i.HAL_GPIO_WritePin)
    HAL_GetTick                              0x08000fa5   Thumb Code     6  stm32f0xx_hal.o(i.HAL_GetTick)
    HAL_HalfDuplex_Init                      0x08000fb1   Thumb Code   116  stm32f0xx_hal_uart.o(i.HAL_HalfDuplex_Init)
    HAL_IncTick                              0x08001025   Thumb Code    12  stm32f0xx_hal.o(i.HAL_IncTick)
    HAL_Init                                 0x08001035   Thumb Code    26  stm32f0xx_hal.o(i.HAL_Init)
    HAL_InitTick                             0x08001055   Thumb Code    58  stm32f0xx_hal.o(i.HAL_InitTick)
    HAL_MspInit                              0x08001099   Thumb Code    44  stm32f0xx_hal_msp.o(i.HAL_MspInit)
    HAL_NVIC_EnableIRQ                       0x080010cd   Thumb Code    18  stm32f0xx_hal_cortex.o(i.HAL_NVIC_EnableIRQ)
    HAL_NVIC_SetPriority                     0x080010e5   Thumb Code     8  stm32f0xx_hal_cortex.o(i.HAL_NVIC_SetPriority)
    HAL_RCC_ClockConfig                      0x080010ed   Thumb Code   252  stm32f0xx_hal_rcc.o(i.HAL_RCC_ClockConfig)
    HAL_RCC_GetPCLK1Freq                     0x080011fd   Thumb Code    20  stm32f0xx_hal_rcc.o(i.HAL_RCC_GetPCLK1Freq)
    HAL_RCC_GetSysClockFreq                  0x0800121d   Thumb Code    86  stm32f0xx_hal_rcc.o(i.HAL_RCC_GetSysClockFreq)
    HAL_RCC_OscConfig                        0x08001285   Thumb Code  1028  stm32f0xx_hal_rcc.o(i.HAL_RCC_OscConfig)
    HAL_SPI_Init                             0x08001689   Thumb Code   238  stm32f0xx_hal_spi.o(i.HAL_SPI_Init)
    HAL_SPI_MspInit                          0x08001779   Thumb Code    84  stm32f0xx_hal_msp.o(i.HAL_SPI_MspInit)
    HAL_SYSTICK_Config                       0x080017d5   Thumb Code    38  stm32f0xx_hal_cortex.o(i.HAL_SYSTICK_Config)
    HAL_UART_MspInit                         0x08001805   Thumb Code    84  stm32f0xx_hal_msp.o(i.HAL_UART_MspInit)
    HAL_UART_Transmit                        0x08001861   Thumb Code   192  stm32f0xx_hal_uart.o(i.HAL_UART_Transmit)
    HardFault_Handler                        0x08001921   Thumb Code     2  stm32f0xx_it.o(i.HardFault_Handler)
    NMI_Handler                              0x08001a99   Thumb Code     2  stm32f0xx_it.o(i.NMI_Handler)
    PendSV_Handler                           0x08001a9b   Thumb Code     2  stm32f0xx_it.o(i.PendSV_Handler)
    SVC_Handler                              0x08001a9d   Thumb Code     2  stm32f0xx_it.o(i.SVC_Handler)
    SysTick_Handler                          0x08001a9f   Thumb Code     8  stm32f0xx_it.o(i.SysTick_Handler)
    SystemClock_Config                       0x08001aa7   Thumb Code    78  main.o(i.SystemClock_Config)
    SystemInit                               0x08001af5   Thumb Code     2  system_stm32f0xx.o(i.SystemInit)
    UART_AdvFeatureConfig                    0x08001af7   Thumb Code   202  stm32f0xx_hal_uart.o(i.UART_AdvFeatureConfig)
    UART_CheckIdleState                      0x08001bc1   Thumb Code   190  stm32f0xx_hal_uart.o(i.UART_CheckIdleState)
    UART_SetConfig                           0x08001ce5   Thumb Code   280  stm32f0xx_hal_uart.o(i.UART_SetConfig)
    UART_WaitOnFlagUntilTimeout              0x08001e15   Thumb Code   138  stm32f0xx_hal_uart.o(i.UART_WaitOnFlagUntilTimeout)
    __ARM_common_ll_muluu                    0x08001e9f   Thumb Code    48  stm32f0xx_hal_rcc.o(i.__ARM_common_ll_muluu)
    fputc                                    0x08001f15   Thumb Code    18  main.o(i.fputc)
    main                                     0x08001f2d   Thumb Code    50  main.o(i.main)
    AHBPrescTable                            0x08001f90   Data          16  system_stm32f0xx.o(.constdata)
    APBPrescTable                            0x08001fa0   Data           8  system_stm32f0xx.o(.constdata)
    __stdin_name                             0x08001fa8   Data           4  sys_io.o(.constdata)
    __stdout_name                            0x08001fac   Data           4  sys_io.o(.constdata)
    __stderr_name                            0x08001fb0   Data           4  sys_io.o(.constdata)
    Region$$Table$$Base                      0x08001fb4   Number         0  anon$$obj.o(Region$$Table)
    Region$$Table$$Limit                     0x08001fd4   Number         0  anon$$obj.o(Region$$Table)
    uwTickFreq                               0x20000000   Data           1  stm32f0xx_hal.o(.data)
    uwTickPrio                               0x20000004   Data           4  stm32f0xx_hal.o(.data)
    uwTick                                   0x20000008   Data           4  stm32f0xx_hal.o(.data)
    SystemCoreClock                          0x2000000c   Data           4  system_stm32f0xx.o(.data)
    __aeabi_stdin                            0x20000010   Data           4  stdio_streams.o(.data)
    __aeabi_stdout                           0x20000014   Data           4  stdio_streams.o(.data)
    __aeabi_stderr                           0x20000018   Data           4  stdio_streams.o(.data)
    hspi1                                    0x2000001c   Data         100  main.o(.bss)
    huart2                                   0x20000080   Data         136  main.o(.bss)
    __stdin                                  0x20000108   Data          84  stdio_streams.o(.bss)
    __stdout                                 0x2000015c   Data          84  stdio_streams.o(.bss)
    __stderr                                 0x200001b0   Data          84  stdio_streams.o(.bss)
    __libspace_start                         0x20000204   Data          96  libspace.o(.bss)
    __temporary_stack_top$libspace           0x20000264   Data           0  libspace.o(.bss)



==============================================================================

Memory Map of the image

  Image Entry point : 0x080000c1

  Load Region LR_IROM1 (Base: 0x08000000, Size: 0x00001ff0, Max: 0x00008000, ABSOLUTE)

    Execution Region ER_IROM1 (Exec base: 0x08000000, Load base: 0x08000000, Size: 0x00001fd4, Max: 0x00008000, ABSOLUTE)

    Exec Addr    Load Addr    Size         Type   Attr      Idx    E Section Name        Object

    0x08000000   0x08000000   0x000000c0   Data   RO            3    RESET               startup_stm32f042x6.o
    0x080000c0   0x080000c0   0x00000008   Code   RO         2663  * !!!main             c_p.l(__main.o)
    0x080000c8   0x080000c8   0x0000003c   Code   RO         2999    !!!scatter          c_p.l(__scatter.o)
    0x08000104   0x08000104   0x0000001a   Code   RO         3001    !!handler_copy      c_p.l(__scatter_copy.o)
    0x0800011e   0x0800011e   0x00000002   PAD
    0x08000120   0x08000120   0x0000001c   Code   RO         3003    !!handler_zi        c_p.l(__scatter_zi.o)
    0x0800013c   0x0800013c   0x00000002   Code   RO         2803    .ARM.Collect$$libinit$$00000000  c_p.l(libinit.o)
    0x0800013e   0x0800013e   0x00000000   Code   RO         2805    .ARM.Collect$$libinit$$00000002  c_p.l(libinit2.o)
    0x0800013e   0x0800013e   0x00000000   Code   RO         2807    .ARM.Collect$$libinit$$00000004  c_p.l(libinit2.o)
    0x0800013e   0x0800013e   0x00000008   Code   RO         2808    .ARM.Collect$$libinit$$00000005  c_p.l(libinit2.o)
    0x08000146   0x08000146   0x00000000   Code   RO         2810    .ARM.Collect$$libinit$$0000000A  c_p.l(libinit2.o)
    0x08000146   0x08000146   0x00000000   Code   RO         2812    .ARM.Collect$$libinit$$0000000C  c_p.l(libinit2.o)
    0x08000146   0x08000146   0x00000000   Code   RO         2814    .ARM.Collect$$libinit$$0000000E  c_p.l(libinit2.o)
    0x08000146   0x08000146   0x00000000   Code   RO         2817    .ARM.Collect$$libinit$$00000011  c_p.l(libinit2.o)
    0x08000146   0x08000146   0x00000000   Code   RO         2819    .ARM.Collect$$libinit$$00000013  c_p.l(libinit2.o)
    0x08000146   0x08000146   0x00000000   Code   RO         2821    .ARM.Collect$$libinit$$00000015  c_p.l(libinit2.o)
    0x08000146   0x08000146   0x00000000   Code   RO         2823    .ARM.Collect$$libinit$$00000017  c_p.l(libinit2.o)
    0x08000146   0x08000146   0x00000000   Code   RO         2825    .ARM.Collect$$libinit$$00000019  c_p.l(libinit2.o)
    0x08000146   0x08000146   0x00000000   Code   RO         2827    .ARM.Collect$$libinit$$0000001B  c_p.l(libinit2.o)
    0x08000146   0x08000146   0x00000000   Code   RO         2829    .ARM.Collect$$libinit$$0000001D  c_p.l(libinit2.o)
    0x08000146   0x08000146   0x00000000   Code   RO         2831    .ARM.Collect$$libinit$$0000001F  c_p.l(libinit2.o)
    0x08000146   0x08000146   0x00000000   Code   RO         2833    .ARM.Collect$$libinit$$00000021  c_p.l(libinit2.o)
    0x08000146   0x08000146   0x00000000   Code   RO         2835    .ARM.Collect$$libinit$$00000023  c_p.l(libinit2.o)
    0x08000146   0x08000146   0x00000004   Code   RO         2836    .ARM.Collect$$libinit$$00000024  c_p.l(libinit2.o)
    0x0800014a   0x0800014a   0x00000000   Code   RO         2837    .ARM.Collect$$libinit$$00000025  c_p.l(libinit2.o)
    0x0800014a   0x0800014a   0x00000000   Code   RO         2841    .ARM.Collect$$libinit$$0000002C  c_p.l(libinit2.o)
    0x0800014a   0x0800014a   0x00000000   Code   RO         2843    .ARM.Collect$$libinit$$0000002E  c_p.l(libinit2.o)
    0x0800014a   0x0800014a   0x00000000   Code   RO         2845    .ARM.Collect$$libinit$$00000030  c_p.l(libinit2.o)
    0x0800014a   0x0800014a   0x00000000   Code   RO         2847    .ARM.Collect$$libinit$$00000032  c_p.l(libinit2.o)
    0x0800014a   0x0800014a   0x00000002   Code   RO         2848    .ARM.Collect$$libinit$$00000033  c_p.l(libinit2.o)
    0x0800014c   0x0800014c   0x00000002   Code   RO         2980    .ARM.Collect$$libshutdown$$00000000  c_p.l(libshutdown.o)
    0x0800014e   0x0800014e   0x00000000   Code   RO         2850    .ARM.Collect$$libshutdown$$00000002  c_p.l(libshutdown2.o)
    0x0800014e   0x0800014e   0x00000004   Code   RO         2851    .ARM.Collect$$libshutdown$$00000003  c_p.l(libshutdown2.o)
    0x08000152   0x08000152   0x00000000   Code   RO         2852    .ARM.Collect$$libshutdown$$00000004  c_p.l(libshutdown2.o)
    0x08000152   0x08000152   0x00000000   Code   RO         2855    .ARM.Collect$$libshutdown$$00000007  c_p.l(libshutdown2.o)
    0x08000152   0x08000152   0x00000000   Code   RO         2858    .ARM.Collect$$libshutdown$$0000000A  c_p.l(libshutdown2.o)
    0x08000152   0x08000152   0x00000000   Code   RO         2860    .ARM.Collect$$libshutdown$$0000000C  c_p.l(libshutdown2.o)
    0x08000152   0x08000152   0x00000000   Code   RO         2863    .ARM.Collect$$libshutdown$$0000000F  c_p.l(libshutdown2.o)
    0x08000152   0x08000152   0x00000002   Code   RO         2864    .ARM.Collect$$libshutdown$$00000010  c_p.l(libshutdown2.o)
    0x08000154   0x08000154   0x00000000   Code   RO         2665    .ARM.Collect$$rtentry$$00000000  c_p.l(__rtentry.o)
    0x08000154   0x08000154   0x00000000   Code   RO         2683    .ARM.Collect$$rtentry$$00000002  c_p.l(__rtentry2.o)
    0x08000154   0x08000154   0x00000006   Code   RO         2695    .ARM.Collect$$rtentry$$00000004  c_p.l(__rtentry4.o)
    0x0800015a   0x0800015a   0x00000000   Code   RO         2685    .ARM.Collect$$rtentry$$00000009  c_p.l(__rtentry2.o)
    0x0800015a   0x0800015a   0x00000004   Code   RO         2686    .ARM.Collect$$rtentry$$0000000A  c_p.l(__rtentry2.o)
    0x0800015e   0x0800015e   0x00000000   Code   RO         2688    .ARM.Collect$$rtentry$$0000000C  c_p.l(__rtentry2.o)
    0x0800015e   0x0800015e   0x00000008   Code   RO         2689    .ARM.Collect$$rtentry$$0000000D  c_p.l(__rtentry2.o)
    0x08000166   0x08000166   0x00000002   Code   RO         2872    .ARM.Collect$$rtexit$$00000000  c_p.l(rtexit.o)
    0x08000168   0x08000168   0x00000000   Code   RO         2926    .ARM.Collect$$rtexit$$00000002  c_p.l(rtexit2.o)
    0x08000168   0x08000168   0x00000004   Code   RO         2927    .ARM.Collect$$rtexit$$00000003  c_p.l(rtexit2.o)
    0x0800016c   0x0800016c   0x00000006   Code   RO         2928    .ARM.Collect$$rtexit$$00000004  c_p.l(rtexit2.o)
    0x08000172   0x08000172   0x00000002   PAD
    0x08000174   0x08000174   0x00000000   Code   RO         2932    .emb_text           c_p.l(maybetermalloc1.o)
    0x08000174   0x08000174   0x00000074   Code   RO            4    .text               startup_stm32f042x6.o
    0x080001e8   0x080001e8   0x00000102   Code   RO         2649    .text               c_p.l(lludiv.o)
    0x080002ea   0x080002ea   0x00000002   PAD
    0x080002ec   0x080002ec   0x0000001c   Code   RO         2653    .text               c_p.l(noretval__2printf.o)
    0x08000308   0x08000308   0x00000040   Code   RO         2655    .text               c_p.l(rt_memclr.o)
    0x08000348   0x08000348   0x0000015a   Code   RO         2657    .text               c_p.l(aeabi_sdiv.o)
    0x080004a2   0x080004a2   0x00000006   Code   RO         2661    .text               c_p.l(heapauxi.o)
    0x080004a8   0x080004a8   0x00000028   Code   RO         2674    .text               c_p.l(_printf_char_file.o)
    0x080004d0   0x080004d0   0x00000030   Code   RO         2699    .text               c_p.l(_printf_char_common.o)
    0x08000500   0x08000500   0x00000008   Code   RO         2701    .text               c_p.l(ferror.o)
    0x08000508   0x08000508   0x0000013c   Code   RO         2703    .text               c_p.l(initio.o)
    0x08000644   0x08000644   0x00000066   Code   RO         2709    .text               c_p.l(sys_io.o)
    0x080006aa   0x080006aa   0x0000003e   Code   RO         2716    .text               c_p.l(sys_stackheap_outer.o)
    0x080006e8   0x080006e8   0x0000004c   Code   RO         2721    .text               c_p.l(h1_free.o)
    0x08000734   0x08000734   0x00000024   Code   RO         2775    .text               c_p.l(__printf_nopercent.o)
    0x08000758   0x08000758   0x0000004c   Code   RO         2777    .text               c_p.l(setvbuf.o)
    0x080007a4   0x080007a4   0x000000e8   Code   RO         2780    .text               c_p.l(fopen.o)
    0x0800088c   0x0800088c   0x0000004c   Code   RO         2782    .text               c_p.l(fclose.o)
    0x080008d8   0x080008d8   0x00000010   Code   RO         2788    .text               c_p.l(exit.o)
    0x080008e8   0x080008e8   0x0000000c   Code   RO         2794    .text               c_p.l(defsig_rtred_outer.o)
    0x080008f4   0x080008f4   0x00000008   Code   RO         2865    .text               c_p.l(libspace.o)
    0x080008fc   0x080008fc   0x00000002   Code   RO         2868    .text               c_p.l(use_no_semi.o)
    0x080008fe   0x080008fe   0x00000000   Code   RO         2870    .text               c_p.l(indicate_semi.o)
    0x080008fe   0x080008fe   0x00000002   PAD
    0x08000900   0x08000900   0x00000008   Code   RO         2879    .text               c_p.l(rt_heap_descriptor_intlibspace.o)
    0x08000908   0x08000908   0x00000004   Code   RO         2881    .text               c_p.l(hguard.o)
    0x0800090c   0x0800090c   0x00000088   Code   RO         2883    .text               c_p.l(init_alloc.o)
    0x08000994   0x08000994   0x00000062   Code   RO         2889    .text               c_p.l(h1_alloc.o)
    0x080009f6   0x080009f6   0x00000002   PAD
    0x080009f8   0x080009f8   0x000000f4   Code   RO         2903    .text               c_p.l(fseek.o)
    0x08000aec   0x08000aec   0x000000f0   Code   RO         2905    .text               c_p.l(stdio.o)
    0x08000bdc   0x08000bdc   0x0000000c   Code   RO         2907    .text               c_p.l(defsig_exit.o)
    0x08000be8   0x08000be8   0x00000034   Code   RO         2911    .text               c_p.l(defsig_rtred_inner.o)
    0x08000c1c   0x08000c1c   0x00000044   Code   RO         2913    .text               c_p.l(strlen.o)
    0x08000c60   0x08000c60   0x0000000c   Code   RO         2923    .text               c_p.l(sys_exit.o)
    0x08000c6c   0x08000c6c   0x0000000e   Code   RO         2934    .text               c_p.l(h1_init.o)
    0x08000c7a   0x08000c7a   0x00000034   Code   RO         2936    .text               c_p.l(h1_extend.o)
    0x08000cae   0x08000cae   0x00000042   Code   RO         2942    .text               c_p.l(ftell.o)
    0x08000cf0   0x08000cf0   0x00000034   Code   RO         2946    .text               c_p.l(defsig_general.o)
    0x08000d24   0x08000d24   0x0000000c   Code   RO         2948    .text               c_p.l(defsig_rtmem_outer.o)
    0x08000d30   0x08000d30   0x0000000c   Code   RO         2961    .text               c_p.l(sys_wrch.o)
    0x08000d3c   0x08000d3c   0x00000008   Code   RO         2968    .text               c_p.l(rt_errno_addr_intlibspace.o)
    0x08000d44   0x08000d44   0x00000050   Code   RO         2974    .text               c_p.l(defsig_rtmem_inner.o)
    0x08000d94   0x08000d94   0x00000010   Code   RO          171    i.EXTI0_1_IRQHandler  stm32f0xx_it.o
    0x08000da4   0x08000da4   0x0000000a   Code   RO          172    i.EXTI4_15_IRQHandler  stm32f0xx_it.o
    0x08000dae   0x08000dae   0x00000002   PAD
    0x08000db0   0x08000db0   0x00000024   Code   RO          803    i.HAL_Delay         stm32f0xx_hal.o
    0x08000dd4   0x08000dd4   0x00000002   Code   RO         1475    i.HAL_GPIO_EXTI_Callback  stm32f0xx_hal_gpio.o
    0x08000dd6   0x08000dd6   0x00000002   PAD
    0x08000dd8   0x08000dd8   0x00000018   Code   RO         1476    i.HAL_GPIO_EXTI_IRQHandler  stm32f0xx_hal_gpio.o
    0x08000df0   0x08000df0   0x00000198   Code   RO         1477    i.HAL_GPIO_Init     stm32f0xx_hal_gpio.o
    0x08000f88   0x08000f88   0x00000010   Code   RO         1480    i.HAL_GPIO_TogglePin  stm32f0xx_hal_gpio.o
    0x08000f98   0x08000f98   0x0000000c   Code   RO         1481    i.HAL_GPIO_WritePin  stm32f0xx_hal_gpio.o
    0x08000fa4   0x08000fa4   0x0000000c   Code   RO          807    i.HAL_GetTick       stm32f0xx_hal.o
    0x08000fb0   0x08000fb0   0x00000074   Code   RO         2150    i.HAL_HalfDuplex_Init  stm32f0xx_hal_uart.o
    0x08001024   0x08001024   0x00000010   Code   RO          813    i.HAL_IncTick       stm32f0xx_hal.o
    0x08001034   0x08001034   0x00000020   Code   RO          814    i.HAL_Init          stm32f0xx_hal.o
    0x08001054   0x08001054   0x00000044   Code   RO          815    i.HAL_InitTick      stm32f0xx_hal.o
    0x08001098   0x08001098   0x00000034   Code   RO          230    i.HAL_MspInit       stm32f0xx_hal_msp.o
    0x080010cc   0x080010cc   0x00000018   Code   RO         1636    i.HAL_NVIC_EnableIRQ  stm32f0xx_hal_cortex.o
    0x080010e4   0x080010e4   0x00000008   Code   RO         1640    i.HAL_NVIC_SetPriority  stm32f0xx_hal_cortex.o
    0x080010ec   0x080010ec   0x00000110   Code   RO          618    i.HAL_RCC_ClockConfig  stm32f0xx_hal_rcc.o
    0x080011fc   0x080011fc   0x00000020   Code   RO          625    i.HAL_RCC_GetPCLK1Freq  stm32f0xx_hal_rcc.o
    0x0800121c   0x0800121c   0x00000068   Code   RO          626    i.HAL_RCC_GetSysClockFreq  stm32f0xx_hal_rcc.o
    0x08001284   0x08001284   0x00000404   Code   RO          629    i.HAL_RCC_OscConfig  stm32f0xx_hal_rcc.o
    0x08001688   0x08001688   0x000000ee   Code   RO          285    i.HAL_SPI_Init      stm32f0xx_hal_spi.o
    0x08001776   0x08001776   0x00000002   PAD
    0x08001778   0x08001778   0x0000005c   Code   RO          232    i.HAL_SPI_MspInit   stm32f0xx_hal_msp.o
    0x080017d4   0x080017d4   0x00000030   Code   RO         1644    i.HAL_SYSTICK_Config  stm32f0xx_hal_cortex.o
    0x08001804   0x08001804   0x0000005c   Code   RO          234    i.HAL_UART_MspInit  stm32f0xx_hal_msp.o
    0x08001860   0x08001860   0x000000c0   Code   RO         2186    i.HAL_UART_Transmit  stm32f0xx_hal_uart.o
    0x08001920   0x08001920   0x00000002   Code   RO          173    i.HardFault_Handler  stm32f0xx_it.o
    0x08001922   0x08001922   0x00000002   PAD
    0x08001924   0x08001924   0x000000f0   Code   RO           13    i.MX_GPIO_Init      main.o
    0x08001a14   0x08001a14   0x0000004c   Code   RO           14    i.MX_SPI1_Init      main.o
    0x08001a60   0x08001a60   0x00000038   Code   RO           15    i.MX_USART2_UART_Init  main.o
    0x08001a98   0x08001a98   0x00000002   Code   RO          174    i.NMI_Handler       stm32f0xx_it.o
    0x08001a9a   0x08001a9a   0x00000002   Code   RO          175    i.PendSV_Handler    stm32f0xx_it.o
    0x08001a9c   0x08001a9c   0x00000002   Code   RO          176    i.SVC_Handler       stm32f0xx_it.o
    0x08001a9e   0x08001a9e   0x00000008   Code   RO          177    i.SysTick_Handler   stm32f0xx_it.o
    0x08001aa6   0x08001aa6   0x0000004e   Code   RO           16    i.SystemClock_Config  main.o
    0x08001af4   0x08001af4   0x00000002   Code   RO         2614    i.SystemInit        system_stm32f0xx.o
    0x08001af6   0x08001af6   0x000000ca   Code   RO         2191    i.UART_AdvFeatureConfig  stm32f0xx_hal_uart.o
    0x08001bc0   0x08001bc0   0x000000c4   Code   RO         2192    i.UART_CheckIdleState  stm32f0xx_hal_uart.o
    0x08001c84   0x08001c84   0x00000060   Code   RO         2203    i.UART_EndRxTransfer  stm32f0xx_hal_uart.o
    0x08001ce4   0x08001ce4   0x00000130   Code   RO         2207    i.UART_SetConfig    stm32f0xx_hal_uart.o
    0x08001e14   0x08001e14   0x0000008a   Code   RO         2212    i.UART_WaitOnFlagUntilTimeout  stm32f0xx_hal_uart.o
    0x08001e9e   0x08001e9e   0x00000030   Code   RO          704    i.__ARM_common_ll_muluu  stm32f0xx_hal_rcc.o
    0x08001ece   0x08001ece   0x00000002   PAD
    0x08001ed0   0x08001ed0   0x00000044   Code   RO         1646    i.__NVIC_SetPriority  stm32f0xx_hal_cortex.o
    0x08001f14   0x08001f14   0x00000018   Code   RO           17    i.fputc             main.o
    0x08001f2c   0x08001f2c   0x00000044   Code   RO           18    i.main              main.o
    0x08001f70   0x08001f70   0x00000020   Data   RO          630    .constdata          stm32f0xx_hal_rcc.o
    0x08001f90   0x08001f90   0x00000010   Data   RO         2615    .constdata          system_stm32f0xx.o
    0x08001fa0   0x08001fa0   0x00000008   Data   RO         2616    .constdata          system_stm32f0xx.o
    0x08001fa8   0x08001fa8   0x00000004   Data   RO         2710    .constdata          c_p.l(sys_io.o)
    0x08001fac   0x08001fac   0x00000004   Data   RO         2711    .constdata          c_p.l(sys_io.o)
    0x08001fb0   0x08001fb0   0x00000004   Data   RO         2712    .constdata          c_p.l(sys_io.o)
    0x08001fb4   0x08001fb4   0x00000020   Data   RO         2997    Region$$Table       anon$$obj.o


    Execution Region RW_IRAM1 (Exec base: 0x20000000, Load base: 0x08001fd4, Size: 0x00000868, Max: 0x00001800, ABSOLUTE)

    Exec Addr    Load Addr    Size         Type   Attr      Idx    E Section Name        Object

    0x20000000   0x08001fd4   0x0000000c   Data   RW          821    .data               stm32f0xx_hal.o
    0x2000000c   0x08001fe0   0x00000004   Data   RW         2617    .data               system_stm32f0xx.o
    0x20000010   0x08001fe4   0x00000004   Data   RW         2679    .data               c_p.l(stdio_streams.o)
    0x20000014   0x08001fe8   0x00000004   Data   RW         2680    .data               c_p.l(stdio_streams.o)
    0x20000018   0x08001fec   0x00000004   Data   RW         2681    .data               c_p.l(stdio_streams.o)
    0x2000001c        -       0x000000ec   Zero   RW           19    .bss                main.o
    0x20000108        -       0x00000054   Zero   RW         2676    .bss                c_p.l(stdio_streams.o)
    0x2000015c        -       0x00000054   Zero   RW         2677    .bss                c_p.l(stdio_streams.o)
    0x200001b0        -       0x00000054   Zero   RW         2678    .bss                c_p.l(stdio_streams.o)
    0x20000204        -       0x00000060   Zero   RW         2866    .bss                c_p.l(libspace.o)
    0x20000264   0x08001ff0   0x00000004   PAD
    0x20000268        -       0x00000200   Zero   RW            2    HEAP                startup_stm32f042x6.o
    0x20000468        -       0x00000400   Zero   RW            1    STACK               startup_stm32f042x6.o


==============================================================================

Image component sizes


      Code (inc. data)   RO Data    RW Data    ZI Data      Debug   Object Name

       542         52          0          0        236     432639   main.o
       116         56        192          0       1536        660   startup_stm32f042x6.o
       164         30          0         12          0       8617   stm32f0xx_hal.o
       148         24          0          0          0      10285   stm32f0xx_hal_cortex.o
       462         28          0          0          0       3777   stm32f0xx_hal_gpio.o
       236         24          0          0          0       2179   stm32f0xx_hal_msp.o
      1484         66         32          0          0       4805   stm32f0xx_hal_rcc.o
       238          0          0          0          0       1215   stm32f0xx_hal_spi.o
      1244         30          0          0          0      10383   stm32f0xx_hal_uart.o
        42          0          0          0          0       3018   stm32f0xx_it.o
         2          0         24          4          0       1099   system_stm32f0xx.o

    ----------------------------------------------------------------------
      4688        310        280         16       1772     478677   Object Totals
         0          0         32          0          0          0   (incl. Generated)
        10          0          0          0          0          0   (incl. Padding)

    ----------------------------------------------------------------------

      Code (inc. data)   RO Data    RW Data    ZI Data      Debug   Library Member Name

         8          0          0          0          0         68   __main.o
        36          0          0          0          0         76   __printf_nopercent.o
         0          0          0          0          0          0   __rtentry.o
        12          0          0          0          0          0   __rtentry2.o
         6          0          0          0          0          0   __rtentry4.o
        60          8          0          0          0          0   __scatter.o
        26          0          0          0          0          0   __scatter_copy.o
        28          0          0          0          0          0   __scatter_zi.o
        48          6          0          0          0         88   _printf_char_common.o
        40          6          0          0          0         72   _printf_char_file.o
       346          0          0          0          0         92   aeabi_sdiv.o
        12          0          0          0          0         68   defsig_exit.o
        52          0          0          0          0         72   defsig_general.o
        80         58          0          0          0         68   defsig_rtmem_inner.o
        12          0          0          0          0         68   defsig_rtmem_outer.o
        52         38          0          0          0         68   defsig_rtred_inner.o
        12          0          0          0          0         68   defsig_rtred_outer.o
        16          0          0          0          0         68   exit.o
        76          4          0          0          0         76   fclose.o
         8          0          0          0          0         60   ferror.o
       232          8          0          0          0        108   fopen.o
       244          4          0          0          0         76   fseek.o
        66          0          0          0          0         68   ftell.o
        98          0          0          0          0         72   h1_alloc.o
        52          0          0          0          0         68   h1_extend.o
        76          0          0          0          0         72   h1_free.o
        14          0          0          0          0         76   h1_init.o
         6          0          0          0          0        136   heapauxi.o
         4          0          0          0          0        120   hguard.o
         0          0          0          0          0          0   indicate_semi.o
       136          0          0          0          0        160   init_alloc.o
       316         44          0          0          0         96   initio.o
         2          0          0          0          0          0   libinit.o
        14          0          0          0          0          0   libinit2.o
         2          0          0          0          0          0   libshutdown.o
         6          0          0          0          0          0   libshutdown2.o
         8          4          0          0         96         68   libspace.o
       258          0          0          0          0         88   lludiv.o
         0          0          0          0          0          0   maybetermalloc1.o
        28          6          0          0          0         84   noretval__2printf.o
         8          4          0          0          0         68   rt_errno_addr_intlibspace.o
         8          4          0          0          0         68   rt_heap_descriptor_intlibspace.o
        64          0          0          0          0        108   rt_memclr.o
         2          0          0          0          0          0   rtexit.o
        10          0          0          0          0          0   rtexit2.o
        76          4          0          0          0         72   setvbuf.o
       240          8          0          0          0        144   stdio.o
         0          0          0         12        252          0   stdio_streams.o
        68          6          0          0          0         72   strlen.o
        12          4          0          0          0         60   sys_exit.o
       102          0         12          0          0        232   sys_io.o
        62          0          0          0          0         80   sys_stackheap_outer.o
        12          0          0          0          0         68   sys_wrch.o
         2          0          0          0          0         68   use_no_semi.o

    ----------------------------------------------------------------------
      3168        216         12         12        352       3344   Library Totals
        10          0          0          0          4          0   (incl. Padding)

    ----------------------------------------------------------------------

      Code (inc. data)   RO Data    RW Data    ZI Data      Debug   Library Name

      3158        216         12         12        348       3344   c_p.l

    ----------------------------------------------------------------------
      3168        216         12         12        352       3344   Library Totals

    ----------------------------------------------------------------------

==============================================================================


      Code (inc. data)   RO Data    RW Data    ZI Data      Debug   

      7856        526        292         28       2124     478649   Grand Totals
      7856        526        292         28       2124     478649   ELF Image Totals
      7856        526        292         28          0          0   ROM Totals

==============================================================================

    Total RO  Size (Code + RO Data)                 8148 (   7.96kB)
    Total RW  Size (RW Data + ZI Data)              2152 (   2.10kB)
    Total ROM Size (Code + RO Data + RW Data)       8176 (   7.98kB)

==============================================================================

